libo@libo-OptiPlex-990:~/Desktop$ cd ~
libo@libo-OptiPlex-990:~$ ls -al
总用量 2575372
drwxr-xr-x 49 libo libo       4096  3月 18 19:07 .
drwxr-xr-x  4 root root       4096  1月 28 16:54 ..
drwxr-x---  2 libo libo       4096 12月 10 14:30 .android
drwxrwxr-x  3 libo libo       4096  3月  3 11:03 .astah
-rw-------  1 libo libo      34017  3月 18 19:06 .bash_history
-rw-r--r--  1 libo libo        220 11月 21 02:15 .bash_logout
-rw-r--r--  1 libo libo       4073  3月 18 10:15 .bashrc
-rw-r--r--  1 libo libo       4077 12月 25 16:53 .bashrc~
drwxrwxr-x  2 libo libo       4096  3月 18 16:47 .beyondcompare
drwxrwxr-x  2 libo libo       4096  1月 30 10:56 build-square-Desktop_Qt_5_4_2_GCC_64bit-Debug
drwx------ 26 libo libo       4096  3月 17 17:09 .cache
-rw-rw-r--  1 libo libo 2604238848  1月 13  2010 cn_windows_7_professional_x86_dvd_x15-65790.iso
drwxrwxr-x  2 libo libo       4096  1月 18 19:47 CodeCheckWebsite
drwx------  3 libo libo       4096 11月 20 18:47 .compiz
drwx------ 30 libo libo       4096  3月 18 20:50 .config
drwx------  3 libo libo       4096 11月 20 19:00 .dbus
drwxrwxr-x  2 libo libo       4096 11月 27 15:05 deja-dup
drwxrwxr-x  3 libo libo       4096  1月 30 11:32 .designer
drwxr-xr-x 40 libo libo       4096  3月 18 20:31 Desktop
-rw-r--r--  1 libo libo         25 11月 21 02:38 .dmrc
drwxr-xr-x  2 libo libo       4096  3月 17 21:20 Documents
drwxr-xr-x  6 libo libo       4096  3月 15 11:05 Downloads
drwxrwxr-x  5 libo libo       4096  1月 29 20:41 English abstract
-rw-r--r--  1 libo libo       8980 11月 21 02:15 examples.desktop
drwx------  2 libo libo       4096  1月 25 19:33 .freerdp
drwx------  4 libo libo       4096  3月 18 19:07 .gconf
drwxrwxr-x  9 libo libo       4096 11月 21 16:27 gcovr-3.2
-rw-r-----  1 libo libo     343748 11月 21 16:25 gcovr-3.2.tar.gz
drwxrwxr-x 15 libo libo       4096 11月 21 17:11 gdb-7.7
-rw-rw-r--  1 libo libo   32236190  9月 17  2014 gdb-7.7.tar.gz
drwxr-xr-x 24 libo libo       4096  3月 18 20:13 .gimp-2.8
-rw-rw-r--  1 libo libo        111 11月 23 10:09 .gitconfig
drwx------  3 libo libo       4096  3月 18 19:05 .gnome2
drwx------  2 libo libo       4096 11月 21 09:46 .gnome2_private
drwxrwxr-x  2 libo libo       4096 12月 20 10:04 .gstreamer-0.10
-rw-------  1 libo libo      26434  3月 18 19:07 .ICEauthority
drwxrwxr-x  3 libo libo       4096  3月  3 11:03 .java
lrwxrwxrwx  1 root root         39 11月 20 20:54 libGL.so.1 -> /usr/lib/i386-linux-gnu/mesa/libGL.so.1
-rw-rw-r--  1 libo libo       1121  2月 24 11:16 libo.txt
drwxr-xr-x  3 libo libo       4096 11月 21 02:38 .local
drwxrwxr-x  2 libo libo       4096  2月  4 10:29 mianji
drwxrwxr-x  2 libo libo       4096  2月  3 12:22 Movies
drwx------  4 libo libo       4096 11月 20 19:10 .mozilla
drwxr-xr-x  2 libo libo       4096 11月 21 02:38 Music
-rw-r--r--  1 libo libo        267 11月 20 18:46 .pam_environment
drwxr-xr-x  2 libo libo       4096  1月 21 17:33 Pictures
drwx------  3 libo libo       4096 11月 20 19:15 .pki
-rw-r--r--  1 libo libo        675 11月 21 02:15 .profile
drwxr-xr-x  2 libo libo       4096 11月 21 02:38 Public
drwx------  6 libo libo       4096  1月 20 22:09 .purple
drwxrwxr-x  2 libo libo       4096 11月 21 11:44 .qt
drwxrwxr-x  8 libo libo       4096 11月 21 11:10 Qt5.4.2
drwxrwxr-x  4 libo libo       4096  2月  4 10:31 Qt5代码
-rwxr-xr-x  1 libo libo        449 12月 10 14:32 rc.local
drwx------  2 libo libo       4096  3月 18 10:21 .remmina
drwxrwxr-x  3 libo libo       4096 11月 23 12:24 .repoconfig
-rw-rw-r--  1 libo libo        196 11月 23 10:09 .repo_.gitconfig.json
-rw-rw-r--  1 libo libo        148 11月 23 12:24 .repopickle_.gitconfig
drwx------  2 libo libo       4096 11月 23 11:53 .ssh
drwxrwxr-x  3 libo libo       4096  1月  4 15:48 .subversion
drwxr-xr-x  2 libo libo       4096 11月 21 02:38 Templates
drwx------  3 libo libo       4096 11月 30 15:20 .thumbnails
drwx------  3 libo libo       4096 11月 20 19:18 .thunderbird
drwxr-xr-x  2 libo libo       4096 11月 21 02:38 Videos
-rw-------  1 libo libo       5449  3月 10 21:10 .viminfo
drwxrwxr-x  3 libo libo       4096 11月 21 15:19 VirtualBox VMs
drwx------  4 libo libo       4096  1月 25 20:18 .vnc
-rw-------  1 libo libo        235  3月 18 19:07 .Xauthority
-rw-rw-r--  1 libo libo        132 11月 20 19:01 .xinputrc
-rw-------  1 libo libo        854  3月 18 19:07 .xsession-errors
-rw-------  1 libo libo       1000  3月 18 19:06 .xsession-errors.old
drwxrwxr-x  8 libo libo       4096 12月  4 19:15 古龙小说全集txt
libo@libo-OptiPlex-990:~$ cd .ssh
libo@libo-OptiPlex-990:~/.ssh$ ls
config  id_rsa  id_rsa.pub  known_hosts
libo@libo-OptiPlex-990:~/.ssh$ vi id_rsa.pub 
libo@libo-OptiPlex-990:~/.ssh$ cd ~
libo@libo-OptiPlex-990:~$ https://github.com/lb2616/Adress-management.git
bash: https://github.com/lb2616/Adress-management.git: 没有那个文件或目录
libo@libo-OptiPlex-990:~$ git clone https://github.com/lb2616/Adress-management.git
正克隆到 'Adress-management'...
warning: 您似乎克隆了一个空版本库。
检查连接... 完成。
libo@libo-OptiPlex-990:~$ cd Adress-management/
libo@libo-OptiPlex-990:~/Adress-management$ ls 
libo@libo-OptiPlex-990:~/Adress-management$ git status
位于分支 master

初始提交

无文件要提交（创建/拷贝文件并使用 "git add" 建立跟踪）
libo@libo-OptiPlex-990:~/Adress-management$ cp ~/Desktop/thesis .
cp: 略过目录"/home/libo/Desktop/thesis"
libo@libo-OptiPlex-990:~/Adress-management$ cp -rf ~/Desktop/thesis .
libo@libo-OptiPlex-990:~/Adress-management$ git status
位于分支 master

初始提交

未跟踪的文件:
  （使用 "git add <file>..." 以包含要提交的内容）

	thesis/

提交为空，但是存在尚未跟踪的文件（使用 "git add" 建立跟踪）
libo@libo-OptiPlex-990:~/Adress-management$ git add thesis/
fatal: CRLF would be replaced by LF in thesis/辅助测试函数/计算机二级链表,递归,进制转换/26个字母个数统计.c~.
libo@libo-OptiPlex-990:~/Adress-management$ cd thesis/
libo@libo-OptiPlex-990:~/Adress-management/thesis$ ls
addrdatabase  addrlogic.h       addrui.h                       logintable.txt~                 辅助测试函数
addrdata.c    addrlogic.h~      addrui.h~                      project_demo                    删除做成版本
addrdata.c~   addrmain.c        Deletepersoninfo.txt           testdatabase                    无标题文档
addrdata.h    addrmain.c~       Deletepersoninfo.txt~          thesis                          无标题文档~
addrdata.h~   addrtestdatabase  introduce.txt                  user_version_problem.txt        职工管理系统.txt
addrlogic.c   addrui.c          linux系统字体背景颜色说明.txt  user_version_problem.txt~       职工管理系统.txt~
addrlogic.c~  addrui.c~         logintable.txt                 车牌号码前面的英文字母排序.doc
libo@libo-OptiPlex-990:~/Adress-management/thesis$ git add *
fatal: CRLF would be replaced by LF in thesis/辅助测试函数/计算机二级链表,递归,进制转换/26个字母个数统计.c~.
libo@libo-OptiPlex-990:~/Adress-management/thesis$ rm *.txt~
libo@libo-OptiPlex-990:~/Adress-management/thesis$ ls
addrdatabase  addrlogic.c   addrmain.c~       addrui.h~                      project_demo                    辅助测试函数
addrdata.c    addrlogic.c~  addrtestdatabase  Deletepersoninfo.txt           testdatabase                    删除做成版本
addrdata.c~   addrlogic.h   addrui.c          introduce.txt                  thesis                          无标题文档
addrdata.h    addrlogic.h~  addrui.c~         linux系统字体背景颜色说明.txt  user_version_problem.txt        无标题文档~
addrdata.h~   addrmain.c    addrui.h          logintable.txt                 车牌号码前面的英文字母排序.doc  职工管理系统.txt
libo@libo-OptiPlex-990:~/Adress-management/thesis$ rm *.c!
rm: 无法删除"*.c!": 没有那个文件或目录
libo@libo-OptiPlex-990:~/Adress-management/thesis$ rm *.c~
libo@libo-OptiPlex-990:~/Adress-management/thesis$ ls
addrdatabase  addrlogic.h~      Deletepersoninfo.txt           thesis                          无标题文档~
addrdata.c    addrmain.c        introduce.txt                  user_version_problem.txt        职工管理系统.txt
addrdata.h    addrtestdatabase  linux系统字体背景颜色说明.txt  车牌号码前面的英文字母排序.doc
addrdata.h~   addrui.c          logintable.txt                 辅助测试函数
addrlogic.c   addrui.h          project_demo                   删除做成版本
addrlogic.h   addrui.h~         testdatabase                   无标题文档
libo@libo-OptiPlex-990:~/Adress-management/thesis$ ls
addrdatabase  addrlogic.h~      Deletepersoninfo.txt           thesis                          无标题文档~
addrdata.c    addrmain.c        introduce.txt                  user_version_problem.txt        职工管理系统.txt
addrdata.h    addrtestdatabase  linux系统字体背景颜色说明.txt  车牌号码前面的英文字母排序.doc
addrdata.h~   addrui.c          logintable.txt                 辅助测试函数
addrlogic.c   addrui.h          project_demo                   删除做成版本
addrlogic.h   addrui.h~         testdatabase                   无标题文档
libo@libo-OptiPlex-990:~/Adress-management/thesis$ rm *.h~
libo@libo-OptiPlex-990:~/Adress-management/thesis$ ls
addrdatabase  addrlogic.h       addrui.h                       logintable.txt  user_version_problem.txt        无标题文档
addrdata.c    addrmain.c        Deletepersoninfo.txt           project_demo    车牌号码前面的英文字母排序.doc  无标题文档~
addrdata.h    addrtestdatabase  introduce.txt                  testdatabase    辅助测试函数                    职工管理系统.txt
addrlogic.c   addrui.c          linux系统字体背景颜色说明.txt  thesis          删除做成版本
libo@libo-OptiPlex-990:~/Adress-management/thesis$ git add *
fatal: CRLF would be replaced by LF in thesis/辅助测试函数/计算机二级链表,递归,进制转换/26个字母个数统计.c~.
libo@libo-OptiPlex-990:~/Adress-management/thesis$ cd 辅助测试函数
libo@libo-OptiPlex-990:~/Adress-management/thesis/辅助测试函数$ ls
a.c              colorful         deletenode_test.c   dynamic.c~    int_string.c~  test_c_or_c++.c  计算机二级链表,递归,进制转换
change_color     colorful.c       deletenode_test.c~  dynamic.o     libncurses     twhile.c         文件判空
change_color.c   colorful.c~      dynamic             int_string    string.c       调试函数         职工管理系统.txt
change_color.c~  deletenode_test  dynamic.c           int_string.c  test.c         格式.txt
libo@libo-OptiPlex-990:~/Adress-management/thesis/辅助测试函数$ rm *.c ~ *.txt~
rm: 无法删除"/home/libo": 是一个目录
rm: 无法删除"*.txt~": 没有那个文件或目录
libo@libo-OptiPlex-990:~/Adress-management/thesis/辅助测试函数$ rm *.c~
libo@libo-OptiPlex-990:~/Adress-management/thesis/辅助测试函数$ ls
change_color  deletenode_test  dynamic.o   libncurses  格式.txt                      文件判空
colorful      dynamic          int_string  调试函数    计算机二级链表,递归,进制转换  职工管理系统.txt
libo@libo-OptiPlex-990:~/Adress-management/thesis/辅助测试函数$ cd ..
libo@libo-OptiPlex-990:~/Adress-management/thesis$ cd ..
libo@libo-OptiPlex-990:~/Adress-management$ git add *
fatal: CRLF would be replaced by LF in thesis/辅助测试函数/计算机二级链表,递归,进制转换/26个字母个数统计.c~.
libo@libo-OptiPlex-990:~/Adress-management$ cd thesis/辅助测试函数/
libo@libo-OptiPlex-990:~/Adress-management/thesis/辅助测试函数$ ls
change_color  deletenode_test  dynamic.o   libncurses  格式.txt                      文件判空
colorful      dynamic          int_string  调试函数    计算机二级链表,递归,进制转换  职工管理系统.txt
libo@libo-OptiPlex-990:~/Adress-management/thesis/辅助测试函数$ rm 计算机二级链表,递归,进制转换/26个字母个数统计.c~
libo@libo-OptiPlex-990:~/Adress-management/thesis/辅助测试函数$ cd ../..
libo@libo-OptiPlex-990:~/Adress-management$ git status
位于分支 master

初始提交

未跟踪的文件:
  （使用 "git add <file>..." 以包含要提交的内容）

	thesis/

提交为空，但是存在尚未跟踪的文件（使用 "git add" 建立跟踪）
libo@libo-OptiPlex-990:~/Adress-management$ git add thesis/
fatal: CRLF would be replaced by LF in thesis/辅助测试函数/计算机二级链表,递归,进制转换/排序/选择排序.c.
libo@libo-OptiPlex-990:~/Adress-management$ dos2unix thesis/辅助测试函数/计算机二级链表,递归,进制转换/排序/选择排序.c
dos2unix: converting file thesis/辅助测试函数/计算机二级链表,递归,进制转换/排序/选择排序.c to Unix format ...
libo@libo-OptiPlex-990:~/Adress-management$ git add *
fatal: CRLF would be replaced by LF in thesis/辅助测试函数/计算机二级链表,递归,进制转换/数组类/26个字母个数统计.c.
libo@libo-OptiPlex-990:~/Adress-management$ dos2unix thesis/辅助测试函数/计算机二级链表,递归,进制转换/数组类/26个字母个数统计.c
dos2unix: converting file thesis/辅助测试函数/计算机二级链表,递归,进制转换/数组类/26个字母个数统计.c to Unix format ...
libo@libo-OptiPlex-990:~/Adress-management$ git add *
fatal: CRLF would be replaced by LF in thesis/辅助测试函数/计算机二级链表,递归,进制转换/选择排序.c~.
libo@libo-OptiPlex-990:~/Adress-management$ rm thesis/辅助测试函数/计算机二级链表,递归,进制转换/选择排序.c~
libo@libo-OptiPlex-990:~/Adress-management$ git add *
libo@libo-OptiPlex-990:~/Adress-management$ git status
位于分支 master

初始提交

要提交的变更：
  （使用 "git rm --cached <file>..." 撤出暂存区）

	新文件:       thesis/Deletepersoninfo.txt
	新文件:       thesis/addrdata.c
	新文件:       thesis/addrdata.h
	新文件:       thesis/addrdatabase/database.c
	新文件:       thesis/addrdatabase/database.c~
	新文件:       thesis/addrdatabase/database.h
	新文件:       thesis/addrdatabase/database.h~
	新文件:       thesis/addrlogic.c
	新文件:       thesis/addrlogic.h
	新文件:       thesis/addrmain.c
	新文件:       thesis/addrtestdatabase/database
	新文件:       thesis/addrtestdatabase/database.c
	新文件:       thesis/addrtestdatabase/database.c~
	新文件:       thesis/addrtestdatabase/database.h
	新文件:       thesis/addrtestdatabase/database.h~
	新文件:       "thesis/addrtestdatabase/\350\201\214\345\267\245\347\256\241\347\220\206\347\263\273\347\273\237.txt"
	新文件:       thesis/addrui.c
	新文件:       thesis/addrui.h
	新文件:       thesis/introduce.txt
	新文件:       "thesis/linux\347\263\273\347\273\237\345\255\227\344\275\223\350\203\214\346\231\257\351\242\234\350\211\262\350\257\264\346\230\216.txt"
	新文件:       thesis/logintable.txt
	新文件:       "thesis/project_demo/.~lock.\350\201\214\345\267\245\347\256\241\347\220\206\347\263\273\347\273\237.docx#"
	新文件:       thesis/project_demo/1
	新文件:       thesis/project_demo/1.c
	新文件:       thesis/project_demo/2
	新文件:       thesis/project_demo/2.c
	新文件:       thesis/project_demo/data.c
	新文件:       thesis/project_demo/data.h
	新文件:       thesis/project_demo/logic.c
	新文件:       thesis/project_demo/logic.h
	新文件:       thesis/project_demo/main
	新文件:       thesis/project_demo/main.c
	新文件:       thesis/project_demo/main.c~
	新文件:       thesis/project_demo/make~
	新文件:       thesis/project_demo/note
	新文件:       thesis/project_demo/ui.c
	新文件:       thesis/project_demo/ui.h
	新文件:       "thesis/project_demo/\342\225\254\342\226\220\342\226\222\321\212\342\225\240\321\202\342\225\254\342\224\200\342\225\241\342\225\241~"
	新文件:       "thesis/project_demo/\350\201\214\345\267\245\347\256\241\347\220\206\347\263\273\347\273\237.docx"
	新文件:       "thesis/project_demo/\350\201\214\345\267\245\347\256\241\347\220\206\347\263\273\347\273\237.odt"
	新文件:       "thesis/project_demo/\350\201\214\345\267\245\347\256\241\347\220\206\347\263\273\347\273\237.pptx"
	新文件:       "thesis/project_demo/\350\201\214\345\267\245\347\256\241\347\220\206\347\263\273\347\273\237.txt"
	新文件:       "thesis/project_demo/\350\201\214\345\267\245\347\256\241\347\220\206\347\263\273\347\273\23712.odt"
	新文件:       thesis/testdatabase/database
	新文件:       thesis/testdatabase/database.c
	新文件:       thesis/testdatabase/database.c~
	新文件:       thesis/testdatabase/database.h
	新文件:       thesis/testdatabase/database.h~
	新文件:       "thesis/testdatabase/\350\201\214\345\267\245\347\256\241\347\220\206\347\263\273\347\273\237.txt"
	新文件:       thesis/thesis
	新文件:       thesis/user_version_problem.txt
	新文件:       "thesis/\345\210\240\351\231\244\345\201\232\346\210\220\347\211\210\346\234\254/Deletepersoninfo.txt"
	新文件:       "thesis/\345\210\240\351\231\244\345\201\232\346\210\220\347\211\210\346\234\254/addrdata.c"
	新文件:       "thesis/\345\210\240\351\231\244\345\201\232\346\210\220\347\211\210\346\234\254/addrdata.h"
	新文件:       "thesis/\345\210\240\351\231\244\345\201\232\346\210\220\347\211\210\346\234\254/addrlogic.c"
	新文件:       "thesis/\345\210\240\351\231\244\345\201\232\346\210\220\347\211\210\346\234\254/addrlogic.h"
	新文件:       "thesis/\345\210\240\351\231\244\345\201\232\346\210\220\347\211\210\346\234\254/addrmain.c"
	新文件:       "thesis/\345\210\240\351\231\244\345\201\232\346\210\220\347\211\210\346\234\254/addrui.c"
	新文件:       "thesis/\345\210\240\351\231\244\345\201\232\346\210\220\347\211\210\346\234\254/addrui.h"
	新文件:       "thesis/\345\210\240\351\231\244\345\201\232\346\210\220\347\211\210\346\234\254/thesis"
	新文件:       "thesis/\345\210\240\351\231\244\345\201\232\346\210\220\347\211\210\346\234\254/\350\201\214\345\267\245\347\256\241\347\220\206\347\263\273\347\273\237 (\345\244\215\344\273\266).txt"
	新文件:       "thesis/\345\210\240\351\231\244\345\201\232\346\210\220\347\211\210\346\234\254/\350\201\214\345\267\245\347\256\241\347\220\206\347\263\273\347\273\237.txt"
	新文件:       "thesis/\345\210\240\351\231\244\345\201\232\346\210\220\347\211\210\346\234\254/\350\201\214\345\267\245\347\256\241\347\220\206\347\263\273\347\273\237.txt~"
	新文件:       "thesis/\346\227\240\346\240\207\351\242\230\346\226\207\346\241\243"
	新文件:       "thesis/\346\227\240\346\240\207\351\242\230\346\226\207\346\241\243~"
	新文件:       "thesis/\350\201\214\345\267\245\347\256\241\347\220\206\347\263\273\347\273\237.txt"
	新文件:       "thesis/\350\275\246\347\211\214\345\217\267\347\240\201\345\211\215\351\235\242\347\232\204\350\213\261\346\226\207\345\255\227\346\257\215\346\216\222\345\272\217.doc"
	新文件:       "thesis/\350\276\205\345\212\251\346\265\213\350\257\225\345\207\275\346\225\260/change_color"
	新文件:       "thesis/\350\276\205\345\212\251\346\265\213\350\257\225\345\207\275\346\225\260/colorful"
	新文件:       "thesis/\350\276\205\345\212\251\346\265\213\350\257\225\345\207\275\346\225\260/deletenode_test"
	新文件:       "thesis/\350\276\205\345\212\251\346\265\213\350\257\225\345\207\275\346\225\260/dynamic"
	新文件:       "thesis/\350\276\205\345\212\251\346\265\213\350\257\225\345\207\275\346\225\260/dynamic.o"
	新文件:       "thesis/\350\276\205\345\212\251\346\265\213\350\257\225\345\207\275\346\225\260/int_string"
	新文件:       "thesis/\350\276\205\345\212\251\346\265\213\350\257\225\345\207\275\346\225\260/libncurses/lcurses.txt"
	新文件:       "thesis/\350\276\205\345\212\251\346\265\213\350\257\225\345\207\275\346\225\260/libncurses/test"
	新文件:       "thesis/\350\276\205\345\212\251\346\265\213\350\257\225\345\207\275\346\225\260/libncurses/test.c"
	新文件:       "thesis/\350\276\205\345\212\251\346\265\213\350\257\225\345\207\275\346\225\260/libncurses/test.c~"
	新文件:       "thesis/\350\276\205\345\212\251\346\265\213\350\257\225\345\207\275\346\225\260/libncurses/\346\227\240\346\240\207\351\242\230\346\226\207\346\241\243~"
	新文件:       "thesis/\350\276\205\345\212\251\346\265\213\350\257\225\345\207\275\346\225\260/\346\226\207\344\273\266\345\210\244\347\251\272/Linklist.c"
	新文件:       "thesis/\350\276\205\345\212\251\346\265\213\350\257\225\345\207\275\346\225\260/\346\240\274\345\274\217.txt"
	新文件:       "thesis/\350\276\205\345\212\251\346\265\213\350\257\225\345\207\275\346\225\260/\350\201\214\345\267\245\347\256\241\347\220\206\347\263\273\347\273\237.txt"
	新文件:       "thesis/\350\276\205\345\212\251\346\265\213\350\257\225\345\207\275\346\225\260/\350\256\241\347\256\227\346\234\272\344\272\214\347\272\247\351\223\276\350\241\250,\351\200\222\345\275\222,\350\277\233\345\210\266\350\275\254\346\215\242/10\350\277\233\345\210\266\346\225\260\350\275\254\344\273\273\346\204\217\350\277\233\345\210\266.c~"
	新文件:       "thesis/\350\276\205\345\212\251\346\265\213\350\257\225\345\207\275\346\225\260/\350\256\241\347\256\227\346\234\272\344\272\214\347\272\247\351\223\276\350\241\250,\351\200\222\345\275\222,\350\277\233\345\210\266\350\275\254\346\215\242/16\350\277\233\345\210\266\350\275\25410\350\277\233\345\210\266.c~"
	新文件:       "thesis/\350\276\205\345\212\251\346\265\213\350\257\225\345\207\275\346\225\260/\350\256\241\347\256\227\346\234\272\344\272\214\347\272\247\351\223\276\350\241\250,\351\200\222\345\275\222,\350\277\233\345\210\266\350\275\254\346\215\242/\345\205\266\344\273\226/exchange"
	新文件:       "thesis/\350\276\205\345\212\251\346\265\213\350\257\225\345\207\275\346\225\260/\350\256\241\347\256\227\346\234\272\344\272\214\347\272\247\351\223\276\350\241\250,\351\200\222\345\275\222,\350\277\233\345\210\266\350\275\254\346\215\242/\345\205\266\344\273\226/minimal"
	新文件:       "thesis/\350\276\205\345\212\251\346\265\213\350\257\225\345\207\275\346\225\260/\350\256\241\347\256\227\346\234\272\344\272\214\347\272\247\351\223\276\350\241\250,\351\200\222\345\275\222,\350\277\233\345\210\266\350\275\254\346\215\242/\345\205\266\344\273\226/prime"
	新文件:       "thesis/\350\276\205\345\212\251\346\265\213\350\257\225\345\207\275\346\225\260/\350\256\241\347\256\227\346\234\272\344\272\214\347\272\247\351\223\276\350\241\250,\351\200\222\345\275\222,\350\277\233\345\210\266\350\275\254\346\215\242/\345\205\266\344\273\226/\344\272\214\347\273\264\346\225\260\347\273\204.c~"
	新文件:       "thesis/\350\276\205\345\212\251\346\265\213\350\257\225\345\207\275\346\225\260/\350\256\241\347\256\227\346\234\272\344\272\214\347\272\247\351\223\276\350\241\250,\351\200\222\345\275\222,\350\277\233\345\210\266\350\275\254\346\215\242/\345\205\266\344\273\226/\346\214\211\346\235\241\344\273\266\346\215\242\344\275\215.c"
	新文件:       "thesis/\350\276\205\345\212\251\346\265\213\350\257\225\345\207\275\346\225\260/\350\256\241\347\256\227\346\234\272\344\272\214\347\272\247\351\223\276\350\241\250,\351\200\222\345\275\222,\350\277\233\345\210\266\350\275\254\346\215\242/\345\205\266\344\273\226/\346\214\211\346\235\241\344\273\266\346\215\242\344\275\215.c~"
	新文件:       "thesis/\350\276\205\345\212\251\346\265\213\350\257\225\345\207\275\346\225\260/\350\256\241\347\256\227\346\234\272\344\272\214\347\272\247\351\223\276\350\241\250,\351\200\222\345\275\222,\350\277\233\345\210\266\350\275\254\346\215\242/\345\205\266\344\273\226/\346\234\200\345\260\217\345\205\254\345\200\215\346\225\260.c"
	新文件:       "thesis/\350\276\205\345\212\251\346\265\213\350\257\225\345\207\275\346\225\260/\350\256\241\347\256\227\346\234\272\344\272\214\347\272\247\351\223\276\350\241\250,\351\200\222\345\275\222,\350\277\233\345\210\266\350\275\254\346\215\242/\345\205\266\344\273\226/\346\234\200\345\260\217\345\205\254\345\200\215\346\225\260.c~"
	新文件:       "thesis/\350\276\205\345\212\251\346\265\213\350\257\225\345\207\275\346\225\260/\350\256\241\347\256\227\346\234\272\344\272\214\347\272\247\351\223\276\350\241\250,\351\200\222\345\275\222,\350\277\233\345\210\266\350\275\254\346\215\242/\345\205\266\344\273\226/\350\256\241\347\256\227s\346\211\200\346\214\207\347\232\204\345\255\227\347\254\246\344\270\262\344\270\255\345\220\253\346\234\211t\347\232\204\344\270\252\346\225\260.c~"
	新文件:       "thesis/\350\276\205\345\212\251\346\265\213\350\257\225\345\207\275\346\225\260/\350\256\241\347\256\227\346\234\272\344\272\214\347\272\247\351\223\276\350\241\250,\351\200\222\345\275\222,\350\277\233\345\210\266\350\275\254\346\215\242/\345\205\266\344\273\226/\350\276\223\345\207\272\350\264\250\345\233\240\345\255\220.c"
	新文件:       "thesis/\350\276\205\345\212\251\346\265\213\350\257\225\345\207\275\346\225\260/\350\256\241\347\256\227\346\234\272\344\272\214\347\272\247\351\223\276\350\241\250,\351\200\222\345\275\222,\350\277\233\345\210\266\350\275\254\346\215\242/\345\205\266\344\273\226/\350\276\223\345\207\272\350\264\250\345\233\240\345\255\220.c~"
	新文件:       "thesis/\350\276\205\345\212\251\346\265\213\350\257\225\345\207\275\346\225\260/\350\256\241\347\256\227\346\234\272\344\272\214\347\272\247\351\223\276\350\241\250,\351\200\222\345\275\222,\350\277\233\345\210\266\350\275\254\346\215\242/\345\210\240\351\231\244\346\225\260\346\215\256\345\237\237\345\200\274\347\233\270\345\220\214\347\232\204\347\273\223\347\202\271.c~"
	新文件:       "thesis/\350\276\205\345\212\251\346\265\213\350\257\225\345\207\275\346\225\260/\350\256\241\347\256\227\346\234\272\344\272\214\347\272\247\351\223\276\350\241\250,\351\200\222\345\275\222,\350\277\233\345\210\266\350\275\254\346\215\242/\346\211\276\345\207\272\346\234\200\351\225\277\345\255\227\347\254\246\344\270\262.c~"
	新文件:       "thesis/\350\276\205\345\212\251\346\265\213\350\257\225\345\207\275\346\225\260/\350\256\241\347\256\227\346\234\272\344\272\214\347\272\247\351\223\276\350\241\250,\351\200\222\345\275\222,\350\277\233\345\210\266\350\275\254\346\215\242/\346\212\230\345\215\212\346\237\245\346\211\276.c~"
	新文件:       "thesis/\350\276\205\345\212\251\346\265\213\350\257\225\345\207\275\346\225\260/\350\256\241\347\256\227\346\234\272\344\272\214\347\272\247\351\223\276\350\241\250,\351\200\222\345\275\222,\350\277\233\345\210\266\350\275\254\346\215\242/\346\216\222\345\272\217/2"
	新文件:       "thesis/\350\276\205\345\212\251\346\265\213\350\257\225\345\207\275\346\225\260/\350\256\241\347\256\227\346\234\272\344\272\214\347\272\247\351\223\276\350\241\250,\351\200\222\345\275\222,\350\277\233\345\210\266\350\275\254\346\215\242/\346\216\222\345\272\217/3"
	新文件:       "thesis/\350\276\205\345\212\251\346\265\213\350\257\225\345\207\275\346\225\260/\350\256\241\347\256\227\346\234\272\344\272\214\347\272\247\351\223\276\350\241\250,\351\200\222\345\275\222,\350\277\233\345\210\266\350\275\254\346\215\242/\346\216\222\345\272\217/kuai"
	新文件:       "thesis/\350\276\205\345\212\251\346\265\213\350\257\225\345\207\275\346\225\260/\350\256\241\347\256\227\346\234\272\344\272\214\347\272\247\351\223\276\350\241\250,\351\200\222\345\275\222,\350\277\233\345\210\266\350\275\254\346\215\242/\346\216\222\345\272\217/quicksort"
	新文件:       "thesis/\350\276\205\345\212\251\346\265\213\350\257\225\345\207\275\346\225\260/\350\256\241\347\256\227\346\234\272\344\272\214\347\272\247\351\223\276\350\241\250,\351\200\222\345\275\222,\350\277\233\345\210\266\350\275\254\346\215\242/\346\216\222\345\272\217/\345\277\253\351\200\237\346\216\222\345\272\217.c"
	新文件:       "thesis/\350\276\205\345\212\251\346\265\213\350\257\225\345\207\275\346\225\260/\350\256\241\347\256\227\346\234\272\344\272\214\347\272\247\351\223\276\350\241\250,\351\200\222\345\275\222,\350\277\233\345\210\266\350\275\254\346\215\242/\346\216\222\345\272\217/\345\277\253\351\200\237\346\216\222\345\272\217.c~"
	新文件:       "thesis/\350\276\205\345\212\251\346\265\213\350\257\225\345\207\275\346\225\260/\350\256\241\347\256\227\346\234\272\344\272\214\347\272\247\351\223\276\350\241\250,\351\200\222\345\275\222,\350\277\233\345\210\266\350\275\254\346\215\242/\346\216\222\345\272\217/\346\217\222\345\205\245\346\216\222\345\272\217\346\263\225.c"
	新文件:       "thesis/\350\276\205\345\212\251\346\265\213\350\257\225\345\207\275\346\225\260/\350\256\241\347\256\227\346\234\272\344\272\214\347\272\247\351\223\276\350\241\250,\351\200\222\345\275\222,\350\277\233\345\210\266\350\275\254\346\215\242/\346\216\222\345\272\217/\351\200\211\346\213\251\346\216\222\345\272\217.c"
	新文件:       "thesis/\350\276\205\345\212\251\346\265\213\350\257\225\345\207\275\346\225\260/\350\256\241\347\256\227\346\234\272\344\272\214\347\272\247\351\223\276\350\241\250,\351\200\222\345\275\222,\350\277\233\345\210\266\350\275\254\346\215\242/\346\216\222\345\272\217/\351\200\211\346\213\251\346\216\222\345\272\2172.c"
	新文件:       "thesis/\350\276\205\345\212\251\346\265\213\350\257\225\345\207\275\346\225\260/\350\256\241\347\256\227\346\234\272\344\272\214\347\272\247\351\223\276\350\241\250,\351\200\222\345\275\222,\350\277\233\345\210\266\350\275\254\346\215\242/\346\216\222\345\272\217/\351\200\211\346\213\251\346\216\222\345\272\2172.c~"
	新文件:       "thesis/\350\276\205\345\212\251\346\265\213\350\257\225\345\207\275\346\225\260/\350\256\241\347\256\227\346\234\272\344\272\214\347\272\247\351\223\276\350\241\250,\351\200\222\345\275\222,\350\277\233\345\210\266\350\275\254\346\215\242/\346\216\222\345\272\217/\351\200\211\346\213\251\346\263\225\346\216\222\345\272\217.c"
	新文件:       "thesis/\350\276\205\345\212\251\346\265\213\350\257\225\345\207\275\346\225\260/\350\256\241\347\256\227\346\234\272\344\272\214\347\272\247\351\223\276\350\241\250,\351\200\222\345\275\222,\350\277\233\345\210\266\350\275\254\346\215\242/\346\216\222\345\272\217/\351\200\211\346\213\251\346\263\225\346\216\222\345\272\217.c~"
	新文件:       "thesis/\350\276\205\345\212\251\346\265\213\350\257\225\345\207\275\346\225\260/\350\256\241\347\256\227\346\234\272\344\272\214\347\272\247\351\223\276\350\241\250,\351\200\222\345\275\222,\350\277\233\345\210\266\350\275\254\346\215\242/\346\217\222\345\205\245\346\216\222\345\272\217\346\263\225.c~"
	新文件:       "thesis/\350\276\205\345\212\251\346\265\213\350\257\225\345\207\275\346\225\260/\350\256\241\347\256\227\346\234\272\344\272\214\347\272\247\351\223\276\350\241\250,\351\200\222\345\275\222,\350\277\233\345\210\266\350\275\254\346\215\242/\346\217\222\345\205\245\346\226\260\347\273\223\347\202\271.c~"
	新文件:       "thesis/\350\276\205\345\212\251\346\265\213\350\257\225\345\207\275\346\225\260/\350\256\241\347\256\227\346\234\272\344\272\214\347\272\247\351\223\276\350\241\250,\351\200\222\345\275\222,\350\277\233\345\210\266\350\275\254\346\215\242/\346\225\260\347\273\204\344\270\255\346\217\222\345\205\245\345\205\203\347\264\240.c~"
	新文件:       "thesis/\350\276\205\345\212\251\346\265\213\350\257\225\345\207\275\346\225\260/\350\256\241\347\256\227\346\234\272\344\272\214\347\272\247\351\223\276\350\241\250,\351\200\222\345\275\222,\350\277\233\345\210\266\350\275\254\346\215\242/\346\225\260\347\273\204\347\261\273/2"
	新文件:       "thesis/\350\276\205\345\212\251\346\265\213\350\257\225\345\207\275\346\225\260/\350\256\241\347\256\227\346\234\272\344\272\214\347\272\247\351\223\276\350\241\250,\351\200\222\345\275\222,\350\277\233\345\210\266\350\275\254\346\215\242/\346\225\260\347\273\204\347\261\273/26\344\270\252\345\255\227\346\257\215\344\270\252\346\225\260\347\273\237\350\256\241.c"
	新文件:       "thesis/\350\276\205\345\212\251\346\265\213\350\257\225\345\207\275\346\225\260/\350\256\241\347\256\227\346\234\272\344\272\214\347\272\247\351\223\276\350\241\250,\351\200\222\345\275\222,\350\277\233\345\210\266\350\275\254\346\215\242/\346\225\260\347\273\204\347\261\273/3"
	新文件:       "thesis/\350\276\205\345\212\251\346\265\213\350\257\225\345\207\275\346\225\260/\350\256\241\347\256\227\346\234\272\344\272\214\347\272\247\351\223\276\350\241\250,\351\200\222\345\275\222,\350\277\233\345\210\266\350\275\254\346\215\242/\346\225\260\347\273\204\347\261\273/4"
	新文件:       "thesis/\350\276\205\345\212\251\346\265\213\350\257\225\345\207\275\346\225\260/\350\256\241\347\256\227\346\234\272\344\272\214\347\272\247\351\223\276\350\241\250,\351\200\222\345\275\222,\350\277\233\345\210\266\350\275\254\346\215\242/\346\225\260\347\273\204\347\261\273/5"
	新文件:       "thesis/\350\276\205\345\212\251\346\265\213\350\257\225\345\207\275\346\225\260/\350\256\241\347\256\227\346\234\272\344\272\214\347\272\247\351\223\276\350\241\250,\351\200\222\345\275\222,\350\277\233\345\210\266\350\275\254\346\215\242/\346\225\260\347\273\204\347\261\273/6"
	新文件:       "thesis/\350\276\205\345\212\251\346\265\213\350\257\225\345\207\275\346\225\260/\350\256\241\347\256\227\346\234\272\344\272\214\347\272\247\351\223\276\350\241\250,\351\200\222\345\275\222,\350\277\233\345\210\266\350\275\254\346\215\242/\346\225\260\347\273\204\347\261\273/erweishuzu"
	新文件:       "thesis/\350\276\205\345\212\251\346\265\213\350\257\225\345\207\275\346\225\260/\350\256\241\347\256\227\346\234\272\344\272\214\347\272\247\351\223\276\350\241\250,\351\200\222\345\275\222,\350\277\233\345\210\266\350\275\254\346\215\242/\346\225\260\347\273\204\347\261\273/nixu"
	新文件:       "thesis/\350\276\205\345\212\251\346\265\213\350\257\225\345\207\275\346\225\260/\350\256\241\347\256\227\346\234\272\344\272\214\347\272\247\351\223\276\350\241\250,\351\200\222\345\275\222,\350\277\233\345\210\266\350\275\254\346\215\242/\346\225\260\347\273\204\347\261\273/string"
	新文件:       "thesis/\350\276\205\345\212\251\346\265\213\350\257\225\345\207\275\346\225\260/\350\256\241\347\256\227\346\234\272\344\272\214\347\272\247\351\223\276\350\241\250,\351\200\222\345\275\222,\350\277\233\345\210\266\350\275\254\346\215\242/\346\225\260\347\273\204\347\261\273/\344\272\214\347\273\264\346\225\260\347\273\204.c"
	新文件:       "thesis/\350\276\205\345\212\251\346\265\213\350\257\225\345\207\275\346\225\260/\350\256\241\347\256\227\346\234\272\344\272\214\347\272\247\351\223\276\350\241\250,\351\200\222\345\275\222,\350\277\233\345\210\266\350\275\254\346\215\242/\346\225\260\347\273\204\347\261\273/\344\275\277\347\224\250\346\214\207\351\222\210\345\260\206\345\255\227\347\254\246\344\270\262\351\200\206\345\272\217.c"
	新文件:       "thesis/\350\276\205\345\212\251\346\265\213\350\257\225\345\207\275\346\225\260/\350\256\241\347\256\227\346\234\272\344\272\214\347\272\247\351\223\276\350\241\250,\351\200\222\345\275\222,\350\277\233\345\210\266\350\275\254\346\215\242/\346\225\260\347\273\204\347\261\273/\344\275\277\347\224\250\346\214\207\351\222\210\345\260\206\345\255\227\347\254\246\344\270\262\351\200\206\345\272\217.c~"
	新文件:       "thesis/\350\276\205\345\212\251\346\265\213\350\257\225\345\207\275\346\225\260/\350\256\241\347\256\227\346\234\272\344\272\214\347\272\247\351\223\276\350\241\250,\351\200\222\345\275\222,\350\277\233\345\210\266\350\275\254\346\215\242/\346\225\260\347\273\204\347\261\273/\345\211\215\347\247\273\345\255\227\346\257\215\345\255\227\347\254\246.c"
	新文件:       "thesis/\350\276\205\345\212\251\346\265\213\350\257\225\345\207\275\346\225\260/\350\256\241\347\256\227\346\234\272\344\272\214\347\272\247\351\223\276\350\241\250,\351\200\222\345\275\222,\350\277\233\345\210\266\350\275\254\346\215\242/\346\225\260\347\273\204\347\261\273/\345\211\215\347\247\273\345\255\227\346\257\215\345\255\227\347\254\246.c~"
	新文件:       "thesis/\350\276\205\345\212\251\346\265\213\350\257\225\345\207\275\346\225\260/\350\256\241\347\256\227\346\234\272\344\272\214\347\272\247\351\223\276\350\241\250,\351\200\222\345\275\222,\350\277\233\345\210\266\350\275\254\346\215\242/\346\225\260\347\273\204\347\261\273/\345\271\263\347\247\273\344\270\200\347\273\264\346\225\260\347\273\204.c"
	新文件:       "thesis/\350\276\205\345\212\251\346\265\213\350\257\225\345\207\275\346\225\260/\350\256\241\347\256\227\346\234\272\344\272\214\347\272\247\351\223\276\350\241\250,\351\200\222\345\275\222,\350\277\233\345\210\266\350\275\254\346\215\242/\346\225\260\347\273\204\347\261\273/\345\271\263\347\247\273\344\270\200\347\273\264\346\225\260\347\273\204.c~"
	新文件:       "thesis/\350\276\205\345\212\251\346\265\213\350\257\225\345\207\275\346\225\260/\350\256\241\347\256\227\346\234\272\344\272\214\347\272\247\351\223\276\350\241\250,\351\200\222\345\275\222,\350\277\233\345\210\266\350\275\254\346\215\242/\346\225\260\347\273\204\347\261\273/\346\211\276\345\207\272\346\234\200\351\225\277\345\255\227\347\254\246\344\270\262.c"
	新文件:       "thesis/\350\276\205\345\212\251\346\265\213\350\257\225\345\207\275\346\225\260/\350\256\241\347\256\227\346\234\272\344\272\214\347\272\247\351\223\276\350\241\250,\351\200\222\345\275\222,\350\277\233\345\210\266\350\275\254\346\215\242/\346\225\260\347\273\204\347\261\273/\346\212\230\345\215\212\346\237\245\346\211\276.c"
	新文件:       "thesis/\350\276\205\345\212\251\346\265\213\350\257\225\345\207\275\346\225\260/\350\256\241\347\256\227\346\234\272\344\272\214\347\272\247\351\223\276\350\241\250,\351\200\222\345\275\222,\350\277\233\345\210\266\350\275\254\346\215\242/\346\225\260\347\273\204\347\261\273/\346\225\260\347\273\204\344\270\255\346\217\222\345\205\245\345\205\203\347\264\240.c"
	新文件:       "thesis/\350\276\205\345\212\251\346\265\213\350\257\225\345\207\275\346\225\260/\350\256\241\347\256\227\346\234\272\344\272\214\347\272\247\351\223\276\350\241\250,\351\200\222\345\275\222,\350\277\233\345\210\266\350\275\254\346\215\242/\346\225\260\347\273\204\347\261\273/\346\233\277\346\215\242\345\255\227\347\254\246\344\270\262.c"
	新文件:       "thesis/\350\276\205\345\212\251\346\265\213\350\257\225\345\207\275\346\225\260/\350\256\241\347\256\227\346\234\272\344\272\214\347\272\247\351\223\276\350\241\250,\351\200\222\345\275\222,\350\277\233\345\210\266\350\275\254\346\215\242/\346\225\260\347\273\204\347\261\273/\346\233\277\346\215\242\345\255\227\347\254\246\344\270\262.c~"
	新文件:       "thesis/\350\276\205\345\212\251\346\265\213\350\257\225\345\207\275\346\225\260/\350\256\241\347\256\227\346\234\272\344\272\214\347\272\247\351\223\276\350\241\250,\351\200\222\345\275\222,\350\277\233\345\210\266\350\275\254\346\215\242/\346\225\260\347\273\204\347\261\273/\347\224\250\351\200\222\345\275\222\346\263\225\345\256\236\347\216\260\351\200\206\345\272\217.c"
	新文件:       "thesis/\350\276\205\345\212\251\346\265\213\350\257\225\345\207\275\346\225\260/\350\256\241\347\256\227\346\234\272\344\272\214\347\272\247\351\223\276\350\241\250,\351\200\222\345\275\222,\350\277\233\345\210\266\350\275\254\346\215\242/\346\225\260\347\273\204\347\261\273/\350\256\241\347\256\227s\346\211\200\346\214\207\347\232\204\345\255\227\347\254\246\344\270\262\344\270\255\345\220\253\346\234\211t\347\232\204\344\270\252\346\225\260.c"
	新文件:       "thesis/\350\276\205\345\212\251\346\265\213\350\257\225\345\207\275\346\225\260/\350\256\241\347\256\227\346\234\272\344\272\214\347\272\247\351\223\276\350\241\250,\351\200\222\345\275\222,\350\277\233\345\210\266\350\275\254\346\215\242/\346\225\260\347\273\204\347\261\273/\350\256\241\347\256\227s\346\211\200\346\214\207\347\232\204\345\255\227\347\254\246\344\270\262\344\270\255\345\220\253\346\234\211t\347\232\204\344\270\252\346\225\260.c~"
	新文件:       "thesis/\350\276\205\345\212\251\346\265\213\350\257\225\345\207\275\346\225\260/\350\256\241\347\256\227\346\234\272\344\272\214\347\272\247\351\223\276\350\241\250,\351\200\222\345\275\222,\350\277\233\345\210\266\350\275\254\346\215\242/\346\225\260\347\273\204\347\261\273/\350\277\207\346\273\244\344\270\200\347\273\264\346\225\260\347\273\204\344\270\255\347\233\270\345\220\214\347\232\204\346\225\260\345\255\227.c"
	新文件:       "thesis/\350\276\205\345\212\251\346\265\213\350\257\225\345\207\275\346\225\260/\350\256\241\347\256\227\346\234\272\344\272\214\347\272\247\351\223\276\350\241\250,\351\200\222\345\275\222,\350\277\233\345\210\266\350\275\254\346\215\242/\346\225\260\347\273\204\347\261\273/\350\277\207\346\273\244\344\270\200\347\273\264\346\225\260\347\273\204\344\270\255\347\233\270\345\220\214\347\232\204\346\225\260\345\255\227.c~"
	新文件:       "thesis/\350\276\205\345\212\251\346\265\213\350\257\225\345\207\275\346\225\260/\350\256\241\347\256\227\346\234\272\344\272\214\347\272\247\351\223\276\350\241\250,\351\200\222\345\275\222,\350\277\233\345\210\266\350\275\254\346\215\242/\347\224\250\351\200\222\345\275\222\346\263\225\345\256\236\347\216\260\351\200\206\345\272\217.c~"
	新文件:       "thesis/\350\276\205\345\212\251\346\265\213\350\257\225\345\207\275\346\225\260/\350\256\241\347\256\227\346\234\272\344\272\214\347\272\247\351\223\276\350\241\250,\351\200\222\345\275\222,\350\277\233\345\210\266\350\275\254\346\215\242/\347\273\223\347\202\271\346\225\260\346\215\256\345\237\237\344\271\213\345\222\214.c~"
	新文件:       "thesis/\350\276\205\345\212\251\346\265\213\350\257\225\345\207\275\346\225\260/\350\256\241\347\256\227\346\234\272\344\272\214\347\272\247\351\223\276\350\241\250,\351\200\222\345\275\222,\350\277\233\345\210\266\350\275\254\346\215\242/\350\277\233\345\210\266\350\275\254\346\215\242.c~"
	新文件:       "thesis/\350\276\205\345\212\251\346\265\213\350\257\225\345\207\275\346\225\260/\350\256\241\347\256\227\346\234\272\344\272\214\347\272\247\351\223\276\350\241\250,\351\200\222\345\275\222,\350\277\233\345\210\266\350\275\254\346\215\242/\350\277\233\345\210\266\350\275\254\346\215\242/1"
	新文件:       "thesis/\350\276\205\345\212\251\346\265\213\350\257\225\345\207\275\346\225\260/\350\256\241\347\256\227\346\234\272\344\272\214\347\272\247\351\223\276\350\241\250,\351\200\222\345\275\222,\350\277\233\345\210\266\350\275\254\346\215\242/\350\277\233\345\210\266\350\275\254\346\215\242/10\350\277\233\345\210\266\346\225\260\350\275\254\344\273\273\346\204\217\350\277\233\345\210\266.c"
	新文件:       "thesis/\350\276\205\345\212\251\346\265\213\350\257\225\345\207\275\346\225\260/\350\256\241\347\256\227\346\234\272\344\272\214\347\272\247\351\223\276\350\241\250,\351\200\222\345\275\222,\350\277\233\345\210\266\350\275\254\346\215\242/\350\277\233\345\210\266\350\275\254\346\215\242/16\350\277\233\345\210\266\350\275\25410\350\277\233\345\210\266.c"
	新文件:       "thesis/\350\276\205\345\212\251\346\265\213\350\257\225\345\207\275\346\225\260/\350\256\241\347\256\227\346\234\272\344\272\214\347\272\247\351\223\276\350\241\250,\351\200\222\345\275\222,\350\277\233\345\210\266\350\275\254\346\215\242/\350\277\233\345\210\266\350\275\254\346\215\242/16\350\277\233\345\210\266\350\275\25410\350\277\233\345\210\266.c~"
	新文件:       "thesis/\350\276\205\345\212\251\346\265\213\350\257\225\345\207\275\346\225\260/\350\256\241\347\256\227\346\234\272\344\272\214\347\272\247\351\223\276\350\241\250,\351\200\222\345\275\222,\350\277\233\345\210\266\350\275\254\346\215\242/\350\277\233\345\210\266\350\275\254\346\215\242/2"
	新文件:       "thesis/\350\276\205\345\212\251\346\265\213\350\257\225\345\207\275\346\225\260/\350\256\241\347\256\227\346\234\272\344\272\214\347\272\247\351\223\276\350\241\250,\351\200\222\345\275\222,\350\277\233\345\210\266\350\275\254\346\215\242/\350\277\233\345\210\266\350\275\254\346\215\242/4"
	新文件:       "thesis/\350\276\205\345\212\251\346\265\213\350\257\225\345\207\275\346\225\260/\350\256\241\347\256\227\346\234\272\344\272\214\347\272\247\351\223\276\350\241\250,\351\200\222\345\275\222,\350\277\233\345\210\266\350\275\254\346\215\242/\350\277\233\345\210\266\350\275\254\346\215\242/\344\273\273\346\204\217\350\277\233\345\210\266\350\275\25410\350\277\233\345\210\266.c"
	新文件:       "thesis/\350\276\205\345\212\251\346\265\213\350\257\225\345\207\275\346\225\260/\350\256\241\347\256\227\346\234\272\344\272\214\347\272\247\351\223\276\350\241\250,\351\200\222\345\275\222,\350\277\233\345\210\266\350\275\254\346\215\242/\350\277\233\345\210\266\350\275\254\346\215\242/\345\244\247\346\225\260\347\233\270\345\212\240\346\223\215\344\275\234.c"
	新文件:       "thesis/\350\276\205\345\212\251\346\265\213\350\257\225\345\207\275\346\225\260/\350\256\241\347\256\227\346\234\272\344\272\214\347\272\247\351\223\276\350\241\250,\351\200\222\345\275\222,\350\277\233\345\210\266\350\275\254\346\215\242/\350\277\233\345\210\266\350\275\254\346\215\242/\345\244\247\346\225\260\347\233\270\345\212\240\346\223\215\344\275\234.c~"
	新文件:       "thesis/\350\276\205\345\212\251\346\265\213\350\257\225\345\207\275\346\225\260/\350\256\241\347\256\227\346\234\272\344\272\214\347\272\247\351\223\276\350\241\250,\351\200\222\345\275\222,\350\277\233\345\210\266\350\275\254\346\215\242/\350\277\233\345\210\266\350\275\254\346\215\242/\347\233\270\345\212\240\346\223\215\344\275\234.c~"
	新文件:       "thesis/\350\276\205\345\212\251\346\265\213\350\257\225\345\207\275\346\225\260/\350\256\241\347\256\227\346\234\272\344\272\214\347\272\247\351\223\276\350\241\250,\351\200\222\345\275\222,\350\277\233\345\210\266\350\275\254\346\215\242/\351\200\211\346\213\251\346\263\225\346\216\222\345\272\217.c~"
	新文件:       "thesis/\350\276\205\345\212\251\346\265\213\350\257\225\345\207\275\346\225\260/\350\256\241\347\256\227\346\234\272\344\272\214\347\272\247\351\223\276\350\241\250,\351\200\222\345\275\222,\350\277\233\345\210\266\350\275\254\346\215\242/\351\207\212\346\224\276\347\273\223\347\202\271.c~"
	新文件:       "thesis/\350\276\205\345\212\251\346\265\213\350\257\225\345\207\275\346\225\260/\350\256\241\347\256\227\346\234\272\344\272\214\347\272\247\351\223\276\350\241\250,\351\200\222\345\275\222,\350\277\233\345\210\266\350\275\254\346\215\242/\351\223\276\350\241\250/1"
	新文件:       "thesis/\350\276\205\345\212\251\346\265\213\350\257\225\345\207\275\346\225\260/\350\256\241\347\256\227\346\234\272\344\272\214\347\272\247\351\223\276\350\241\250,\351\200\222\345\275\222,\350\277\233\345\210\266\350\275\254\346\215\242/\351\223\276\350\241\250/2"
	新文件:       "thesis/\350\276\205\345\212\251\346\265\213\350\257\225\345\207\275\346\225\260/\350\256\241\347\256\227\346\234\272\344\272\214\347\272\247\351\223\276\350\241\250,\351\200\222\345\275\222,\350\277\233\345\210\266\350\275\254\346\215\242/\351\223\276\350\241\250/dai"
	新文件:       "thesis/\350\276\205\345\212\251\346\265\213\350\257\225\345\207\275\346\225\260/\350\256\241\347\256\227\346\234\272\344\272\214\347\272\247\351\223\276\350\241\250,\351\200\222\345\275\222,\350\277\233\345\210\266\350\275\254\346\215\242/\351\223\276\350\241\250/delete"
	新文件:       "thesis/\350\276\205\345\212\251\346\265\213\350\257\225\345\207\275\346\225\260/\350\256\241\347\256\227\346\234\272\344\272\214\347\272\247\351\223\276\350\241\250,\351\200\222\345\275\222,\350\277\233\345\210\266\350\275\254\346\215\242/\351\223\276\350\241\250/find"
	新文件:       "thesis/\350\276\205\345\212\251\346\265\213\350\257\225\345\207\275\346\225\260/\350\256\241\347\256\227\346\234\272\344\272\214\347\272\247\351\223\276\350\241\250,\351\200\222\345\275\222,\350\277\233\345\210\266\350\275\254\346\215\242/\351\223\276\350\241\250/free"
	新文件:       "thesis/\350\276\205\345\212\251\346\265\213\350\257\225\345\207\275\346\225\260/\350\256\241\347\256\227\346\234\272\344\272\214\347\272\247\351\223\276\350\241\250,\351\200\222\345\275\222,\350\277\233\345\210\266\350\275\254\346\215\242/\351\223\276\350\241\250/\344\270\215\345\270\246\345\244\264\347\273\223\347\202\271\347\232\204\351\223\276\350\241\250\346\225\260\346\215\256\345\237\237\345\200\222\347\275\256.c"
	新文件:       "thesis/\350\276\205\345\212\251\346\265\213\350\257\225\345\207\275\346\225\260/\350\256\241\347\256\227\346\234\272\344\272\214\347\272\247\351\223\276\350\241\250,\351\200\222\345\275\222,\350\277\233\345\210\266\350\275\254\346\215\242/\351\223\276\350\241\250/\345\210\240\351\231\244\346\225\260\346\215\256\345\237\237\345\200\274\347\233\270\345\220\214\347\232\204\347\273\223\347\202\271.c"
	新文件:       "thesis/\350\276\205\345\212\251\346\265\213\350\257\225\345\207\275\346\225\260/\350\256\241\347\256\227\346\234\272\344\272\214\347\272\247\351\223\276\350\241\250,\351\200\222\345\275\222,\350\277\233\345\210\266\350\275\254\346\215\242/\351\223\276\350\241\250/\345\215\207\345\272\217\346\216\222\345\210\227\346\225\260\346\215\256\345\237\237.c"
	新文件:       "thesis/\350\276\205\345\212\251\346\265\213\350\257\225\345\207\275\346\225\260/\350\256\241\347\256\227\346\234\272\344\272\214\347\272\247\351\223\276\350\241\250,\351\200\222\345\275\222,\350\277\233\345\210\266\350\275\254\346\215\242/\351\223\276\350\241\250/\345\215\207\345\272\217\346\216\222\345\210\227\346\225\260\346\215\256\345\237\237.c~"
	新文件:       "thesis/\350\276\205\345\212\251\346\265\213\350\257\225\345\207\275\346\225\260/\350\256\241\347\256\227\346\234\272\344\272\214\347\272\247\351\223\276\350\241\250,\351\200\222\345\275\222,\350\277\233\345\210\266\350\275\254\346\215\242/\351\223\276\350\241\250/\345\270\246\345\244\264\347\273\223\347\202\271\347\232\204\351\223\276\350\241\250\346\225\260\346\215\256\345\237\237\345\200\222\347\275\256.c"
	新文件:       "thesis/\350\276\205\345\212\251\346\265\213\350\257\225\345\207\275\346\225\260/\350\256\241\347\256\227\346\234\272\344\272\214\347\272\247\351\223\276\350\241\250,\351\200\222\345\275\222,\350\277\233\345\210\266\350\275\254\346\215\242/\351\223\276\350\241\250/\345\270\246\345\244\264\347\273\223\347\202\271\347\232\204\351\223\276\350\241\250\346\225\260\346\215\256\345\237\237\345\200\222\347\275\256.c~"
	新文件:       "thesis/\350\276\205\345\212\251\346\265\213\350\257\225\345\207\275\346\225\260/\350\256\241\347\256\227\346\234\272\344\272\214\347\272\247\351\223\276\350\241\250,\351\200\222\345\275\222,\350\277\233\345\210\266\350\275\254\346\215\242/\351\223\276\350\241\250/\346\217\222\345\205\245\346\226\260\347\273\223\347\202\271.c"
	新文件:       "thesis/\350\276\205\345\212\251\346\265\213\350\257\225\345\207\275\346\225\260/\350\256\241\347\256\227\346\234\272\344\272\214\347\272\247\351\223\276\350\241\250,\351\200\222\345\275\222,\350\277\233\345\210\266\350\275\254\346\215\242/\351\223\276\350\241\250/\346\227\240\346\240\207\351\242\230\346\226\207\346\241\243~"
	新文件:       "thesis/\350\276\205\345\212\251\346\265\213\350\257\225\345\207\275\346\225\260/\350\256\241\347\256\227\346\234\272\344\272\214\347\272\247\351\223\276\350\241\250,\351\200\222\345\275\222,\350\277\233\345\210\266\350\275\254\346\215\242/\351\223\276\350\241\250/\346\237\245\346\211\276\346\225\260\346\215\256\345\237\237.c"
	新文件:       "thesis/\350\276\205\345\212\251\346\265\213\350\257\225\345\207\275\346\225\260/\350\256\241\347\256\227\346\234\272\344\272\214\347\272\247\351\223\276\350\241\250,\351\200\222\345\275\222,\350\277\233\345\210\266\350\275\254\346\215\242/\351\223\276\350\241\250/\346\237\245\346\211\276\346\225\260\346\215\256\345\237\237.c~"
	新文件:       "thesis/\350\276\205\345\212\251\346\265\213\350\257\225\345\207\275\346\225\260/\350\256\241\347\256\227\346\234\272\344\272\214\347\272\247\351\223\276\350\241\250,\351\200\222\345\275\222,\350\277\233\345\210\266\350\275\254\346\215\242/\351\223\276\350\241\250/\347\273\223\347\202\271\346\225\260\346\215\256\345\237\237\344\271\213\345\222\214.c"
	新文件:       "thesis/\350\276\205\345\212\251\346\265\213\350\257\225\345\207\275\346\225\260/\350\256\241\347\256\227\346\234\272\344\272\214\347\272\247\351\223\276\350\241\250,\351\200\222\345\275\222,\350\277\233\345\210\266\350\275\254\346\215\242/\351\223\276\350\241\250/\351\207\212\346\224\276\347\273\223\347\202\271.c"
	新文件:       "thesis/\350\276\205\345\212\251\346\265\213\350\257\225\345\207\275\346\225\260/\350\256\241\347\256\227\346\234\272\344\272\214\347\272\247\351\223\276\350\241\250,\351\200\222\345\275\222,\350\277\233\345\210\266\350\275\254\346\215\242/\351\223\276\350\241\250/\351\207\212\346\224\276\347\273\223\347\202\271.c~"
	新文件:       "thesis/\350\276\205\345\212\251\346\265\213\350\257\225\345\207\275\346\225\260/\350\256\241\347\256\227\346\234\272\344\272\214\347\272\247\351\223\276\350\241\250,\351\200\222\345\275\222,\350\277\233\345\210\266\350\275\254\346\215\242/\351\223\276\350\241\250/\351\223\276\350\241\250\346\211\276\345\207\272\346\234\200\351\253\230\345\210\206.c"
	新文件:       "thesis/\350\276\205\345\212\251\346\265\213\350\257\225\345\207\275\346\225\260/\350\256\241\347\256\227\346\234\272\344\272\214\347\272\247\351\223\276\350\241\250,\351\200\222\345\275\222,\350\277\233\345\210\266\350\275\254\346\215\242/\351\223\276\350\241\250/\351\223\276\350\241\250\346\225\260\346\215\256\345\237\237\345\200\222\347\275\256.c~"
	新文件:       "thesis/\350\276\205\345\212\251\346\265\213\350\257\225\345\207\275\346\225\260/\350\256\241\347\256\227\346\234\272\344\272\214\347\272\247\351\223\276\350\241\250,\351\200\222\345\275\222,\350\277\233\345\210\266\350\275\254\346\215\242/\351\223\276\350\241\250\346\211\276\345\207\272\346\234\200\351\253\230\345\210\206.c~"
	新文件:       "thesis/\350\276\205\345\212\251\346\265\213\350\257\225\345\207\275\346\225\260/\350\260\203\350\257\225\345\207\275\346\225\260/debug"
	新文件:       "thesis/\350\276\205\345\212\251\346\265\213\350\257\225\345\207\275\346\225\260/\350\260\203\350\257\225\345\207\275\346\225\260/debug.c"
	新文件:       "thesis/\350\276\205\345\212\251\346\265\213\350\257\225\345\207\275\346\225\260/\350\260\203\350\257\225\345\207\275\346\225\260/debug.h"
	新文件:       "thesis/\350\276\205\345\212\251\346\265\213\350\257\225\345\207\275\346\225\260/\350\260\203\350\257\225\345\207\275\346\225\260/fact.c"
	新文件:       "thesis/\350\276\205\345\212\251\346\265\213\350\257\225\345\207\275\346\225\260/\350\260\203\350\257\225\345\207\275\346\225\260/facttest"
	新文件:       "thesis/\350\276\205\345\212\251\346\265\213\350\257\225\345\207\275\346\225\260/\350\260\203\350\257\225\345\207\275\346\225\260/generate_dot_so.txt"
	新文件:       "thesis/\350\276\205\345\212\251\346\265\213\350\257\225\345\207\275\346\225\260/\350\260\203\350\257\225\345\207\275\346\225\260/generate_dot_so.txt~"
	新文件:       "thesis/\350\276\205\345\212\251\346\265\213\350\257\225\345\207\275\346\225\260/\350\260\203\350\257\225\345\207\275\346\225\260/libmy_debug.so"
	新文件:       "thesis/\350\276\205\345\212\251\346\265\213\350\257\225\345\207\275\346\225\260/\350\260\203\350\257\225\345\207\275\346\225\260/main"
	新文件:       "thesis/\350\276\205\345\212\251\346\265\213\350\257\225\345\207\275\346\225\260/\350\260\203\350\257\225\345\207\275\346\225\260/main.c"
	新文件:       "thesis/\350\276\205\345\212\251\346\265\213\350\257\225\345\207\275\346\225\260/\350\260\203\350\257\225\345\207\275\346\225\260/my_debug.c"
	新文件:       "thesis/\350\276\205\345\212\251\346\265\213\350\257\225\345\207\275\346\225\260/\350\260\203\350\257\225\345\207\275\346\225\260/my_debug.h"
	新文件:       "thesis/\350\276\205\345\212\251\346\265\213\350\257\225\345\207\275\346\225\260/\350\260\203\350\257\225\345\207\275\346\225\260/my_debug.o"
	新文件:       "thesis/\350\276\205\345\212\251\346\265\213\350\257\225\345\207\275\346\225\260/\350\260\203\350\257\225\345\207\275\346\225\260/mydebug"
	新文件:       "thesis/\350\276\205\345\212\251\346\265\213\350\257\225\345\207\275\346\225\260/\350\260\203\350\257\225\345\207\275\346\225\260/\350\260\203\350\257\225.txt"

libo@libo-OptiPlex-990:~/Adress-management$ git commit -m ' thesis files '
[master （根提交） 474c187]  thesis files
 190 files changed, 16322 insertions(+)
 create mode 100644 thesis/Deletepersoninfo.txt
 create mode 100644 thesis/addrdata.c
 create mode 100644 thesis/addrdata.h
 create mode 100644 thesis/addrdatabase/database.c
 create mode 100644 thesis/addrdatabase/database.c~
 create mode 100644 thesis/addrdatabase/database.h
 create mode 100644 thesis/addrdatabase/database.h~
 create mode 100644 thesis/addrlogic.c
 create mode 100644 thesis/addrlogic.h
 create mode 100644 thesis/addrmain.c
 create mode 100755 thesis/addrtestdatabase/database
 create mode 100644 thesis/addrtestdatabase/database.c
 create mode 100644 thesis/addrtestdatabase/database.c~
 create mode 100644 thesis/addrtestdatabase/database.h
 create mode 100644 thesis/addrtestdatabase/database.h~
 create mode 100644 "thesis/addrtestdatabase/\350\201\214\345\267\245\347\256\241\347\220\206\347\263\273\347\273\237.txt"
 create mode 100644 thesis/addrui.c
 create mode 100644 thesis/addrui.h
 create mode 100644 thesis/introduce.txt
 create mode 100644 "thesis/linux\347\263\273\347\273\237\345\255\227\344\275\223\350\203\214\346\231\257\351\242\234\350\211\262\350\257\264\346\230\216.txt"
 create mode 100644 thesis/logintable.txt
 create mode 100644 "thesis/project_demo/.~lock.\350\201\214\345\267\245\347\256\241\347\220\206\347\263\273\347\273\237.docx#"
 create mode 100644 thesis/project_demo/1
 create mode 100644 thesis/project_demo/1.c
 create mode 100644 thesis/project_demo/2
 create mode 100644 thesis/project_demo/2.c
 create mode 100644 thesis/project_demo/data.c
 create mode 100644 thesis/project_demo/data.h
 create mode 100644 thesis/project_demo/logic.c
 create mode 100644 thesis/project_demo/logic.h
 create mode 100644 thesis/project_demo/main
 create mode 100644 thesis/project_demo/main.c
 create mode 100644 thesis/project_demo/main.c~
 create mode 100644 thesis/project_demo/make~
 create mode 100644 thesis/project_demo/note
 create mode 100644 thesis/project_demo/ui.c
 create mode 100644 thesis/project_demo/ui.h
 create mode 100644 "thesis/project_demo/\342\225\254\342\226\220\342\226\222\321\212\342\225\240\321\202\342\225\254\342\224\200\342\225\241\342\225\241~"
 create mode 100644 "thesis/project_demo/\350\201\214\345\267\245\347\256\241\347\220\206\347\263\273\347\273\237.docx"
 create mode 100644 "thesis/project_demo/\350\201\214\345\267\245\347\256\241\347\220\206\347\263\273\347\273\237.odt"
 create mode 100644 "thesis/project_demo/\350\201\214\345\267\245\347\256\241\347\220\206\347\263\273\347\273\237.pptx"
 create mode 100644 "thesis/project_demo/\350\201\214\345\267\245\347\256\241\347\220\206\347\263\273\347\273\237.txt"
 create mode 100644 "thesis/project_demo/\350\201\214\345\267\245\347\256\241\347\220\206\347\263\273\347\273\23712.odt"
 create mode 100755 thesis/testdatabase/database
 create mode 100644 thesis/testdatabase/database.c
 create mode 100644 thesis/testdatabase/database.c~
 create mode 100644 thesis/testdatabase/database.h
 create mode 100644 thesis/testdatabase/database.h~
 create mode 100644 "thesis/testdatabase/\350\201\214\345\267\245\347\256\241\347\220\206\347\263\273\347\273\237.txt"
 create mode 100755 thesis/thesis
 create mode 100644 thesis/user_version_problem.txt
 create mode 100644 "thesis/\345\210\240\351\231\244\345\201\232\346\210\220\347\211\210\346\234\254/Deletepersoninfo.txt"
 create mode 100644 "thesis/\345\210\240\351\231\244\345\201\232\346\210\220\347\211\210\346\234\254/addrdata.c"
 create mode 100644 "thesis/\345\210\240\351\231\244\345\201\232\346\210\220\347\211\210\346\234\254/addrdata.h"
 create mode 100644 "thesis/\345\210\240\351\231\244\345\201\232\346\210\220\347\211\210\346\234\254/addrlogic.c"
 create mode 100644 "thesis/\345\210\240\351\231\244\345\201\232\346\210\220\347\211\210\346\234\254/addrlogic.h"
 create mode 100644 "thesis/\345\210\240\351\231\244\345\201\232\346\210\220\347\211\210\346\234\254/addrmain.c"
 create mode 100644 "thesis/\345\210\240\351\231\244\345\201\232\346\210\220\347\211\210\346\234\254/addrui.c"
 create mode 100644 "thesis/\345\210\240\351\231\244\345\201\232\346\210\220\347\211\210\346\234\254/addrui.h"
 create mode 100755 "thesis/\345\210\240\351\231\244\345\201\232\346\210\220\347\211\210\346\234\254/thesis"
 create mode 100644 "thesis/\345\210\240\351\231\244\345\201\232\346\210\220\347\211\210\346\234\254/\350\201\214\345\267\245\347\256\241\347\220\206\347\263\273\347\273\237 (\345\244\215\344\273\266).txt"
 create mode 100644 "thesis/\345\210\240\351\231\244\345\201\232\346\210\220\347\211\210\346\234\254/\350\201\214\345\267\245\347\256\241\347\220\206\347\263\273\347\273\237.txt"
 create mode 100644 "thesis/\345\210\240\351\231\244\345\201\232\346\210\220\347\211\210\346\234\254/\350\201\214\345\267\245\347\256\241\347\220\206\347\263\273\347\273\237.txt~"
 create mode 100644 "thesis/\346\227\240\346\240\207\351\242\230\346\226\207\346\241\243"
 create mode 100644 "thesis/\346\227\240\346\240\207\351\242\230\346\226\207\346\241\243~"
 create mode 100644 "thesis/\350\201\214\345\267\245\347\256\241\347\220\206\347\263\273\347\273\237.txt"
 create mode 100644 "thesis/\350\275\246\347\211\214\345\217\267\347\240\201\345\211\215\351\235\242\347\232\204\350\213\261\346\226\207\345\255\227\346\257\215\346\216\222\345\272\217.doc"
 create mode 100755 "thesis/\350\276\205\345\212\251\346\265\213\350\257\225\345\207\275\346\225\260/change_color"
 create mode 100755 "thesis/\350\276\205\345\212\251\346\265\213\350\257\225\345\207\275\346\225\260/colorful"
 create mode 100755 "thesis/\350\276\205\345\212\251\346\265\213\350\257\225\345\207\275\346\225\260/deletenode_test"
 create mode 100755 "thesis/\350\276\205\345\212\251\346\265\213\350\257\225\345\207\275\346\225\260/dynamic"
 create mode 100644 "thesis/\350\276\205\345\212\251\346\265\213\350\257\225\345\207\275\346\225\260/dynamic.o"
 create mode 100755 "thesis/\350\276\205\345\212\251\346\265\213\350\257\225\345\207\275\346\225\260/int_string"
 create mode 100644 "thesis/\350\276\205\345\212\251\346\265\213\350\257\225\345\207\275\346\225\260/libncurses/lcurses.txt"
 create mode 100755 "thesis/\350\276\205\345\212\251\346\265\213\350\257\225\345\207\275\346\225\260/libncurses/test"
 create mode 100644 "thesis/\350\276\205\345\212\251\346\265\213\350\257\225\345\207\275\346\225\260/libncurses/test.c"
 create mode 100644 "thesis/\350\276\205\345\212\251\346\265\213\350\257\225\345\207\275\346\225\260/libncurses/test.c~"
 create mode 100644 "thesis/\350\276\205\345\212\251\346\265\213\350\257\225\345\207\275\346\225\260/libncurses/\346\227\240\346\240\207\351\242\230\346\226\207\346\241\243~"
 create mode 100644 "thesis/\350\276\205\345\212\251\346\265\213\350\257\225\345\207\275\346\225\260/\346\226\207\344\273\266\345\210\244\347\251\272/Linklist.c"
 create mode 100644 "thesis/\350\276\205\345\212\251\346\265\213\350\257\225\345\207\275\346\225\260/\346\240\274\345\274\217.txt"
 create mode 100644 "thesis/\350\276\205\345\212\251\346\265\213\350\257\225\345\207\275\346\225\260/\350\201\214\345\267\245\347\256\241\347\220\206\347\263\273\347\273\237.txt"
 create mode 100644 "thesis/\350\276\205\345\212\251\346\265\213\350\257\225\345\207\275\346\225\260/\350\256\241\347\256\227\346\234\272\344\272\214\347\272\247\351\223\276\350\241\250,\351\200\222\345\275\222,\350\277\233\345\210\266\350\275\254\346\215\242/10\350\277\233\345\210\266\346\225\260\350\275\254\344\273\273\346\204\217\350\277\233\345\210\266.c~"
 create mode 100644 "thesis/\350\276\205\345\212\251\346\265\213\350\257\225\345\207\275\346\225\260/\350\256\241\347\256\227\346\234\272\344\272\214\347\272\247\351\223\276\350\241\250,\351\200\222\345\275\222,\350\277\233\345\210\266\350\275\254\346\215\242/16\350\277\233\345\210\266\350\275\25410\350\277\233\345\210\266.c~"
 create mode 100644 "thesis/\350\276\205\345\212\251\346\265\213\350\257\225\345\207\275\346\225\260/\350\256\241\347\256\227\346\234\272\344\272\214\347\272\247\351\223\276\350\241\250,\351\200\222\345\275\222,\350\277\233\345\210\266\350\275\254\346\215\242/\345\205\266\344\273\226/exchange"
 create mode 100644 "thesis/\350\276\205\345\212\251\346\265\213\350\257\225\345\207\275\346\225\260/\350\256\241\347\256\227\346\234\272\344\272\214\347\272\247\351\223\276\350\241\250,\351\200\222\345\275\222,\350\277\233\345\210\266\350\275\254\346\215\242/\345\205\266\344\273\226/minimal"
 create mode 100644 "thesis/\350\276\205\345\212\251\346\265\213\350\257\225\345\207\275\346\225\260/\350\256\241\347\256\227\346\234\272\344\272\214\347\272\247\351\223\276\350\241\250,\351\200\222\345\275\222,\350\277\233\345\210\266\350\275\254\346\215\242/\345\205\266\344\273\226/prime"
 create mode 100644 "thesis/\350\276\205\345\212\251\346\265\213\350\257\225\345\207\275\346\225\260/\350\256\241\347\256\227\346\234\272\344\272\214\347\272\247\351\223\276\350\241\250,\351\200\222\345\275\222,\350\277\233\345\210\266\350\275\254\346\215\242/\345\205\266\344\273\226/\344\272\214\347\273\264\346\225\260\347\273\204.c~"
 create mode 100644 "thesis/\350\276\205\345\212\251\346\265\213\350\257\225\345\207\275\346\225\260/\350\256\241\347\256\227\346\234\272\344\272\214\347\272\247\351\223\276\350\241\250,\351\200\222\345\275\222,\350\277\233\345\210\266\350\275\254\346\215\242/\345\205\266\344\273\226/\346\214\211\346\235\241\344\273\266\346\215\242\344\275\215.c"
 create mode 100644 "thesis/\350\276\205\345\212\251\346\265\213\350\257\225\345\207\275\346\225\260/\350\256\241\347\256\227\346\234\272\344\272\214\347\272\247\351\223\276\350\241\250,\351\200\222\345\275\222,\350\277\233\345\210\266\350\275\254\346\215\242/\345\205\266\344\273\226/\346\214\211\346\235\241\344\273\266\346\215\242\344\275\215.c~"
 create mode 100644 "thesis/\350\276\205\345\212\251\346\265\213\350\257\225\345\207\275\346\225\260/\350\256\241\347\256\227\346\234\272\344\272\214\347\272\247\351\223\276\350\241\250,\351\200\222\345\275\222,\350\277\233\345\210\266\350\275\254\346\215\242/\345\205\266\344\273\226/\346\234\200\345\260\217\345\205\254\345\200\215\346\225\260.c"
 create mode 100644 "thesis/\350\276\205\345\212\251\346\265\213\350\257\225\345\207\275\346\225\260/\350\256\241\347\256\227\346\234\272\344\272\214\347\272\247\351\223\276\350\241\250,\351\200\222\345\275\222,\350\277\233\345\210\266\350\275\254\346\215\242/\345\205\266\344\273\226/\346\234\200\345\260\217\345\205\254\345\200\215\346\225\260.c~"
 create mode 100644 "thesis/\350\276\205\345\212\251\346\265\213\350\257\225\345\207\275\346\225\260/\350\256\241\347\256\227\346\234\272\344\272\214\347\272\247\351\223\276\350\241\250,\351\200\222\345\275\222,\350\277\233\345\210\266\350\275\254\346\215\242/\345\205\266\344\273\226/\350\256\241\347\256\227s\346\211\200\346\214\207\347\232\204\345\255\227\347\254\246\344\270\262\344\270\255\345\220\253\346\234\211t\347\232\204\344\270\252\346\225\260.c~"
 create mode 100644 "thesis/\350\276\205\345\212\251\346\265\213\350\257\225\345\207\275\346\225\260/\350\256\241\347\256\227\346\234\272\344\272\214\347\272\247\351\223\276\350\241\250,\351\200\222\345\275\222,\350\277\233\345\210\266\350\275\254\346\215\242/\345\205\266\344\273\226/\350\276\223\345\207\272\350\264\250\345\233\240\345\255\220.c"
 create mode 100644 "thesis/\350\276\205\345\212\251\346\265\213\350\257\225\345\207\275\346\225\260/\350\256\241\347\256\227\346\234\272\344\272\214\347\272\247\351\223\276\350\241\250,\351\200\222\345\275\222,\350\277\233\345\210\266\350\275\254\346\215\242/\345\205\266\344\273\226/\350\276\223\345\207\272\350\264\250\345\233\240\345\255\220.c~"
 create mode 100644 "thesis/\350\276\205\345\212\251\346\265\213\350\257\225\345\207\275\346\225\260/\350\256\241\347\256\227\346\234\272\344\272\214\347\272\247\351\223\276\350\241\250,\351\200\222\345\275\222,\350\277\233\345\210\266\350\275\254\346\215\242/\345\210\240\351\231\244\346\225\260\346\215\256\345\237\237\345\200\274\347\233\270\345\220\214\347\232\204\347\273\223\347\202\271.c~"
 create mode 100644 "thesis/\350\276\205\345\212\251\346\265\213\350\257\225\345\207\275\346\225\260/\350\256\241\347\256\227\346\234\272\344\272\214\347\272\247\351\223\276\350\241\250,\351\200\222\345\275\222,\350\277\233\345\210\266\350\275\254\346\215\242/\346\211\276\345\207\272\346\234\200\351\225\277\345\255\227\347\254\246\344\270\262.c~"
 create mode 100644 "thesis/\350\276\205\345\212\251\346\265\213\350\257\225\345\207\275\346\225\260/\350\256\241\347\256\227\346\234\272\344\272\214\347\272\247\351\223\276\350\241\250,\351\200\222\345\275\222,\350\277\233\345\210\266\350\275\254\346\215\242/\346\212\230\345\215\212\346\237\245\346\211\276.c~"
 create mode 100644 "thesis/\350\276\205\345\212\251\346\265\213\350\257\225\345\207\275\346\225\260/\350\256\241\347\256\227\346\234\272\344\272\214\347\272\247\351\223\276\350\241\250,\351\200\222\345\275\222,\350\277\233\345\210\266\350\275\254\346\215\242/\346\216\222\345\272\217/2"
 create mode 100644 "thesis/\350\276\205\345\212\251\346\265\213\350\257\225\345\207\275\346\225\260/\350\256\241\347\256\227\346\234\272\344\272\214\347\272\247\351\223\276\350\241\250,\351\200\222\345\275\222,\350\277\233\345\210\266\350\275\254\346\215\242/\346\216\222\345\272\217/3"
 create mode 100644 "thesis/\350\276\205\345\212\251\346\265\213\350\257\225\345\207\275\346\225\260/\350\256\241\347\256\227\346\234\272\344\272\214\347\272\247\351\223\276\350\241\250,\351\200\222\345\275\222,\350\277\233\345\210\266\350\275\254\346\215\242/\346\216\222\345\272\217/kuai"
 create mode 100755 "thesis/\350\276\205\345\212\251\346\265\213\350\257\225\345\207\275\346\225\260/\350\256\241\347\256\227\346\234\272\344\272\214\347\272\247\351\223\276\350\241\250,\351\200\222\345\275\222,\350\277\233\345\210\266\350\275\254\346\215\242/\346\216\222\345\272\217/quicksort"
 create mode 100644 "thesis/\350\276\205\345\212\251\346\265\213\350\257\225\345\207\275\346\225\260/\350\256\241\347\256\227\346\234\272\344\272\214\347\272\247\351\223\276\350\241\250,\351\200\222\345\275\222,\350\277\233\345\210\266\350\275\254\346\215\242/\346\216\222\345\272\217/\345\277\253\351\200\237\346\216\222\345\272\217.c"
 create mode 100644 "thesis/\350\276\205\345\212\251\346\265\213\350\257\225\345\207\275\346\225\260/\350\256\241\347\256\227\346\234\272\344\272\214\347\272\247\351\223\276\350\241\250,\351\200\222\345\275\222,\350\277\233\345\210\266\350\275\254\346\215\242/\346\216\222\345\272\217/\345\277\253\351\200\237\346\216\222\345\272\217.c~"
 create mode 100644 "thesis/\350\276\205\345\212\251\346\265\213\350\257\225\345\207\275\346\225\260/\350\256\241\347\256\227\346\234\272\344\272\214\347\272\247\351\223\276\350\241\250,\351\200\222\345\275\222,\350\277\233\345\210\266\350\275\254\346\215\242/\346\216\222\345\272\217/\346\217\222\345\205\245\346\216\222\345\272\217\346\263\225.c"
 create mode 100644 "thesis/\350\276\205\345\212\251\346\265\213\350\257\225\345\207\275\346\225\260/\350\256\241\347\256\227\346\234\272\344\272\214\347\272\247\351\223\276\350\241\250,\351\200\222\345\275\222,\350\277\233\345\210\266\350\275\254\346\215\242/\346\216\222\345\272\217/\351\200\211\346\213\251\346\216\222\345\272\217.c"
 create mode 100644 "thesis/\350\276\205\345\212\251\346\265\213\350\257\225\345\207\275\346\225\260/\350\256\241\347\256\227\346\234\272\344\272\214\347\272\247\351\223\276\350\241\250,\351\200\222\345\275\222,\350\277\233\345\210\266\350\275\254\346\215\242/\346\216\222\345\272\217/\351\200\211\346\213\251\346\216\222\345\272\2172.c"
 create mode 100644 "thesis/\350\276\205\345\212\251\346\265\213\350\257\225\345\207\275\346\225\260/\350\256\241\347\256\227\346\234\272\344\272\214\347\272\247\351\223\276\350\241\250,\351\200\222\345\275\222,\350\277\233\345\210\266\350\275\254\346\215\242/\346\216\222\345\272\217/\351\200\211\346\213\251\346\216\222\345\272\2172.c~"
 create mode 100644 "thesis/\350\276\205\345\212\251\346\265\213\350\257\225\345\207\275\346\225\260/\350\256\241\347\256\227\346\234\272\344\272\214\347\272\247\351\223\276\350\241\250,\351\200\222\345\275\222,\350\277\233\345\210\266\350\275\254\346\215\242/\346\216\222\345\272\217/\351\200\211\346\213\251\346\263\225\346\216\222\345\272\217.c"
 create mode 100644 "thesis/\350\276\205\345\212\251\346\265\213\350\257\225\345\207\275\346\225\260/\350\256\241\347\256\227\346\234\272\344\272\214\347\272\247\351\223\276\350\241\250,\351\200\222\345\275\222,\350\277\233\345\210\266\350\275\254\346\215\242/\346\216\222\345\272\217/\351\200\211\346\213\251\346\263\225\346\216\222\345\272\217.c~"
 create mode 100644 "thesis/\350\276\205\345\212\251\346\265\213\350\257\225\345\207\275\346\225\260/\350\256\241\347\256\227\346\234\272\344\272\214\347\272\247\351\223\276\350\241\250,\351\200\222\345\275\222,\350\277\233\345\210\266\350\275\254\346\215\242/\346\217\222\345\205\245\346\216\222\345\272\217\346\263\225.c~"
 create mode 100644 "thesis/\350\276\205\345\212\251\346\265\213\350\257\225\345\207\275\346\225\260/\350\256\241\347\256\227\346\234\272\344\272\214\347\272\247\351\223\276\350\241\250,\351\200\222\345\275\222,\350\277\233\345\210\266\350\275\254\346\215\242/\346\217\222\345\205\245\346\226\260\347\273\223\347\202\271.c~"
 create mode 100644 "thesis/\350\276\205\345\212\251\346\265\213\350\257\225\345\207\275\346\225\260/\350\256\241\347\256\227\346\234\272\344\272\214\347\272\247\351\223\276\350\241\250,\351\200\222\345\275\222,\350\277\233\345\210\266\350\275\254\346\215\242/\346\225\260\347\273\204\344\270\255\346\217\222\345\205\245\345\205\203\347\264\240.c~"
 create mode 100644 "thesis/\350\276\205\345\212\251\346\265\213\350\257\225\345\207\275\346\225\260/\350\256\241\347\256\227\346\234\272\344\272\214\347\272\247\351\223\276\350\241\250,\351\200\222\345\275\222,\350\277\233\345\210\266\350\275\254\346\215\242/\346\225\260\347\273\204\347\261\273/2"
 create mode 100644 "thesis/\350\276\205\345\212\251\346\265\213\350\257\225\345\207\275\346\225\260/\350\256\241\347\256\227\346\234\272\344\272\214\347\272\247\351\223\276\350\241\250,\351\200\222\345\275\222,\350\277\233\345\210\266\350\275\254\346\215\242/\346\225\260\347\273\204\347\261\273/26\344\270\252\345\255\227\346\257\215\344\270\252\346\225\260\347\273\237\350\256\241.c"
 create mode 100644 "thesis/\350\276\205\345\212\251\346\265\213\350\257\225\345\207\275\346\225\260/\350\256\241\347\256\227\346\234\272\344\272\214\347\272\247\351\223\276\350\241\250,\351\200\222\345\275\222,\350\277\233\345\210\266\350\275\254\346\215\242/\346\225\260\347\273\204\347\261\273/3"
 create mode 100644 "thesis/\350\276\205\345\212\251\346\265\213\350\257\225\345\207\275\346\225\260/\350\256\241\347\256\227\346\234\272\344\272\214\347\272\247\351\223\276\350\241\250,\351\200\222\345\275\222,\350\277\233\345\210\266\350\275\254\346\215\242/\346\225\260\347\273\204\347\261\273/4"
 create mode 100644 "thesis/\350\276\205\345\212\251\346\265\213\350\257\225\345\207\275\346\225\260/\350\256\241\347\256\227\346\234\272\344\272\214\347\272\247\351\223\276\350\241\250,\351\200\222\345\275\222,\350\277\233\345\210\266\350\275\254\346\215\242/\346\225\260\347\273\204\347\261\273/5"
 create mode 100644 "thesis/\350\276\205\345\212\251\346\265\213\350\257\225\345\207\275\346\225\260/\350\256\241\347\256\227\346\234\272\344\272\214\347\272\247\351\223\276\350\241\250,\351\200\222\345\275\222,\350\277\233\345\210\266\350\275\254\346\215\242/\346\225\260\347\273\204\347\261\273/6"
 create mode 100644 "thesis/\350\276\205\345\212\251\346\265\213\350\257\225\345\207\275\346\225\260/\350\256\241\347\256\227\346\234\272\344\272\214\347\272\247\351\223\276\350\241\250,\351\200\222\345\275\222,\350\277\233\345\210\266\350\275\254\346\215\242/\346\225\260\347\273\204\347\261\273/erweishuzu"
 create mode 100644 "thesis/\350\276\205\345\212\251\346\265\213\350\257\225\345\207\275\346\225\260/\350\256\241\347\256\227\346\234\272\344\272\214\347\272\247\351\223\276\350\241\250,\351\200\222\345\275\222,\350\277\233\345\210\266\350\275\254\346\215\242/\346\225\260\347\273\204\347\261\273/nixu"
 create mode 100755 "thesis/\350\276\205\345\212\251\346\265\213\350\257\225\345\207\275\346\225\260/\350\256\241\347\256\227\346\234\272\344\272\214\347\272\247\351\223\276\350\241\250,\351\200\222\345\275\222,\350\277\233\345\210\266\350\275\254\346\215\242/\346\225\260\347\273\204\347\261\273/string"
 create mode 100644 "thesis/\350\276\205\345\212\251\346\265\213\350\257\225\345\207\275\346\225\260/\350\256\241\347\256\227\346\234\272\344\272\214\347\272\247\351\223\276\350\241\250,\351\200\222\345\275\222,\350\277\233\345\210\266\350\275\254\346\215\242/\346\225\260\347\273\204\347\261\273/\344\272\214\347\273\264\346\225\260\347\273\204.c"
 create mode 100644 "thesis/\350\276\205\345\212\251\346\265\213\350\257\225\345\207\275\346\225\260/\350\256\241\347\256\227\346\234\272\344\272\214\347\272\247\351\223\276\350\241\250,\351\200\222\345\275\222,\350\277\233\345\210\266\350\275\254\346\215\242/\346\225\260\347\273\204\347\261\273/\344\275\277\347\224\250\346\214\207\351\222\210\345\260\206\345\255\227\347\254\246\344\270\262\351\200\206\345\272\217.c"
 create mode 100644 "thesis/\350\276\205\345\212\251\346\265\213\350\257\225\345\207\275\346\225\260/\350\256\241\347\256\227\346\234\272\344\272\214\347\272\247\351\223\276\350\241\250,\351\200\222\345\275\222,\350\277\233\345\210\266\350\275\254\346\215\242/\346\225\260\347\273\204\347\261\273/\344\275\277\347\224\250\346\214\207\351\222\210\345\260\206\345\255\227\347\254\246\344\270\262\351\200\206\345\272\217.c~"
 create mode 100644 "thesis/\350\276\205\345\212\251\346\265\213\350\257\225\345\207\275\346\225\260/\350\256\241\347\256\227\346\234\272\344\272\214\347\272\247\351\223\276\350\241\250,\351\200\222\345\275\222,\350\277\233\345\210\266\350\275\254\346\215\242/\346\225\260\347\273\204\347\261\273/\345\211\215\347\247\273\345\255\227\346\257\215\345\255\227\347\254\246.c"
 create mode 100644 "thesis/\350\276\205\345\212\251\346\265\213\350\257\225\345\207\275\346\225\260/\350\256\241\347\256\227\346\234\272\344\272\214\347\272\247\351\223\276\350\241\250,\351\200\222\345\275\222,\350\277\233\345\210\266\350\275\254\346\215\242/\346\225\260\347\273\204\347\261\273/\345\211\215\347\247\273\345\255\227\346\257\215\345\255\227\347\254\246.c~"
 create mode 100644 "thesis/\350\276\205\345\212\251\346\265\213\350\257\225\345\207\275\346\225\260/\350\256\241\347\256\227\346\234\272\344\272\214\347\272\247\351\223\276\350\241\250,\351\200\222\345\275\222,\350\277\233\345\210\266\350\275\254\346\215\242/\346\225\260\347\273\204\347\261\273/\345\271\263\347\247\273\344\270\200\347\273\264\346\225\260\347\273\204.c"
 create mode 100644 "thesis/\350\276\205\345\212\251\346\265\213\350\257\225\345\207\275\346\225\260/\350\256\241\347\256\227\346\234\272\344\272\214\347\272\247\351\223\276\350\241\250,\351\200\222\345\275\222,\350\277\233\345\210\266\350\275\254\346\215\242/\346\225\260\347\273\204\347\261\273/\345\271\263\347\247\273\344\270\200\347\273\264\346\225\260\347\273\204.c~"
 create mode 100644 "thesis/\350\276\205\345\212\251\346\265\213\350\257\225\345\207\275\346\225\260/\350\256\241\347\256\227\346\234\272\344\272\214\347\272\247\351\223\276\350\241\250,\351\200\222\345\275\222,\350\277\233\345\210\266\350\275\254\346\215\242/\346\225\260\347\273\204\347\261\273/\346\211\276\345\207\272\346\234\200\351\225\277\345\255\227\347\254\246\344\270\262.c"
 create mode 100644 "thesis/\350\276\205\345\212\251\346\265\213\350\257\225\345\207\275\346\225\260/\350\256\241\347\256\227\346\234\272\344\272\214\347\272\247\351\223\276\350\241\250,\351\200\222\345\275\222,\350\277\233\345\210\266\350\275\254\346\215\242/\346\225\260\347\273\204\347\261\273/\346\212\230\345\215\212\346\237\245\346\211\276.c"
 create mode 100644 "thesis/\350\276\205\345\212\251\346\265\213\350\257\225\345\207\275\346\225\260/\350\256\241\347\256\227\346\234\272\344\272\214\347\272\247\351\223\276\350\241\250,\351\200\222\345\275\222,\350\277\233\345\210\266\350\275\254\346\215\242/\346\225\260\347\273\204\347\261\273/\346\225\260\347\273\204\344\270\255\346\217\222\345\205\245\345\205\203\347\264\240.c"
 create mode 100644 "thesis/\350\276\205\345\212\251\346\265\213\350\257\225\345\207\275\346\225\260/\350\256\241\347\256\227\346\234\272\344\272\214\347\272\247\351\223\276\350\241\250,\351\200\222\345\275\222,\350\277\233\345\210\266\350\275\254\346\215\242/\346\225\260\347\273\204\347\261\273/\346\233\277\346\215\242\345\255\227\347\254\246\344\270\262.c"
 create mode 100644 "thesis/\350\276\205\345\212\251\346\265\213\350\257\225\345\207\275\346\225\260/\350\256\241\347\256\227\346\234\272\344\272\214\347\272\247\351\223\276\350\241\250,\351\200\222\345\275\222,\350\277\233\345\210\266\350\275\254\346\215\242/\346\225\260\347\273\204\347\261\273/\346\233\277\346\215\242\345\255\227\347\254\246\344\270\262.c~"
 create mode 100644 "thesis/\350\276\205\345\212\251\346\265\213\350\257\225\345\207\275\346\225\260/\350\256\241\347\256\227\346\234\272\344\272\214\347\272\247\351\223\276\350\241\250,\351\200\222\345\275\222,\350\277\233\345\210\266\350\275\254\346\215\242/\346\225\260\347\273\204\347\261\273/\347\224\250\351\200\222\345\275\222\346\263\225\345\256\236\347\216\260\351\200\206\345\272\217.c"
 create mode 100644 "thesis/\350\276\205\345\212\251\346\265\213\350\257\225\345\207\275\346\225\260/\350\256\241\347\256\227\346\234\272\344\272\214\347\272\247\351\223\276\350\241\250,\351\200\222\345\275\222,\350\277\233\345\210\266\350\275\254\346\215\242/\346\225\260\347\273\204\347\261\273/\350\256\241\347\256\227s\346\211\200\346\214\207\347\232\204\345\255\227\347\254\246\344\270\262\344\270\255\345\220\253\346\234\211t\347\232\204\344\270\252\346\225\260.c"
 create mode 100644 "thesis/\350\276\205\345\212\251\346\265\213\350\257\225\345\207\275\346\225\260/\350\256\241\347\256\227\346\234\272\344\272\214\347\272\247\351\223\276\350\241\250,\351\200\222\345\275\222,\350\277\233\345\210\266\350\275\254\346\215\242/\346\225\260\347\273\204\347\261\273/\350\256\241\347\256\227s\346\211\200\346\214\207\347\232\204\345\255\227\347\254\246\344\270\262\344\270\255\345\220\253\346\234\211t\347\232\204\344\270\252\346\225\260.c~"
 create mode 100644 "thesis/\350\276\205\345\212\251\346\265\213\350\257\225\345\207\275\346\225\260/\350\256\241\347\256\227\346\234\272\344\272\214\347\272\247\351\223\276\350\241\250,\351\200\222\345\275\222,\350\277\233\345\210\266\350\275\254\346\215\242/\346\225\260\347\273\204\347\261\273/\350\277\207\346\273\244\344\270\200\347\273\264\346\225\260\347\273\204\344\270\255\347\233\270\345\220\214\347\232\204\346\225\260\345\255\227.c"
 create mode 100644 "thesis/\350\276\205\345\212\251\346\265\213\350\257\225\345\207\275\346\225\260/\350\256\241\347\256\227\346\234\272\344\272\214\347\272\247\351\223\276\350\241\250,\351\200\222\345\275\222,\350\277\233\345\210\266\350\275\254\346\215\242/\346\225\260\347\273\204\347\261\273/\350\277\207\346\273\244\344\270\200\347\273\264\346\225\260\347\273\204\344\270\255\347\233\270\345\220\214\347\232\204\346\225\260\345\255\227.c~"
 create mode 100644 "thesis/\350\276\205\345\212\251\346\265\213\350\257\225\345\207\275\346\225\260/\350\256\241\347\256\227\346\234\272\344\272\214\347\272\247\351\223\276\350\241\250,\351\200\222\345\275\222,\350\277\233\345\210\266\350\275\254\346\215\242/\347\224\250\351\200\222\345\275\222\346\263\225\345\256\236\347\216\260\351\200\206\345\272\217.c~"
 create mode 100644 "thesis/\350\276\205\345\212\251\346\265\213\350\257\225\345\207\275\346\225\260/\350\256\241\347\256\227\346\234\272\344\272\214\347\272\247\351\223\276\350\241\250,\351\200\222\345\275\222,\350\277\233\345\210\266\350\275\254\346\215\242/\347\273\223\347\202\271\346\225\260\346\215\256\345\237\237\344\271\213\345\222\214.c~"
 create mode 100644 "thesis/\350\276\205\345\212\251\346\265\213\350\257\225\345\207\275\346\225\260/\350\256\241\347\256\227\346\234\272\344\272\214\347\272\247\351\223\276\350\241\250,\351\200\222\345\275\222,\350\277\233\345\210\266\350\275\254\346\215\242/\350\277\233\345\210\266\350\275\254\346\215\242.c~"
 create mode 100644 "thesis/\350\276\205\345\212\251\346\265\213\350\257\225\345\207\275\346\225\260/\350\256\241\347\256\227\346\234\272\344\272\214\347\272\247\351\223\276\350\241\250,\351\200\222\345\275\222,\350\277\233\345\210\266\350\275\254\346\215\242/\350\277\233\345\210\266\350\275\254\346\215\242/1"
 create mode 100644 "thesis/\350\276\205\345\212\251\346\265\213\350\257\225\345\207\275\346\225\260/\350\256\241\347\256\227\346\234\272\344\272\214\347\272\247\351\223\276\350\241\250,\351\200\222\345\275\222,\350\277\233\345\210\266\350\275\254\346\215\242/\350\277\233\345\210\266\350\275\254\346\215\242/10\350\277\233\345\210\266\346\225\260\350\275\254\344\273\273\346\204\217\350\277\233\345\210\266.c"
 create mode 100644 "thesis/\350\276\205\345\212\251\346\265\213\350\257\225\345\207\275\346\225\260/\350\256\241\347\256\227\346\234\272\344\272\214\347\272\247\351\223\276\350\241\250,\351\200\222\345\275\222,\350\277\233\345\210\266\350\275\254\346\215\242/\350\277\233\345\210\266\350\275\254\346\215\242/16\350\277\233\345\210\266\350\275\25410\350\277\233\345\210\266.c"
 create mode 100644 "thesis/\350\276\205\345\212\251\346\265\213\350\257\225\345\207\275\346\225\260/\350\256\241\347\256\227\346\234\272\344\272\214\347\272\247\351\223\276\350\241\250,\351\200\222\345\275\222,\350\277\233\345\210\266\350\275\254\346\215\242/\350\277\233\345\210\266\350\275\254\346\215\242/16\350\277\233\345\210\266\350\275\25410\350\277\233\345\210\266.c~"
 create mode 100644 "thesis/\350\276\205\345\212\251\346\265\213\350\257\225\345\207\275\346\225\260/\350\256\241\347\256\227\346\234\272\344\272\214\347\272\247\351\223\276\350\241\250,\351\200\222\345\275\222,\350\277\233\345\210\266\350\275\254\346\215\242/\350\277\233\345\210\266\350\275\254\346\215\242/2"
 create mode 100644 "thesis/\350\276\205\345\212\251\346\265\213\350\257\225\345\207\275\346\225\260/\350\256\241\347\256\227\346\234\272\344\272\214\347\272\247\351\223\276\350\241\250,\351\200\222\345\275\222,\350\277\233\345\210\266\350\275\254\346\215\242/\350\277\233\345\210\266\350\275\254\346\215\242/4"
 create mode 100644 "thesis/\350\276\205\345\212\251\346\265\213\350\257\225\345\207\275\346\225\260/\350\256\241\347\256\227\346\234\272\344\272\214\347\272\247\351\223\276\350\241\250,\351\200\222\345\275\222,\350\277\233\345\210\266\350\275\254\346\215\242/\350\277\233\345\210\266\350\275\254\346\215\242/\344\273\273\346\204\217\350\277\233\345\210\266\350\275\25410\350\277\233\345\210\266.c"
 create mode 100644 "thesis/\350\276\205\345\212\251\346\265\213\350\257\225\345\207\275\346\225\260/\350\256\241\347\256\227\346\234\272\344\272\214\347\272\247\351\223\276\350\241\250,\351\200\222\345\275\222,\350\277\233\345\210\266\350\275\254\346\215\242/\350\277\233\345\210\266\350\275\254\346\215\242/\345\244\247\346\225\260\347\233\270\345\212\240\346\223\215\344\275\234.c"
 create mode 100644 "thesis/\350\276\205\345\212\251\346\265\213\350\257\225\345\207\275\346\225\260/\350\256\241\347\256\227\346\234\272\344\272\214\347\272\247\351\223\276\350\241\250,\351\200\222\345\275\222,\350\277\233\345\210\266\350\275\254\346\215\242/\350\277\233\345\210\266\350\275\254\346\215\242/\345\244\247\346\225\260\347\233\270\345\212\240\346\223\215\344\275\234.c~"
 create mode 100644 "thesis/\350\276\205\345\212\251\346\265\213\350\257\225\345\207\275\346\225\260/\350\256\241\347\256\227\346\234\272\344\272\214\347\272\247\351\223\276\350\241\250,\351\200\222\345\275\222,\350\277\233\345\210\266\350\275\254\346\215\242/\350\277\233\345\210\266\350\275\254\346\215\242/\347\233\270\345\212\240\346\223\215\344\275\234.c~"
 create mode 100644 "thesis/\350\276\205\345\212\251\346\265\213\350\257\225\345\207\275\346\225\260/\350\256\241\347\256\227\346\234\272\344\272\214\347\272\247\351\223\276\350\241\250,\351\200\222\345\275\222,\350\277\233\345\210\266\350\275\254\346\215\242/\351\200\211\346\213\251\346\263\225\346\216\222\345\272\217.c~"
 create mode 100644 "thesis/\350\276\205\345\212\251\346\265\213\350\257\225\345\207\275\346\225\260/\350\256\241\347\256\227\346\234\272\344\272\214\347\272\247\351\223\276\350\241\250,\351\200\222\345\275\222,\350\277\233\345\210\266\350\275\254\346\215\242/\351\207\212\346\224\276\347\273\223\347\202\271.c~"
 create mode 100644 "thesis/\350\276\205\345\212\251\346\265\213\350\257\225\345\207\275\346\225\260/\350\256\241\347\256\227\346\234\272\344\272\214\347\272\247\351\223\276\350\241\250,\351\200\222\345\275\222,\350\277\233\345\210\266\350\275\254\346\215\242/\351\223\276\350\241\250/1"
 create mode 100644 "thesis/\350\276\205\345\212\251\346\265\213\350\257\225\345\207\275\346\225\260/\350\256\241\347\256\227\346\234\272\344\272\214\347\272\247\351\223\276\350\241\250,\351\200\222\345\275\222,\350\277\233\345\210\266\350\275\254\346\215\242/\351\223\276\350\241\250/2"
 create mode 100644 "thesis/\350\276\205\345\212\251\346\265\213\350\257\225\345\207\275\346\225\260/\350\256\241\347\256\227\346\234\272\344\272\214\347\272\247\351\223\276\350\241\250,\351\200\222\345\275\222,\350\277\233\345\210\266\350\275\254\346\215\242/\351\223\276\350\241\250/dai"
 create mode 100755 "thesis/\350\276\205\345\212\251\346\265\213\350\257\225\345\207\275\346\225\260/\350\256\241\347\256\227\346\234\272\344\272\214\347\272\247\351\223\276\350\241\250,\351\200\222\345\275\222,\350\277\233\345\210\266\350\275\254\346\215\242/\351\223\276\350\241\250/delete"
 create mode 100644 "thesis/\350\276\205\345\212\251\346\265\213\350\257\225\345\207\275\346\225\260/\350\256\241\347\256\227\346\234\272\344\272\214\347\272\247\351\223\276\350\241\250,\351\200\222\345\275\222,\350\277\233\345\210\266\350\275\254\346\215\242/\351\223\276\350\241\250/find"
 create mode 100755 "thesis/\350\276\205\345\212\251\346\265\213\350\257\225\345\207\275\346\225\260/\350\256\241\347\256\227\346\234\272\344\272\214\347\272\247\351\223\276\350\241\250,\351\200\222\345\275\222,\350\277\233\345\210\266\350\275\254\346\215\242/\351\223\276\350\241\250/free"
 create mode 100644 "thesis/\350\276\205\345\212\251\346\265\213\350\257\225\345\207\275\346\225\260/\350\256\241\347\256\227\346\234\272\344\272\214\347\272\247\351\223\276\350\241\250,\351\200\222\345\275\222,\350\277\233\345\210\266\350\275\254\346\215\242/\351\223\276\350\241\250/\344\270\215\345\270\246\345\244\264\347\273\223\347\202\271\347\232\204\351\223\276\350\241\250\346\225\260\346\215\256\345\237\237\345\200\222\347\275\256.c"
 create mode 100644 "thesis/\350\276\205\345\212\251\346\265\213\350\257\225\345\207\275\346\225\260/\350\256\241\347\256\227\346\234\272\344\272\214\347\272\247\351\223\276\350\241\250,\351\200\222\345\275\222,\350\277\233\345\210\266\350\275\254\346\215\242/\351\223\276\350\241\250/\345\210\240\351\231\244\346\225\260\346\215\256\345\237\237\345\200\274\347\233\270\345\220\214\347\232\204\347\273\223\347\202\271.c"
 create mode 100644 "thesis/\350\276\205\345\212\251\346\265\213\350\257\225\345\207\275\346\225\260/\350\256\241\347\256\227\346\234\272\344\272\214\347\272\247\351\223\276\350\241\250,\351\200\222\345\275\222,\350\277\233\345\210\266\350\275\254\346\215\242/\351\223\276\350\241\250/\345\215\207\345\272\217\346\216\222\345\210\227\346\225\260\346\215\256\345\237\237.c"
 create mode 100644 "thesis/\350\276\205\345\212\251\346\265\213\350\257\225\345\207\275\346\225\260/\350\256\241\347\256\227\346\234\272\344\272\214\347\272\247\351\223\276\350\241\250,\351\200\222\345\275\222,\350\277\233\345\210\266\350\275\254\346\215\242/\351\223\276\350\241\250/\345\215\207\345\272\217\346\216\222\345\210\227\346\225\260\346\215\256\345\237\237.c~"
 create mode 100644 "thesis/\350\276\205\345\212\251\346\265\213\350\257\225\345\207\275\346\225\260/\350\256\241\347\256\227\346\234\272\344\272\214\347\272\247\351\223\276\350\241\250,\351\200\222\345\275\222,\350\277\233\345\210\266\350\275\254\346\215\242/\351\223\276\350\241\250/\345\270\246\345\244\264\347\273\223\347\202\271\347\232\204\351\223\276\350\241\250\346\225\260\346\215\256\345\237\237\345\200\222\347\275\256.c"
 create mode 100644 "thesis/\350\276\205\345\212\251\346\265\213\350\257\225\345\207\275\346\225\260/\350\256\241\347\256\227\346\234\272\344\272\214\347\272\247\351\223\276\350\241\250,\351\200\222\345\275\222,\350\277\233\345\210\266\350\275\254\346\215\242/\351\223\276\350\241\250/\345\270\246\345\244\264\347\273\223\347\202\271\347\232\204\351\223\276\350\241\250\346\225\260\346\215\256\345\237\237\345\200\222\347\275\256.c~"
 create mode 100644 "thesis/\350\276\205\345\212\251\346\265\213\350\257\225\345\207\275\346\225\260/\350\256\241\347\256\227\346\234\272\344\272\214\347\272\247\351\223\276\350\241\250,\351\200\222\345\275\222,\350\277\233\345\210\266\350\275\254\346\215\242/\351\223\276\350\241\250/\346\217\222\345\205\245\346\226\260\347\273\223\347\202\271.c"
 create mode 100644 "thesis/\350\276\205\345\212\251\346\265\213\350\257\225\345\207\275\346\225\260/\350\256\241\347\256\227\346\234\272\344\272\214\347\272\247\351\223\276\350\241\250,\351\200\222\345\275\222,\350\277\233\345\210\266\350\275\254\346\215\242/\351\223\276\350\241\250/\346\227\240\346\240\207\351\242\230\346\226\207\346\241\243~"
 create mode 100644 "thesis/\350\276\205\345\212\251\346\265\213\350\257\225\345\207\275\346\225\260/\350\256\241\347\256\227\346\234\272\344\272\214\347\272\247\351\223\276\350\241\250,\351\200\222\345\275\222,\350\277\233\345\210\266\350\275\254\346\215\242/\351\223\276\350\241\250/\346\237\245\346\211\276\346\225\260\346\215\256\345\237\237.c"
 create mode 100644 "thesis/\350\276\205\345\212\251\346\265\213\350\257\225\345\207\275\346\225\260/\350\256\241\347\256\227\346\234\272\344\272\214\347\272\247\351\223\276\350\241\250,\351\200\222\345\275\222,\350\277\233\345\210\266\350\275\254\346\215\242/\351\223\276\350\241\250/\346\237\245\346\211\276\346\225\260\346\215\256\345\237\237.c~"
 create mode 100644 "thesis/\350\276\205\345\212\251\346\265\213\350\257\225\345\207\275\346\225\260/\350\256\241\347\256\227\346\234\272\344\272\214\347\272\247\351\223\276\350\241\250,\351\200\222\345\275\222,\350\277\233\345\210\266\350\275\254\346\215\242/\351\223\276\350\241\250/\347\273\223\347\202\271\346\225\260\346\215\256\345\237\237\344\271\213\345\222\214.c"
 create mode 100644 "thesis/\350\276\205\345\212\251\346\265\213\350\257\225\345\207\275\346\225\260/\350\256\241\347\256\227\346\234\272\344\272\214\347\272\247\351\223\276\350\241\250,\351\200\222\345\275\222,\350\277\233\345\210\266\350\275\254\346\215\242/\351\223\276\350\241\250/\351\207\212\346\224\276\347\273\223\347\202\271.c"
 create mode 100644 "thesis/\350\276\205\345\212\251\346\265\213\350\257\225\345\207\275\346\225\260/\350\256\241\347\256\227\346\234\272\344\272\214\347\272\247\351\223\276\350\241\250,\351\200\222\345\275\222,\350\277\233\345\210\266\350\275\254\346\215\242/\351\223\276\350\241\250/\351\207\212\346\224\276\347\273\223\347\202\271.c~"
 create mode 100644 "thesis/\350\276\205\345\212\251\346\265\213\350\257\225\345\207\275\346\225\260/\350\256\241\347\256\227\346\234\272\344\272\214\347\272\247\351\223\276\350\241\250,\351\200\222\345\275\222,\350\277\233\345\210\266\350\275\254\346\215\242/\351\223\276\350\241\250/\351\223\276\350\241\250\346\211\276\345\207\272\346\234\200\351\253\230\345\210\206.c"
 create mode 100644 "thesis/\350\276\205\345\212\251\346\265\213\350\257\225\345\207\275\346\225\260/\350\256\241\347\256\227\346\234\272\344\272\214\347\272\247\351\223\276\350\241\250,\351\200\222\345\275\222,\350\277\233\345\210\266\350\275\254\346\215\242/\351\223\276\350\241\250/\351\223\276\350\241\250\346\225\260\346\215\256\345\237\237\345\200\222\347\275\256.c~"
 create mode 100644 "thesis/\350\276\205\345\212\251\346\265\213\350\257\225\345\207\275\346\225\260/\350\256\241\347\256\227\346\234\272\344\272\214\347\272\247\351\223\276\350\241\250,\351\200\222\345\275\222,\350\277\233\345\210\266\350\275\254\346\215\242/\351\223\276\350\241\250\346\211\276\345\207\272\346\234\200\351\253\230\345\210\206.c~"
 create mode 100755 "thesis/\350\276\205\345\212\251\346\265\213\350\257\225\345\207\275\346\225\260/\350\260\203\350\257\225\345\207\275\346\225\260/debug"
 create mode 100644 "thesis/\350\276\205\345\212\251\346\265\213\350\257\225\345\207\275\346\225\260/\350\260\203\350\257\225\345\207\275\346\225\260/debug.c"
 create mode 100644 "thesis/\350\276\205\345\212\251\346\265\213\350\257\225\345\207\275\346\225\260/\350\260\203\350\257\225\345\207\275\346\225\260/debug.h"
 create mode 100644 "thesis/\350\276\205\345\212\251\346\265\213\350\257\225\345\207\275\346\225\260/\350\260\203\350\257\225\345\207\275\346\225\260/fact.c"
 create mode 100755 "thesis/\350\276\205\345\212\251\346\265\213\350\257\225\345\207\275\346\225\260/\350\260\203\350\257\225\345\207\275\346\225\260/facttest"
 create mode 100644 "thesis/\350\276\205\345\212\251\346\265\213\350\257\225\345\207\275\346\225\260/\350\260\203\350\257\225\345\207\275\346\225\260/generate_dot_so.txt"
 create mode 100644 "thesis/\350\276\205\345\212\251\346\265\213\350\257\225\345\207\275\346\225\260/\350\260\203\350\257\225\345\207\275\346\225\260/generate_dot_so.txt~"
 create mode 100755 "thesis/\350\276\205\345\212\251\346\265\213\350\257\225\345\207\275\346\225\260/\350\260\203\350\257\225\345\207\275\346\225\260/libmy_debug.so"
 create mode 100755 "thesis/\350\276\205\345\212\251\346\265\213\350\257\225\345\207\275\346\225\260/\350\260\203\350\257\225\345\207\275\346\225\260/main"
 create mode 100644 "thesis/\350\276\205\345\212\251\346\265\213\350\257\225\345\207\275\346\225\260/\350\260\203\350\257\225\345\207\275\346\225\260/main.c"
 create mode 100644 "thesis/\350\276\205\345\212\251\346\265\213\350\257\225\345\207\275\346\225\260/\350\260\203\350\257\225\345\207\275\346\225\260/my_debug.c"
 create mode 100644 "thesis/\350\276\205\345\212\251\346\265\213\350\257\225\345\207\275\346\225\260/\350\260\203\350\257\225\345\207\275\346\225\260/my_debug.h"
 create mode 100644 "thesis/\350\276\205\345\212\251\346\265\213\350\257\225\345\207\275\346\225\260/\350\260\203\350\257\225\345\207\275\346\225\260/my_debug.o"
 create mode 100755 "thesis/\350\276\205\345\212\251\346\265\213\350\257\225\345\207\275\346\225\260/\350\260\203\350\257\225\345\207\275\346\225\260/mydebug"
 create mode 100644 "thesis/\350\276\205\345\212\251\346\265\213\350\257\225\345\207\275\346\225\260/\350\260\203\350\257\225\345\207\275\346\225\260/\350\260\203\350\257\225.txt"
libo@libo-OptiPlex-990:~/Adress-management$ git status
位于分支 master
您的分支基于 'origin/master'，但此上游分支已经不存在。
  （使用 "git branch --unset-upstream" 来修复）

无文件要提交，干净的工作区
libo@libo-OptiPlex-990:~/Adress-management$ git push 
warning: push.default 尚未设置，它的默认值在 Git 2.0 从 'matching'
变更为 'simple'。若要不再显示本信息并保持传统习惯，进行如下设置：

  git config --global push.default matching

若要不再显示本信息并从现在开始采用新的使用习惯，设置：

  git config --global push.default simple

当 push.default 设置为 'matching' 后，git 将推送和远程同名的所有
本地分支。

从 Git 2.0 开始，Git 缺省采用更为保守的 'simple' 模式，只推送当前
分支到远程关联的同名分支，即 'git push' 推送当前分支。

参见 'git help config' 并查找 'push.default' 以获取更多信息。
（'simple' 模式由 Git 1.7.11 版本引入。如果您有时要使用老版本的 Git，
为保持兼容，请用 'current' 代替 'simple'）

Username for 'https://github.com':   git config --global push.default simple
Password for 'https://  git config --global push.default simple@github.com': 
libo@libo-OptiPlex-990:~/Adress-management$ git push 
warning: push.default 尚未设置，它的默认值在 Git 2.0 从 'matching'
变更为 'simple'。若要不再显示本信息并保持传统习惯，进行如下设置：

  git config --global push.default matching

若要不再显示本信息并从现在开始采用新的使用习惯，设置：

  git config --global push.default simple

当 push.default 设置为 'matching' 后，git 将推送和远程同名的所有
本地分支。

从 Git 2.0 开始，Git 缺省采用更为保守的 'simple' 模式，只推送当前
分支到远程关联的同名分支，即 'git push' 推送当前分支。

参见 'git help config' 并查找 'push.default' 以获取更多信息。
（'simple' 模式由 Git 1.7.11 版本引入。如果您有时要使用老版本的 Git，
为保持兼容，请用 'current' 代替 'simple'）

Username for 'https://github.com': 1448372453@qq.com             
Password for 'https://1448372453@qq.com@github.com': 
No refs in common and none specified; doing nothing.
Perhaps you should specify a branch such as 'master'.
Everything up-to-date
libo@libo-OptiPlex-990:~/Adress-management$ git push origin master
Username for 'https://github.com': 1448372453@qq.com
Password for 'https://1448372453@qq.com@github.com': 
Counting objects: 200, done.
Delta compression using up to 4 threads.
Compressing objects: 100% (193/193), done.
Writing objects: 100% (200/200), 529.95 KiB | 0 bytes/s, done.
Total 200 (delta 52), reused 0 (delta 0)
To https://github.com/lb2616/Adress-management.git
 * [new branch]      master -> master
libo@libo-OptiPlex-990:~/Adress-management$ git config --global push.default simple
libo@libo-OptiPlex-990:~/Adress-management$ git status
位于分支 master
您的分支与上游分支 'origin/master' 一致。

无文件要提交，干净的工作区
libo@libo-OptiPlex-990:~/Adress-management$ cd ..
libo@libo-OptiPlex-990:~$ rm -rf Adress-management/
libo@libo-OptiPlex-990:~$ git clone git@github.com:lb2616/Adress-management.git
正克隆到 'Adress-management'...
The authenticity of host 'github.com (192.30.252.130)' can't be established.
RSA key fingerprint is 16:27:ac:a5:76:28:2d:36:63:1b:56:4d:eb:df:a6:48.
Are you sure you want to continue connecting (yes/no)? yes
Warning: Permanently added 'github.com,192.30.252.130' (RSA) to the list of known hosts.
remote: Counting objects: 200, done.
remote: Compressing objects: 100% (141/141), done.
remote: Total 200 (delta 52), reused 200 (delta 52), pack-reused 0
接收对象中: 100% (200/200), 529.95 KiB | 308.00 KiB/s, done.
处理 delta 中: 100% (52/52), done.
检查连接... 完成。
libo@libo-OptiPlex-990:~$ cd Adress-management/
libo@libo-OptiPlex-990:~/Adress-management$ ls
thesis
libo@libo-OptiPlex-990:~/Adress-management$ cd thesis
libo@libo-OptiPlex-990:~/Adress-management/thesis$ tree
程序“tree”尚未安装。 您可以使用以下命令安装：
sudo apt-get install tree
libo@libo-OptiPlex-990:~/Adress-management/thesis$ sudo apt-get install tree
[sudo] password for libo: 
正在读取软件包列表... 完成
正在分析软件包的依赖关系树       
正在读取状态信息... 完成       
下列软件包是自动安装的并且现在不需要了：
  libgnutls28 libhogweed2
Use 'apt-get autoremove' to remove them.
下列【新】软件包将被安装：
  tree
升级了 0 个软件包，新安装了 1 个软件包，要卸载 0 个软件包，有 284 个软件包未被升级。
需要下载 37.8 kB 的软件包。
解压缩后会消耗掉 109 kB 的额外空间。
获取：1 http://cn.archive.ubuntu.com/ubuntu/ trusty/universe tree amd64 1.6.0-1 [37.8 kB]
下载 37.8 kB，耗时 0秒 (655 kB/s)
正在选中未选择的软件包 tree。
(正在读取数据库 ... 系统当前共安装有 256396 个文件和目录。)
正准备解包 .../tree_1.6.0-1_amd64.deb  ...
正在解包 tree (1.6.0-1) ...
正在处理用于 man-db (2.6.7.1-1ubuntu1) 的触发器 ...
正在设置 tree (1.6.0-1) ...
libo@libo-OptiPlex-990:~/Adress-management/thesis$ tree
.
├── addrdatabase
│   ├── database.c
│   ├── database.c~
│   ├── database.h
│   └── database.h~
├── addrdata.c
├── addrdata.h
├── addrlogic.c
├── addrlogic.h
├── addrmain.c
├── addrtestdatabase
│   ├── database
│   ├── database.c
│   ├── database.c~
│   ├── database.h
│   ├── database.h~
│   └── 职工管理系统.txt
├── addrui.c
├── addrui.h
├── Deletepersoninfo.txt
├── introduce.txt
├── linux系统字体背景颜色说明.txt
├── logintable.txt
├── project_demo
│   ├── 1
│   ├── 1.c
│   ├── 2
│   ├── 2.c
│   ├── data.c
│   ├── data.h
│   ├── logic.c
│   ├── logic.h
│   ├── main
│   ├── main.c
│   ├── main.c~
│   ├── make~
│   ├── note
│   ├── ui.c
│   ├── ui.h
│   ├── ╬▐▒ъ╠т╬─╡╡~
│   ├── 职工管理系统12.odt
│   ├── 职工管理系统.docx
│   ├── 职工管理系统.odt
│   ├── 职工管理系统.pptx
│   └── 职工管理系统.txt
├── testdatabase
│   ├── database
│   ├── database.c
│   ├── database.c~
│   ├── database.h
│   ├── database.h~
│   └── 职工管理系统.txt
├── thesis
├── user_version_problem.txt
├── 车牌号码前面的英文字母排序.doc
├── 辅助测试函数
│   ├── change_color
│   ├── colorful
│   ├── deletenode_test
│   ├── dynamic
│   ├── dynamic.o
│   ├── int_string
│   ├── libncurses
│   │   ├── lcurses.txt
│   │   ├── test
│   │   ├── test.c
│   │   ├── test.c~
│   │   └── 无标题文档~
│   ├── 调试函数
│   │   ├── debug
│   │   ├── debug.c
│   │   ├── debug.h
│   │   ├── fact.c
│   │   ├── facttest
│   │   ├── generate_dot_so.txt
│   │   ├── generate_dot_so.txt~
│   │   ├── libmy_debug.so
│   │   ├── main
│   │   ├── main.c
│   │   ├── mydebug
│   │   ├── my_debug.c
│   │   ├── my_debug.h
│   │   ├── my_debug.o
│   │   └── 调试.txt
│   ├── 格式.txt
│   ├── 计算机二级链表,递归,进制转换
│   │   ├── 10进制数转任意进制.c~
│   │   ├── 16进制转10进制.c~
│   │   ├── 插入排序法.c~
│   │   ├── 插入新结点.c~
│   │   ├── 结点数据域之和.c~
│   │   ├── 进制转换
│   │   │   ├── 1
│   │   │   ├── 10进制数转任意进制.c
│   │   │   ├── 16进制转10进制.c
│   │   │   ├── 16进制转10进制.c~
│   │   │   ├── 2
│   │   │   ├── 4
│   │   │   ├── 大数相加操作.c
│   │   │   ├── 大数相加操作.c~
│   │   │   ├── 任意进制转10进制.c
│   │   │   └── 相加操作.c~
│   │   ├── 进制转换.c~
│   │   ├── 链表
│   │   │   ├── 1
│   │   │   ├── 2
│   │   │   ├── dai
│   │   │   ├── delete
│   │   │   ├── find
│   │   │   ├── free
│   │   │   ├── 不带头结点的链表数据域倒置.c
│   │   │   ├── 插入新结点.c
│   │   │   ├── 查找数据域.c
│   │   │   ├── 查找数据域.c~
│   │   │   ├── 带头结点的链表数据域倒置.c
│   │   │   ├── 带头结点的链表数据域倒置.c~
│   │   │   ├── 结点数据域之和.c
│   │   │   ├── 链表数据域倒置.c~
│   │   │   ├── 链表找出最高分.c
│   │   │   ├── 删除数据域值相同的结点.c
│   │   │   ├── 升序排列数据域.c
│   │   │   ├── 升序排列数据域.c~
│   │   │   ├── 释放结点.c
│   │   │   ├── 释放结点.c~
│   │   │   └── 无标题文档~
│   │   ├── 链表找出最高分.c~
│   │   ├── 排序
│   │   │   ├── 2
│   │   │   ├── 3
│   │   │   ├── kuai
│   │   │   ├── quicksort
│   │   │   ├── 插入排序法.c
│   │   │   ├── 快速排序.c
│   │   │   ├── 快速排序.c~
│   │   │   ├── 选择法排序.c
│   │   │   ├── 选择法排序.c~
│   │   │   ├── 选择排序2.c
│   │   │   ├── 选择排序2.c~
│   │   │   └── 选择排序.c
│   │   ├── 其他
│   │   │   ├── exchange
│   │   │   ├── minimal
│   │   │   ├── prime
│   │   │   ├── 按条件换位.c
│   │   │   ├── 按条件换位.c~
│   │   │   ├── 二维数组.c~
│   │   │   ├── 计算s所指的字符串中含有t的个数.c~
│   │   │   ├── 输出质因子.c
│   │   │   ├── 输出质因子.c~
│   │   │   ├── 最小公倍数.c
│   │   │   └── 最小公倍数.c~
│   │   ├── 删除数据域值相同的结点.c~
│   │   ├── 释放结点.c~
│   │   ├── 数组类
│   │   │   ├── 2
│   │   │   ├── 26个字母个数统计.c
│   │   │   ├── 3
│   │   │   ├── 4
│   │   │   ├── 5
│   │   │   ├── 6
│   │   │   ├── erweishuzu
│   │   │   ├── nixu
│   │   │   ├── string
│   │   │   ├── 二维数组.c
│   │   │   ├── 过滤一维数组中相同的数字.c
│   │   │   ├── 过滤一维数组中相同的数字.c~
│   │   │   ├── 计算s所指的字符串中含有t的个数.c
│   │   │   ├── 计算s所指的字符串中含有t的个数.c~
│   │   │   ├── 平移一维数组.c
│   │   │   ├── 平移一维数组.c~
│   │   │   ├── 前移字母字符.c
│   │   │   ├── 前移字母字符.c~
│   │   │   ├── 使用指针将字符串逆序.c
│   │   │   ├── 使用指针将字符串逆序.c~
│   │   │   ├── 数组中插入元素.c
│   │   │   ├── 替换字符串.c
│   │   │   ├── 替换字符串.c~
│   │   │   ├── 用递归法实现逆序.c
│   │   │   ├── 找出最长字符串.c
│   │   │   └── 折半查找.c
│   │   ├── 数组中插入元素.c~
│   │   ├── 选择法排序.c~
│   │   ├── 用递归法实现逆序.c~
│   │   ├── 找出最长字符串.c~
│   │   └── 折半查找.c~
│   ├── 文件判空
│   │   └── Linklist.c
│   └── 职工管理系统.txt
├── 删除做成版本
│   ├── addrdata.c
│   ├── addrdata.h
│   ├── addrlogic.c
│   ├── addrlogic.h
│   ├── addrmain.c
│   ├── addrui.c
│   ├── addrui.h
│   ├── Deletepersoninfo.txt
│   ├── thesis
│   ├── 职工管理系统.txt
│   ├── 职工管理系统.txt~
│   └── 职工管理系统 (复件).txt
├── 无标题文档
├── 无标题文档~
└── 职工管理系统.txt

15 directories, 189 files
libo@libo-OptiPlex-990:~/Adress-management/thesis$ rm *.c~
rm: 无法删除"*.c~": 没有那个文件或目录
libo@libo-OptiPlex-990:~/Adress-management/thesis$ rm *.*~
rm: 无法删除"*.*~": 没有那个文件或目录
libo@libo-OptiPlex-990:~/Adress-management/thesis$ ls
addrdatabase  addrlogic.h       addrui.h                       logintable.txt  user_version_problem.txt        无标题文档
addrdata.c    addrmain.c        Deletepersoninfo.txt           project_demo    车牌号码前面的英文字母排序.doc  无标题文档~
addrdata.h    addrtestdatabase  introduce.txt                  testdatabase    辅助测试函数                    职工管理系统.txt
addrlogic.c   addrui.c          linux系统字体背景颜色说明.txt  thesis          删除做成版本
libo@libo-OptiPlex-990:~/Adress-management/thesis$ cd project_demo/
libo@libo-OptiPlex-990:~/Adress-management/thesis/project_demo$ rm *.*~
libo@libo-OptiPlex-990:~/Adress-management/thesis/project_demo$ ls
1    2    data.c  logic.c  main    make~  ui.c  ╬▐▒ъ╠т╬─╡╡~         职工管理系统.docx  职工管理系统.pptx
1.c  2.c  data.h  logic.h  main.c  note   ui.h  职工管理系统12.odt  职工管理系统.odt   职工管理系统.txt
libo@libo-OptiPlex-990:~/Adress-management/thesis/project_demo$ rm make~
libo@libo-OptiPlex-990:~/Adress-management/thesis/project_demo$ rm ╬▐▒ъ╠т╬─╡╡~ 
libo@libo-OptiPlex-990:~/Adress-management/thesis/project_demo$ ls
1    2    data.c  logic.c  main    note  ui.h                职工管理系统.docx  职工管理系统.pptx
1.c  2.c  data.h  logic.h  main.c  ui.c  职工管理系统12.odt  职工管理系统.odt   职工管理系统.txt
libo@libo-OptiPlex-990:~/Adress-management/thesis/project_demo$ cd ../删除做成版本/
libo@libo-OptiPlex-990:~/Adress-management/thesis/删除做成版本$ ls
addrdata.c  addrlogic.c  addrmain.c  addrui.h              thesis            职工管理系统.txt~
addrdata.h  addrlogic.h  addrui.c    Deletepersoninfo.txt  职工管理系统.txt  职工管理系统 (复件).txt
libo@libo-OptiPlex-990:~/Adress-management/thesis/删除做成版本$ rm *.*~
libo@libo-OptiPlex-990:~/Adress-management/thesis/删除做成版本$ ls
addrdata.c  addrlogic.c  addrmain.c  addrui.h              thesis            职工管理系统 (复件).txt
addrdata.h  addrlogic.h  addrui.c    Deletepersoninfo.txt  职工管理系统.txt
libo@libo-OptiPlex-990:~/Adress-management/thesis/删除做成版本$ cd ..
libo@libo-OptiPlex-990:~/Adress-management/thesis$ ls
addrdatabase  addrlogic.h       addrui.h                       logintable.txt  user_version_problem.txt        无标题文档
addrdata.c    addrmain.c        Deletepersoninfo.txt           project_demo    车牌号码前面的英文字母排序.doc  无标题文档~
addrdata.h    addrtestdatabase  introduce.txt                  testdatabase    辅助测试函数                    职工管理系统.txt
addrlogic.c   addrui.c          linux系统字体背景颜色说明.txt  thesis          删除做成版本
libo@libo-OptiPlex-990:~/Adress-management/thesis$ cd addrdatabase/
libo@libo-OptiPlex-990:~/Adress-management/thesis/addrdatabase$ ls
database.c  database.c~  database.h  database.h~
libo@libo-OptiPlex-990:~/Adress-management/thesis/addrdatabase$ rm *.*~
libo@libo-OptiPlex-990:~/Adress-management/thesis/addrdatabase$ ls
database.c  database.h
libo@libo-OptiPlex-990:~/Adress-management/thesis/addrdatabase$ cd ../addrtestdatabase/
libo@libo-OptiPlex-990:~/Adress-management/thesis/addrtestdatabase$ ls
database  database.c  database.c~  database.h  database.h~  职工管理系统.txt
libo@libo-OptiPlex-990:~/Adress-management/thesis/addrtestdatabase$ rm *.*~
libo@libo-OptiPlex-990:~/Adress-management/thesis/addrtestdatabase$ ls
database  database.c  database.h  职工管理系统.txt
libo@libo-OptiPlex-990:~/Adress-management/thesis/addrtestdatabase$ cd ../
libo@libo-OptiPlex-990:~/Adress-management/thesis$ ls
addrdatabase  addrlogic.h       addrui.h                       logintable.txt  user_version_problem.txt        无标题文档
addrdata.c    addrmain.c        Deletepersoninfo.txt           project_demo    车牌号码前面的英文字母排序.doc  无标题文档~
addrdata.h    addrtestdatabase  introduce.txt                  testdatabase    辅助测试函数                    职工管理系统.txt
addrlogic.c   addrui.c          linux系统字体背景颜色说明.txt  thesis          删除做成版本
libo@libo-OptiPlex-990:~/Adress-management/thesis$ rm *.*~
rm: 无法删除"*.*~": 没有那个文件或目录
libo@libo-OptiPlex-990:~/Adress-management/thesis$ rm *~
libo@libo-OptiPlex-990:~/Adress-management/thesis$ ls
addrdatabase  addrlogic.h       addrui.h                       logintable.txt  user_version_problem.txt        无标题文档
addrdata.c    addrmain.c        Deletepersoninfo.txt           project_demo    车牌号码前面的英文字母排序.doc  职工管理系统.txt
addrdata.h    addrtestdatabase  introduce.txt                  testdatabase    辅助测试函数
addrlogic.c   addrui.c          linux系统字体背景颜色说明.txt  thesis          删除做成版本
libo@libo-OptiPlex-990:~/Adress-management/thesis$ ls
addrdatabase  addrlogic.h       addrui.h                       logintable.txt  user_version_problem.txt        无标题文档
addrdata.c    addrmain.c        Deletepersoninfo.txt           project_demo    车牌号码前面的英文字母排序.doc  职工管理系统.txt
addrdata.h    addrtestdatabase  introduce.txt                  testdatabase    辅助测试函数
addrlogic.c   addrui.c          linux系统字体背景颜色说明.txt  thesis          删除做成版本
libo@libo-OptiPlex-990:~/Adress-management/thesis$ tree
.
├── addrdatabase
│   ├── database.c
│   └── database.h
├── addrdata.c
├── addrdata.h
├── addrlogic.c
├── addrlogic.h
├── addrmain.c
├── addrtestdatabase
│   ├── database
│   ├── database.c
│   ├── database.h
│   └── 职工管理系统.txt
├── addrui.c
├── addrui.h
├── Deletepersoninfo.txt
├── introduce.txt
├── linux系统字体背景颜色说明.txt
├── logintable.txt
├── project_demo
│   ├── 1
│   ├── 1.c
│   ├── 2
│   ├── 2.c
│   ├── data.c
│   ├── data.h
│   ├── logic.c
│   ├── logic.h
│   ├── main
│   ├── main.c
│   ├── note
│   ├── ui.c
│   ├── ui.h
│   ├── 职工管理系统12.odt
│   ├── 职工管理系统.docx
│   ├── 职工管理系统.odt
│   ├── 职工管理系统.pptx
│   └── 职工管理系统.txt
├── testdatabase
│   ├── database
│   ├── database.c
│   ├── database.c~
│   ├── database.h
│   ├── database.h~
│   └── 职工管理系统.txt
├── thesis
├── user_version_problem.txt
├── 车牌号码前面的英文字母排序.doc
├── 辅助测试函数
│   ├── change_color
│   ├── colorful
│   ├── deletenode_test
│   ├── dynamic
│   ├── dynamic.o
│   ├── int_string
│   ├── libncurses
│   │   ├── lcurses.txt
│   │   ├── test
│   │   ├── test.c
│   │   ├── test.c~
│   │   └── 无标题文档~
│   ├── 调试函数
│   │   ├── debug
│   │   ├── debug.c
│   │   ├── debug.h
│   │   ├── fact.c
│   │   ├── facttest
│   │   ├── generate_dot_so.txt
│   │   ├── generate_dot_so.txt~
│   │   ├── libmy_debug.so
│   │   ├── main
│   │   ├── main.c
│   │   ├── mydebug
│   │   ├── my_debug.c
│   │   ├── my_debug.h
│   │   ├── my_debug.o
│   │   └── 调试.txt
│   ├── 格式.txt
│   ├── 计算机二级链表,递归,进制转换
│   │   ├── 10进制数转任意进制.c~
│   │   ├── 16进制转10进制.c~
│   │   ├── 插入排序法.c~
│   │   ├── 插入新结点.c~
│   │   ├── 结点数据域之和.c~
│   │   ├── 进制转换
│   │   │   ├── 1
│   │   │   ├── 10进制数转任意进制.c
│   │   │   ├── 16进制转10进制.c
│   │   │   ├── 16进制转10进制.c~
│   │   │   ├── 2
│   │   │   ├── 4
│   │   │   ├── 大数相加操作.c
│   │   │   ├── 大数相加操作.c~
│   │   │   ├── 任意进制转10进制.c
│   │   │   └── 相加操作.c~
│   │   ├── 进制转换.c~
│   │   ├── 链表
│   │   │   ├── 1
│   │   │   ├── 2
│   │   │   ├── dai
│   │   │   ├── delete
│   │   │   ├── find
│   │   │   ├── free
│   │   │   ├── 不带头结点的链表数据域倒置.c
│   │   │   ├── 插入新结点.c
│   │   │   ├── 查找数据域.c
│   │   │   ├── 查找数据域.c~
│   │   │   ├── 带头结点的链表数据域倒置.c
│   │   │   ├── 带头结点的链表数据域倒置.c~
│   │   │   ├── 结点数据域之和.c
│   │   │   ├── 链表数据域倒置.c~
│   │   │   ├── 链表找出最高分.c
│   │   │   ├── 删除数据域值相同的结点.c
│   │   │   ├── 升序排列数据域.c
│   │   │   ├── 升序排列数据域.c~
│   │   │   ├── 释放结点.c
│   │   │   ├── 释放结点.c~
│   │   │   └── 无标题文档~
│   │   ├── 链表找出最高分.c~
│   │   ├── 排序
│   │   │   ├── 2
│   │   │   ├── 3
│   │   │   ├── kuai
│   │   │   ├── quicksort
│   │   │   ├── 插入排序法.c
│   │   │   ├── 快速排序.c
│   │   │   ├── 快速排序.c~
│   │   │   ├── 选择法排序.c
│   │   │   ├── 选择法排序.c~
│   │   │   ├── 选择排序2.c
│   │   │   ├── 选择排序2.c~
│   │   │   └── 选择排序.c
│   │   ├── 其他
│   │   │   ├── exchange
│   │   │   ├── minimal
│   │   │   ├── prime
│   │   │   ├── 按条件换位.c
│   │   │   ├── 按条件换位.c~
│   │   │   ├── 二维数组.c~
│   │   │   ├── 计算s所指的字符串中含有t的个数.c~
│   │   │   ├── 输出质因子.c
│   │   │   ├── 输出质因子.c~
│   │   │   ├── 最小公倍数.c
│   │   │   └── 最小公倍数.c~
│   │   ├── 删除数据域值相同的结点.c~
│   │   ├── 释放结点.c~
│   │   ├── 数组类
│   │   │   ├── 2
│   │   │   ├── 26个字母个数统计.c
│   │   │   ├── 3
│   │   │   ├── 4
│   │   │   ├── 5
│   │   │   ├── 6
│   │   │   ├── erweishuzu
│   │   │   ├── nixu
│   │   │   ├── string
│   │   │   ├── 二维数组.c
│   │   │   ├── 过滤一维数组中相同的数字.c
│   │   │   ├── 过滤一维数组中相同的数字.c~
│   │   │   ├── 计算s所指的字符串中含有t的个数.c
│   │   │   ├── 计算s所指的字符串中含有t的个数.c~
│   │   │   ├── 平移一维数组.c
│   │   │   ├── 平移一维数组.c~
│   │   │   ├── 前移字母字符.c
│   │   │   ├── 前移字母字符.c~
│   │   │   ├── 使用指针将字符串逆序.c
│   │   │   ├── 使用指针将字符串逆序.c~
│   │   │   ├── 数组中插入元素.c
│   │   │   ├── 替换字符串.c
│   │   │   ├── 替换字符串.c~
│   │   │   ├── 用递归法实现逆序.c
│   │   │   ├── 找出最长字符串.c
│   │   │   └── 折半查找.c
│   │   ├── 数组中插入元素.c~
│   │   ├── 选择法排序.c~
│   │   ├── 用递归法实现逆序.c~
│   │   ├── 找出最长字符串.c~
│   │   └── 折半查找.c~
│   ├── 文件判空
│   │   └── Linklist.c
│   └── 职工管理系统.txt
├── 删除做成版本
│   ├── addrdata.c
│   ├── addrdata.h
│   ├── addrlogic.c
│   ├── addrlogic.h
│   ├── addrmain.c
│   ├── addrui.c
│   ├── addrui.h
│   ├── Deletepersoninfo.txt
│   ├── thesis
│   ├── 职工管理系统.txt
│   └── 职工管理系统 (复件).txt
├── 无标题文档
└── 职工管理系统.txt

15 directories, 180 files
libo@libo-OptiPlex-990:~/Adress-management/thesis$ ls
addrdatabase  addrlogic.h       addrui.h                       logintable.txt  user_version_problem.txt        无标题文档
addrdata.c    addrmain.c        Deletepersoninfo.txt           project_demo    车牌号码前面的英文字母排序.doc  职工管理系统.txt
addrdata.h    addrtestdatabase  introduce.txt                  testdatabase    辅助测试函数
addrlogic.c   addrui.c          linux系统字体背景颜色说明.txt  thesis          删除做成版本
libo@libo-OptiPlex-990:~/Adress-management/thesis$ cd 辅助测试函数
libo@libo-OptiPlex-990:~/Adress-management/thesis/辅助测试函数$ ls
change_color  deletenode_test  dynamic.o   libncurses  格式.txt                      文件判空
colorful      dynamic          int_string  调试函数    计算机二级链表,递归,进制转换  职工管理系统.txt
libo@libo-OptiPlex-990:~/Adress-management/thesis/辅助测试函数$ cd 调试函数
libo@libo-OptiPlex-990:~/Adress-management/thesis/辅助测试函数/调试函数$ ls
debug    debug.h  facttest             generate_dot_so.txt~  main    mydebug     my_debug.h  调试.txt
debug.c  fact.c   generate_dot_so.txt  libmy_debug.so        main.c  my_debug.c  my_debug.o
libo@libo-OptiPlex-990:~/Adress-management/thesis/辅助测试函数/调试函数$ rm *.*~
libo@libo-OptiPlex-990:~/Adress-management/thesis/辅助测试函数/调试函数$ ls
debug    debug.h  facttest             libmy_debug.so  main.c   my_debug.c  my_debug.o
debug.c  fact.c   generate_dot_so.txt  main            mydebug  my_debug.h  调试.txt
libo@libo-OptiPlex-990:~/Adress-management/thesis/辅助测试函数/调试函数$ cd ../..
libo@libo-OptiPlex-990:~/Adress-management/thesis$ ls
addrdatabase  addrlogic.h       addrui.h                       logintable.txt  user_version_problem.txt        无标题文档
addrdata.c    addrmain.c        Deletepersoninfo.txt           project_demo    车牌号码前面的英文字母排序.doc  职工管理系统.txt
addrdata.h    addrtestdatabase  introduce.txt                  testdatabase    辅助测试函数
addrlogic.c   addrui.c          linux系统字体背景颜色说明.txt  thesis          删除做成版本
libo@libo-OptiPlex-990:~/Adress-management/thesis$ cd 辅助测试函数
libo@libo-OptiPlex-990:~/Adress-management/thesis/辅助测试函数$ ls
change_color  deletenode_test  dynamic.o   libncurses  格式.txt                      文件判空
colorful      dynamic          int_string  调试函数    计算机二级链表,递归,进制转换  职工管理系统.txt
libo@libo-OptiPlex-990:~/Adress-management/thesis/辅助测试函数$ cd 计算机二级链表,递归,进制转换
libo@libo-OptiPlex-990:~/Adress-management/thesis/辅助测试函数/计算机二级链表,递归,进制转换$ ls
10进制数转任意进制.c~  结点数据域之和.c~  链表找出最高分.c~          释放结点.c~        用递归法实现逆序.c~
16进制转10进制.c~      进制转换           排序                       数组类             找出最长字符串.c~
插入排序法.c~          进制转换.c~        其他                       数组中插入元素.c~  折半查找.c~
插入新结点.c~          链表               删除数据域值相同的结点.c~  选择法排序.c~
libo@libo-OptiPlex-990:~/Adress-management/thesis/辅助测试函数/计算机二级链表,递归,进制转换$ rm *.*~
libo@libo-OptiPlex-990:~/Adress-management/thesis/辅助测试函数/计算机二级链表,递归,进制转换$ ls
进制转换  链表  排序  其他  数组类
libo@libo-OptiPlex-990:~/Adress-management/thesis/辅助测试函数/计算机二级链表,递归,进制转换$ cd ../..
libo@libo-OptiPlex-990:~/Adress-management/thesis$ ls
addrdatabase  addrlogic.h       addrui.h                       logintable.txt  user_version_problem.txt        无标题文档
addrdata.c    addrmain.c        Deletepersoninfo.txt           project_demo    车牌号码前面的英文字母排序.doc  职工管理系统.txt
addrdata.h    addrtestdatabase  introduce.txt                  testdatabase    辅助测试函数
addrlogic.c   addrui.c          linux系统字体背景颜色说明.txt  thesis          删除做成版本
libo@libo-OptiPlex-990:~/Adress-management/thesis$ tree
.
├── addrdatabase
│   ├── database.c
│   └── database.h
├── addrdata.c
├── addrdata.h
├── addrlogic.c
├── addrlogic.h
├── addrmain.c
├── addrtestdatabase
│   ├── database
│   ├── database.c
│   ├── database.h
│   └── 职工管理系统.txt
├── addrui.c
├── addrui.h
├── Deletepersoninfo.txt
├── introduce.txt
├── linux系统字体背景颜色说明.txt
├── logintable.txt
├── project_demo
│   ├── 1
│   ├── 1.c
│   ├── 2
│   ├── 2.c
│   ├── data.c
│   ├── data.h
│   ├── logic.c
│   ├── logic.h
│   ├── main
│   ├── main.c
│   ├── note
│   ├── ui.c
│   ├── ui.h
│   ├── 职工管理系统12.odt
│   ├── 职工管理系统.docx
│   ├── 职工管理系统.odt
│   ├── 职工管理系统.pptx
│   └── 职工管理系统.txt
├── testdatabase
│   ├── database
│   ├── database.c
│   ├── database.c~
│   ├── database.h
│   ├── database.h~
│   └── 职工管理系统.txt
├── thesis
├── user_version_problem.txt
├── 车牌号码前面的英文字母排序.doc
├── 辅助测试函数
│   ├── change_color
│   ├── colorful
│   ├── deletenode_test
│   ├── dynamic
│   ├── dynamic.o
│   ├── int_string
│   ├── libncurses
│   │   ├── lcurses.txt
│   │   ├── test
│   │   ├── test.c
│   │   ├── test.c~
│   │   └── 无标题文档~
│   ├── 调试函数
│   │   ├── debug
│   │   ├── debug.c
│   │   ├── debug.h
│   │   ├── fact.c
│   │   ├── facttest
│   │   ├── generate_dot_so.txt
│   │   ├── libmy_debug.so
│   │   ├── main
│   │   ├── main.c
│   │   ├── mydebug
│   │   ├── my_debug.c
│   │   ├── my_debug.h
│   │   ├── my_debug.o
│   │   └── 调试.txt
│   ├── 格式.txt
│   ├── 计算机二级链表,递归,进制转换
│   │   ├── 进制转换
│   │   │   ├── 1
│   │   │   ├── 10进制数转任意进制.c
│   │   │   ├── 16进制转10进制.c
│   │   │   ├── 16进制转10进制.c~
│   │   │   ├── 2
│   │   │   ├── 4
│   │   │   ├── 大数相加操作.c
│   │   │   ├── 大数相加操作.c~
│   │   │   ├── 任意进制转10进制.c
│   │   │   └── 相加操作.c~
│   │   ├── 链表
│   │   │   ├── 1
│   │   │   ├── 2
│   │   │   ├── dai
│   │   │   ├── delete
│   │   │   ├── find
│   │   │   ├── free
│   │   │   ├── 不带头结点的链表数据域倒置.c
│   │   │   ├── 插入新结点.c
│   │   │   ├── 查找数据域.c
│   │   │   ├── 查找数据域.c~
│   │   │   ├── 带头结点的链表数据域倒置.c
│   │   │   ├── 带头结点的链表数据域倒置.c~
│   │   │   ├── 结点数据域之和.c
│   │   │   ├── 链表数据域倒置.c~
│   │   │   ├── 链表找出最高分.c
│   │   │   ├── 删除数据域值相同的结点.c
│   │   │   ├── 升序排列数据域.c
│   │   │   ├── 升序排列数据域.c~
│   │   │   ├── 释放结点.c
│   │   │   ├── 释放结点.c~
│   │   │   └── 无标题文档~
│   │   ├── 排序
│   │   │   ├── 2
│   │   │   ├── 3
│   │   │   ├── kuai
│   │   │   ├── quicksort
│   │   │   ├── 插入排序法.c
│   │   │   ├── 快速排序.c
│   │   │   ├── 快速排序.c~
│   │   │   ├── 选择法排序.c
│   │   │   ├── 选择法排序.c~
│   │   │   ├── 选择排序2.c
│   │   │   ├── 选择排序2.c~
│   │   │   └── 选择排序.c
│   │   ├── 其他
│   │   │   ├── exchange
│   │   │   ├── minimal
│   │   │   ├── prime
│   │   │   ├── 按条件换位.c
│   │   │   ├── 按条件换位.c~
│   │   │   ├── 二维数组.c~
│   │   │   ├── 计算s所指的字符串中含有t的个数.c~
│   │   │   ├── 输出质因子.c
│   │   │   ├── 输出质因子.c~
│   │   │   ├── 最小公倍数.c
│   │   │   └── 最小公倍数.c~
│   │   └── 数组类
│   │       ├── 2
│   │       ├── 26个字母个数统计.c
│   │       ├── 3
│   │       ├── 4
│   │       ├── 5
│   │       ├── 6
│   │       ├── erweishuzu
│   │       ├── nixu
│   │       ├── string
│   │       ├── 二维数组.c
│   │       ├── 过滤一维数组中相同的数字.c
│   │       ├── 过滤一维数组中相同的数字.c~
│   │       ├── 计算s所指的字符串中含有t的个数.c
│   │       ├── 计算s所指的字符串中含有t的个数.c~
│   │       ├── 平移一维数组.c
│   │       ├── 平移一维数组.c~
│   │       ├── 前移字母字符.c
│   │       ├── 前移字母字符.c~
│   │       ├── 使用指针将字符串逆序.c
│   │       ├── 使用指针将字符串逆序.c~
│   │       ├── 数组中插入元素.c
│   │       ├── 替换字符串.c
│   │       ├── 替换字符串.c~
│   │       ├── 用递归法实现逆序.c
│   │       ├── 找出最长字符串.c
│   │       └── 折半查找.c
│   ├── 文件判空
│   │   └── Linklist.c
│   └── 职工管理系统.txt
├── 删除做成版本
│   ├── addrdata.c
│   ├── addrdata.h
│   ├── addrlogic.c
│   ├── addrlogic.h
│   ├── addrmain.c
│   ├── addrui.c
│   ├── addrui.h
│   ├── Deletepersoninfo.txt
│   ├── thesis
│   ├── 职工管理系统.txt
│   └── 职工管理系统 (复件).txt
├── 无标题文档
└── 职工管理系统.txt

15 directories, 165 files
libo@libo-OptiPlex-990:~/Adress-management/thesis$ ls
addrdatabase  addrlogic.h       addrui.h                       logintable.txt  user_version_problem.txt        无标题文档
addrdata.c    addrmain.c        Deletepersoninfo.txt           project_demo    车牌号码前面的英文字母排序.doc  职工管理系统.txt
addrdata.h    addrtestdatabase  introduce.txt                  testdatabase    辅助测试函数
addrlogic.c   addrui.c          linux系统字体背景颜色说明.txt  thesis          删除做成版本
libo@libo-OptiPlex-990:~/Adress-management/thesis$ cd 辅助测试函数
libo@libo-OptiPlex-990:~/Adress-management/thesis/辅助测试函数$ ls
change_color  deletenode_test  dynamic.o   libncurses  格式.txt                      文件判空
colorful      dynamic          int_string  调试函数    计算机二级链表,递归,进制转换  职工管理系统.txt
libo@libo-OptiPlex-990:~/Adress-management/thesis/辅助测试函数$ cd 调试函数
libo@libo-OptiPlex-990:~/Adress-management/thesis/辅助测试函数/调试函数$ ls
debug    debug.h  facttest             libmy_debug.so  main.c   my_debug.c  my_debug.o
debug.c  fact.c   generate_dot_so.txt  main            mydebug  my_debug.h  调试.txt
libo@libo-OptiPlex-990:~/Adress-management/thesis/辅助测试函数/调试函数$ cd ..
libo@libo-OptiPlex-990:~/Adress-management/thesis/辅助测试函数$ tree
.
├── change_color
├── colorful
├── deletenode_test
├── dynamic
├── dynamic.o
├── int_string
├── libncurses
│   ├── lcurses.txt
│   ├── test
│   ├── test.c
│   ├── test.c~
│   └── 无标题文档~
├── 调试函数
│   ├── debug
│   ├── debug.c
│   ├── debug.h
│   ├── fact.c
│   ├── facttest
│   ├── generate_dot_so.txt
│   ├── libmy_debug.so
│   ├── main
│   ├── main.c
│   ├── mydebug
│   ├── my_debug.c
│   ├── my_debug.h
│   ├── my_debug.o
│   └── 调试.txt
├── 格式.txt
├── 计算机二级链表,递归,进制转换
│   ├── 进制转换
│   │   ├── 1
│   │   ├── 10进制数转任意进制.c
│   │   ├── 16进制转10进制.c
│   │   ├── 16进制转10进制.c~
│   │   ├── 2
│   │   ├── 4
│   │   ├── 大数相加操作.c
│   │   ├── 大数相加操作.c~
│   │   ├── 任意进制转10进制.c
│   │   └── 相加操作.c~
│   ├── 链表
│   │   ├── 1
│   │   ├── 2
│   │   ├── dai
│   │   ├── delete
│   │   ├── find
│   │   ├── free
│   │   ├── 不带头结点的链表数据域倒置.c
│   │   ├── 插入新结点.c
│   │   ├── 查找数据域.c
│   │   ├── 查找数据域.c~
│   │   ├── 带头结点的链表数据域倒置.c
│   │   ├── 带头结点的链表数据域倒置.c~
│   │   ├── 结点数据域之和.c
│   │   ├── 链表数据域倒置.c~
│   │   ├── 链表找出最高分.c
│   │   ├── 删除数据域值相同的结点.c
│   │   ├── 升序排列数据域.c
│   │   ├── 升序排列数据域.c~
│   │   ├── 释放结点.c
│   │   ├── 释放结点.c~
│   │   └── 无标题文档~
│   ├── 排序
│   │   ├── 2
│   │   ├── 3
│   │   ├── kuai
│   │   ├── quicksort
│   │   ├── 插入排序法.c
│   │   ├── 快速排序.c
│   │   ├── 快速排序.c~
│   │   ├── 选择法排序.c
│   │   ├── 选择法排序.c~
│   │   ├── 选择排序2.c
│   │   ├── 选择排序2.c~
│   │   └── 选择排序.c
│   ├── 其他
│   │   ├── exchange
│   │   ├── minimal
│   │   ├── prime
│   │   ├── 按条件换位.c
│   │   ├── 按条件换位.c~
│   │   ├── 二维数组.c~
│   │   ├── 计算s所指的字符串中含有t的个数.c~
│   │   ├── 输出质因子.c
│   │   ├── 输出质因子.c~
│   │   ├── 最小公倍数.c
│   │   └── 最小公倍数.c~
│   └── 数组类
│       ├── 2
│       ├── 26个字母个数统计.c
│       ├── 3
│       ├── 4
│       ├── 5
│       ├── 6
│       ├── erweishuzu
│       ├── nixu
│       ├── string
│       ├── 二维数组.c
│       ├── 过滤一维数组中相同的数字.c
│       ├── 过滤一维数组中相同的数字.c~
│       ├── 计算s所指的字符串中含有t的个数.c
│       ├── 计算s所指的字符串中含有t的个数.c~
│       ├── 平移一维数组.c
│       ├── 平移一维数组.c~
│       ├── 前移字母字符.c
│       ├── 前移字母字符.c~
│       ├── 使用指针将字符串逆序.c
│       ├── 使用指针将字符串逆序.c~
│       ├── 数组中插入元素.c
│       ├── 替换字符串.c
│       ├── 替换字符串.c~
│       ├── 用递归法实现逆序.c
│       ├── 找出最长字符串.c
│       └── 折半查找.c
├── 文件判空
│   └── Linklist.c
└── 职工管理系统.txt

9 directories, 108 files
libo@libo-OptiPlex-990:~/Adress-management/thesis/辅助测试函数$ locate 数组类
/home/libo/Adress-management/thesis/辅助测试函数/计算机二级链表,递归,进制转换/数组类
/home/libo/Adress-management/thesis/辅助测试函数/计算机二级链表,递归,进制转换/数组类/2
/home/libo/Adress-management/thesis/辅助测试函数/计算机二级链表,递归,进制转换/数组类/26个字母个数统计.c
/home/libo/Adress-management/thesis/辅助测试函数/计算机二级链表,递归,进制转换/数组类/3
/home/libo/Adress-management/thesis/辅助测试函数/计算机二级链表,递归,进制转换/数组类/4
/home/libo/Adress-management/thesis/辅助测试函数/计算机二级链表,递归,进制转换/数组类/5
/home/libo/Adress-management/thesis/辅助测试函数/计算机二级链表,递归,进制转换/数组类/6
/home/libo/Adress-management/thesis/辅助测试函数/计算机二级链表,递归,进制转换/数组类/erweishuzu
/home/libo/Adress-management/thesis/辅助测试函数/计算机二级链表,递归,进制转换/数组类/nixu
/home/libo/Adress-management/thesis/辅助测试函数/计算机二级链表,递归,进制转换/数组类/string
/home/libo/Adress-management/thesis/辅助测试函数/计算机二级链表,递归,进制转换/数组类/二维数组.c
/home/libo/Adress-management/thesis/辅助测试函数/计算机二级链表,递归,进制转换/数组类/使用指针将字符串逆序.c
/home/libo/Adress-management/thesis/辅助测试函数/计算机二级链表,递归,进制转换/数组类/使用指针将字符串逆序.c~
/home/libo/Adress-management/thesis/辅助测试函数/计算机二级链表,递归,进制转换/数组类/前移字母字符.c
/home/libo/Adress-management/thesis/辅助测试函数/计算机二级链表,递归,进制转换/数组类/前移字母字符.c~
/home/libo/Adress-management/thesis/辅助测试函数/计算机二级链表,递归,进制转换/数组类/平移一维数组.c
/home/libo/Adress-management/thesis/辅助测试函数/计算机二级链表,递归,进制转换/数组类/平移一维数组.c~
/home/libo/Adress-management/thesis/辅助测试函数/计算机二级链表,递归,进制转换/数组类/找出最长字符串.c
/home/libo/Adress-management/thesis/辅助测试函数/计算机二级链表,递归,进制转换/数组类/折半查找.c
/home/libo/Adress-management/thesis/辅助测试函数/计算机二级链表,递归,进制转换/数组类/数组中插入元素.c
/home/libo/Adress-management/thesis/辅助测试函数/计算机二级链表,递归,进制转换/数组类/替换字符串.c
/home/libo/Adress-management/thesis/辅助测试函数/计算机二级链表,递归,进制转换/数组类/替换字符串.c~
/home/libo/Adress-management/thesis/辅助测试函数/计算机二级链表,递归,进制转换/数组类/用递归法实现逆序.c
/home/libo/Adress-management/thesis/辅助测试函数/计算机二级链表,递归,进制转换/数组类/计算s所指的字符串中含有t的个数.c
/home/libo/Adress-management/thesis/辅助测试函数/计算机二级链表,递归,进制转换/数组类/计算s所指的字符串中含有t的个数.c~
/home/libo/Adress-management/thesis/辅助测试函数/计算机二级链表,递归,进制转换/数组类/过滤一维数组中相同的数字.c
/home/libo/Adress-management/thesis/辅助测试函数/计算机二级链表,递归,进制转换/数组类/过滤一维数组中相同的数字.c~
/home/libo/Desktop/16-03-08/thesis/辅助测试函数/计算机二级链表,递归,进制转换/数组类
/home/libo/Desktop/16-03-08/thesis/辅助测试函数/计算机二级链表,递归,进制转换/数组类/2
/home/libo/Desktop/16-03-08/thesis/辅助测试函数/计算机二级链表,递归,进制转换/数组类/26个字母个数统计.c
/home/libo/Desktop/16-03-08/thesis/辅助测试函数/计算机二级链表,递归,进制转换/数组类/3
/home/libo/Desktop/16-03-08/thesis/辅助测试函数/计算机二级链表,递归,进制转换/数组类/4
/home/libo/Desktop/16-03-08/thesis/辅助测试函数/计算机二级链表,递归,进制转换/数组类/5
/home/libo/Desktop/16-03-08/thesis/辅助测试函数/计算机二级链表,递归,进制转换/数组类/6
/home/libo/Desktop/16-03-08/thesis/辅助测试函数/计算机二级链表,递归,进制转换/数组类/erweishuzu
/home/libo/Desktop/16-03-08/thesis/辅助测试函数/计算机二级链表,递归,进制转换/数组类/nixu
/home/libo/Desktop/16-03-08/thesis/辅助测试函数/计算机二级链表,递归,进制转换/数组类/string
/home/libo/Desktop/16-03-08/thesis/辅助测试函数/计算机二级链表,递归,进制转换/数组类/二维数组.c
/home/libo/Desktop/16-03-08/thesis/辅助测试函数/计算机二级链表,递归,进制转换/数组类/使用指针将字符串逆序.c
/home/libo/Desktop/16-03-08/thesis/辅助测试函数/计算机二级链表,递归,进制转换/数组类/使用指针将字符串逆序.c~
/home/libo/Desktop/16-03-08/thesis/辅助测试函数/计算机二级链表,递归,进制转换/数组类/前移字母字符.c
/home/libo/Desktop/16-03-08/thesis/辅助测试函数/计算机二级链表,递归,进制转换/数组类/前移字母字符.c~
/home/libo/Desktop/16-03-08/thesis/辅助测试函数/计算机二级链表,递归,进制转换/数组类/平移一维数组.c
/home/libo/Desktop/16-03-08/thesis/辅助测试函数/计算机二级链表,递归,进制转换/数组类/平移一维数组.c~
/home/libo/Desktop/16-03-08/thesis/辅助测试函数/计算机二级链表,递归,进制转换/数组类/找出最长字符串.c
/home/libo/Desktop/16-03-08/thesis/辅助测试函数/计算机二级链表,递归,进制转换/数组类/折半查找.c
/home/libo/Desktop/16-03-08/thesis/辅助测试函数/计算机二级链表,递归,进制转换/数组类/数组中插入元素.c
/home/libo/Desktop/16-03-08/thesis/辅助测试函数/计算机二级链表,递归,进制转换/数组类/替换字符串.c
/home/libo/Desktop/16-03-08/thesis/辅助测试函数/计算机二级链表,递归,进制转换/数组类/替换字符串.c~
/home/libo/Desktop/16-03-08/thesis/辅助测试函数/计算机二级链表,递归,进制转换/数组类/用递归法实现逆序.c
/home/libo/Desktop/16-03-08/thesis/辅助测试函数/计算机二级链表,递归,进制转换/数组类/计算s所指的字符串中含有t的个数.c
/home/libo/Desktop/16-03-08/thesis/辅助测试函数/计算机二级链表,递归,进制转换/数组类/计算s所指的字符串中含有t的个数.c~
/home/libo/Desktop/16-03-08/thesis/辅助测试函数/计算机二级链表,递归,进制转换/数组类/过滤一维数组中相同的数字.c
/home/libo/Desktop/16-03-08/thesis/辅助测试函数/计算机二级链表,递归,进制转换/数组类/过滤一维数组中相同的数字.c~
/home/libo/Desktop/myself/计算机二级链表,递归,进制转换/数组类
/home/libo/Desktop/myself/计算机二级链表,递归,进制转换/数组类/2
/home/libo/Desktop/myself/计算机二级链表,递归,进制转换/数组类/26个字母个数统计.c
/home/libo/Desktop/myself/计算机二级链表,递归,进制转换/数组类/3
/home/libo/Desktop/myself/计算机二级链表,递归,进制转换/数组类/4
/home/libo/Desktop/myself/计算机二级链表,递归,进制转换/数组类/5
/home/libo/Desktop/myself/计算机二级链表,递归,进制转换/数组类/6
/home/libo/Desktop/myself/计算机二级链表,递归,进制转换/数组类/erweishuzu
/home/libo/Desktop/myself/计算机二级链表,递归,进制转换/数组类/nixu
/home/libo/Desktop/myself/计算机二级链表,递归,进制转换/数组类/二维数组.c
/home/libo/Desktop/myself/计算机二级链表,递归,进制转换/数组类/使用指针将字符串逆序.c
/home/libo/Desktop/myself/计算机二级链表,递归,进制转换/数组类/使用指针将字符串逆序.c~
/home/libo/Desktop/myself/计算机二级链表,递归,进制转换/数组类/前移字母字符.c
/home/libo/Desktop/myself/计算机二级链表,递归,进制转换/数组类/前移字母字符.c~
/home/libo/Desktop/myself/计算机二级链表,递归,进制转换/数组类/平移一维数组.c
/home/libo/Desktop/myself/计算机二级链表,递归,进制转换/数组类/平移一维数组.c~
/home/libo/Desktop/myself/计算机二级链表,递归,进制转换/数组类/找出最长字符串.c
/home/libo/Desktop/myself/计算机二级链表,递归,进制转换/数组类/折半查找.c
/home/libo/Desktop/myself/计算机二级链表,递归,进制转换/数组类/数组中插入元素.c
/home/libo/Desktop/myself/计算机二级链表,递归,进制转换/数组类/替换字符串.c
/home/libo/Desktop/myself/计算机二级链表,递归,进制转换/数组类/替换字符串.c~
/home/libo/Desktop/myself/计算机二级链表,递归,进制转换/数组类/用递归法实现逆序.c
/home/libo/Desktop/myself/计算机二级链表,递归,进制转换/数组类/计算s所指的字符串中含有t的个数.c
/home/libo/Desktop/myself/计算机二级链表,递归,进制转换/数组类/过滤一维数组中相同的数字.c
/home/libo/Desktop/myself/计算机二级链表,递归,进制转换/数组类/过滤一维数组中相同的数字.c~
/home/libo/Desktop/thesis/辅助测试函数/计算机二级链表,递归,进制转换/数组类
/home/libo/Desktop/thesis/辅助测试函数/计算机二级链表,递归,进制转换/数组类/2
/home/libo/Desktop/thesis/辅助测试函数/计算机二级链表,递归,进制转换/数组类/26个字母个数统计.c
/home/libo/Desktop/thesis/辅助测试函数/计算机二级链表,递归,进制转换/数组类/3
/home/libo/Desktop/thesis/辅助测试函数/计算机二级链表,递归,进制转换/数组类/4
/home/libo/Desktop/thesis/辅助测试函数/计算机二级链表,递归,进制转换/数组类/5
/home/libo/Desktop/thesis/辅助测试函数/计算机二级链表,递归,进制转换/数组类/6
/home/libo/Desktop/thesis/辅助测试函数/计算机二级链表,递归,进制转换/数组类/erweishuzu
/home/libo/Desktop/thesis/辅助测试函数/计算机二级链表,递归,进制转换/数组类/nixu
/home/libo/Desktop/thesis/辅助测试函数/计算机二级链表,递归,进制转换/数组类/string
/home/libo/Desktop/thesis/辅助测试函数/计算机二级链表,递归,进制转换/数组类/二维数组.c
/home/libo/Desktop/thesis/辅助测试函数/计算机二级链表,递归,进制转换/数组类/使用指针将字符串逆序.c
/home/libo/Desktop/thesis/辅助测试函数/计算机二级链表,递归,进制转换/数组类/使用指针将字符串逆序.c~
/home/libo/Desktop/thesis/辅助测试函数/计算机二级链表,递归,进制转换/数组类/前移字母字符.c
/home/libo/Desktop/thesis/辅助测试函数/计算机二级链表,递归,进制转换/数组类/前移字母字符.c~
/home/libo/Desktop/thesis/辅助测试函数/计算机二级链表,递归,进制转换/数组类/平移一维数组.c
/home/libo/Desktop/thesis/辅助测试函数/计算机二级链表,递归,进制转换/数组类/平移一维数组.c~
/home/libo/Desktop/thesis/辅助测试函数/计算机二级链表,递归,进制转换/数组类/找出最长字符串.c
/home/libo/Desktop/thesis/辅助测试函数/计算机二级链表,递归,进制转换/数组类/折半查找.c
/home/libo/Desktop/thesis/辅助测试函数/计算机二级链表,递归,进制转换/数组类/数组中插入元素.c
/home/libo/Desktop/thesis/辅助测试函数/计算机二级链表,递归,进制转换/数组类/替换字符串.c
/home/libo/Desktop/thesis/辅助测试函数/计算机二级链表,递归,进制转换/数组类/替换字符串.c~
/home/libo/Desktop/thesis/辅助测试函数/计算机二级链表,递归,进制转换/数组类/用递归法实现逆序.c
/home/libo/Desktop/thesis/辅助测试函数/计算机二级链表,递归,进制转换/数组类/计算s所指的字符串中含有t的个数.c
/home/libo/Desktop/thesis/辅助测试函数/计算机二级链表,递归,进制转换/数组类/计算s所指的字符串中含有t的个数.c~
/home/libo/Desktop/thesis/辅助测试函数/计算机二级链表,递归,进制转换/数组类/过滤一维数组中相同的数字.c
/home/libo/Desktop/thesis/辅助测试函数/计算机二级链表,递归,进制转换/数组类/过滤一维数组中相同的数字.c~
/home/libo/Downloads/u pan/thesis/辅助测试/计算机二级链表,递归,进制转换/数组类
/home/libo/Downloads/u pan/thesis/辅助测试/计算机二级链表,递归,进制转换/数组类/2
/home/libo/Downloads/u pan/thesis/辅助测试/计算机二级链表,递归,进制转换/数组类/26个字母个数统计.c
/home/libo/Downloads/u pan/thesis/辅助测试/计算机二级链表,递归,进制转换/数组类/3
/home/libo/Downloads/u pan/thesis/辅助测试/计算机二级链表,递归,进制转换/数组类/4
/home/libo/Downloads/u pan/thesis/辅助测试/计算机二级链表,递归,进制转换/数组类/5
/home/libo/Downloads/u pan/thesis/辅助测试/计算机二级链表,递归,进制转换/数组类/6
/home/libo/Downloads/u pan/thesis/辅助测试/计算机二级链表,递归,进制转换/数组类/erweishuzu
/home/libo/Downloads/u pan/thesis/辅助测试/计算机二级链表,递归,进制转换/数组类/nixu
/home/libo/Downloads/u pan/thesis/辅助测试/计算机二级链表,递归,进制转换/数组类/二维数组.c
/home/libo/Downloads/u pan/thesis/辅助测试/计算机二级链表,递归,进制转换/数组类/使用指针将字符串逆序.c
/home/libo/Downloads/u pan/thesis/辅助测试/计算机二级链表,递归,进制转换/数组类/使用指针将字符串逆序.c~
/home/libo/Downloads/u pan/thesis/辅助测试/计算机二级链表,递归,进制转换/数组类/前移字母字符.c
/home/libo/Downloads/u pan/thesis/辅助测试/计算机二级链表,递归,进制转换/数组类/前移字母字符.c~
/home/libo/Downloads/u pan/thesis/辅助测试/计算机二级链表,递归,进制转换/数组类/平移一维数组.c
/home/libo/Downloads/u pan/thesis/辅助测试/计算机二级链表,递归,进制转换/数组类/平移一维数组.c~
/home/libo/Downloads/u pan/thesis/辅助测试/计算机二级链表,递归,进制转换/数组类/找出最长字符串.c
/home/libo/Downloads/u pan/thesis/辅助测试/计算机二级链表,递归,进制转换/数组类/折半查找.c
/home/libo/Downloads/u pan/thesis/辅助测试/计算机二级链表,递归,进制转换/数组类/数组中插入元素.c
/home/libo/Downloads/u pan/thesis/辅助测试/计算机二级链表,递归,进制转换/数组类/替换字符串.c
/home/libo/Downloads/u pan/thesis/辅助测试/计算机二级链表,递归,进制转换/数组类/替换字符串.c~
/home/libo/Downloads/u pan/thesis/辅助测试/计算机二级链表,递归,进制转换/数组类/用递归法实现逆序.c
/home/libo/Downloads/u pan/thesis/辅助测试/计算机二级链表,递归,进制转换/数组类/计算s所指的字符串中含有t的个数.c
/home/libo/Downloads/u pan/thesis/辅助测试/计算机二级链表,递归,进制转换/数组类/过滤一维数组中相同的数字.c
/home/libo/Downloads/u pan/thesis/辅助测试/计算机二级链表,递归,进制转换/数组类/过滤一维数组中相同的数字.c~
libo@libo-OptiPlex-990:~/Adress-management/thesis/辅助测试函数$ cd 计算机二级链表,递归,进制转换
libo@libo-OptiPlex-990:~/Adress-management/thesis/辅助测试函数/计算机二级链表,递归,进制转换$ cd 数组类
libo@libo-OptiPlex-990:~/Adress-management/thesis/辅助测试函数/计算机二级链表,递归,进制转换/数组类$ ls
2                   6           过滤一维数组中相同的数字.c         平移一维数组.c~          数组中插入元素.c    折半查找.c
26个字母个数统计.c  erweishuzu  过滤一维数组中相同的数字.c~        前移字母字符.c           替换字符串.c
3                   nixu        计算s所指的字符串中含有t的个数.c   前移字母字符.c~          替换字符串.c~
4                   string      计算s所指的字符串中含有t的个数.c~  使用指针将字符串逆序.c   用递归法实现逆序.c
5                   二维数组.c  平移一维数组.c                     使用指针将字符串逆序.c~  找出最长字符串.c
libo@libo-OptiPlex-990:~/Adress-management/thesis/辅助测试函数/计算机二级链表,递归,进制转换/数组类$ rm *.*~
libo@libo-OptiPlex-990:~/Adress-management/thesis/辅助测试函数/计算机二级链表,递归,进制转换/数组类$ ls
2                   4  erweishuzu  二维数组.c                        平移一维数组.c          数组中插入元素.c    找出最长字符串.c
26个字母个数统计.c  5  nixu        过滤一维数组中相同的数字.c        前移字母字符.c          替换字符串.c        折半查找.c
3                   6  string      计算s所指的字符串中含有t的个数.c  使用指针将字符串逆序.c  用递归法实现逆序.c
libo@libo-OptiPlex-990:~/Adress-management/thesis/辅助测试函数/计算机二级链表,递归,进制转换/数组类$ cd ../../
libo@libo-OptiPlex-990:~/Adress-management/thesis/辅助测试函数$ tree
.
├── change_color
├── colorful
├── deletenode_test
├── dynamic
├── dynamic.o
├── int_string
├── libncurses
│   ├── lcurses.txt
│   ├── test
│   ├── test.c
│   ├── test.c~
│   └── 无标题文档~
├── 调试函数
│   ├── debug
│   ├── debug.c
│   ├── debug.h
│   ├── fact.c
│   ├── facttest
│   ├── generate_dot_so.txt
│   ├── libmy_debug.so
│   ├── main
│   ├── main.c
│   ├── mydebug
│   ├── my_debug.c
│   ├── my_debug.h
│   ├── my_debug.o
│   └── 调试.txt
├── 格式.txt
├── 计算机二级链表,递归,进制转换
│   ├── 进制转换
│   │   ├── 1
│   │   ├── 10进制数转任意进制.c
│   │   ├── 16进制转10进制.c
│   │   ├── 16进制转10进制.c~
│   │   ├── 2
│   │   ├── 4
│   │   ├── 大数相加操作.c
│   │   ├── 大数相加操作.c~
│   │   ├── 任意进制转10进制.c
│   │   └── 相加操作.c~
│   ├── 链表
│   │   ├── 1
│   │   ├── 2
│   │   ├── dai
│   │   ├── delete
│   │   ├── find
│   │   ├── free
│   │   ├── 不带头结点的链表数据域倒置.c
│   │   ├── 插入新结点.c
│   │   ├── 查找数据域.c
│   │   ├── 查找数据域.c~
│   │   ├── 带头结点的链表数据域倒置.c
│   │   ├── 带头结点的链表数据域倒置.c~
│   │   ├── 结点数据域之和.c
│   │   ├── 链表数据域倒置.c~
│   │   ├── 链表找出最高分.c
│   │   ├── 删除数据域值相同的结点.c
│   │   ├── 升序排列数据域.c
│   │   ├── 升序排列数据域.c~
│   │   ├── 释放结点.c
│   │   ├── 释放结点.c~
│   │   └── 无标题文档~
│   ├── 排序
│   │   ├── 2
│   │   ├── 3
│   │   ├── kuai
│   │   ├── quicksort
│   │   ├── 插入排序法.c
│   │   ├── 快速排序.c
│   │   ├── 快速排序.c~
│   │   ├── 选择法排序.c
│   │   ├── 选择法排序.c~
│   │   ├── 选择排序2.c
│   │   ├── 选择排序2.c~
│   │   └── 选择排序.c
│   ├── 其他
│   │   ├── exchange
│   │   ├── minimal
│   │   ├── prime
│   │   ├── 按条件换位.c
│   │   ├── 按条件换位.c~
│   │   ├── 二维数组.c~
│   │   ├── 计算s所指的字符串中含有t的个数.c~
│   │   ├── 输出质因子.c
│   │   ├── 输出质因子.c~
│   │   ├── 最小公倍数.c
│   │   └── 最小公倍数.c~
│   └── 数组类
│       ├── 2
│       ├── 26个字母个数统计.c
│       ├── 3
│       ├── 4
│       ├── 5
│       ├── 6
│       ├── erweishuzu
│       ├── nixu
│       ├── string
│       ├── 二维数组.c
│       ├── 过滤一维数组中相同的数字.c
│       ├── 计算s所指的字符串中含有t的个数.c
│       ├── 平移一维数组.c
│       ├── 前移字母字符.c
│       ├── 使用指针将字符串逆序.c
│       ├── 数组中插入元素.c
│       ├── 替换字符串.c
│       ├── 用递归法实现逆序.c
│       ├── 找出最长字符串.c
│       └── 折半查找.c
├── 文件判空
│   └── Linklist.c
└── 职工管理系统.txt

9 directories, 102 files
libo@libo-OptiPlex-990:~/Adress-management/thesis/辅助测试函数$ cd 计算机二级链表,递归,进制转换
libo@libo-OptiPlex-990:~/Adress-management/thesis/辅助测试函数/计算机二级链表,递归,进制转换$ ls
进制转换  链表  排序  其他  数组类
libo@libo-OptiPlex-990:~/Adress-management/thesis/辅助测试函数/计算机二级链表,递归,进制转换$ cd 进制转换
libo@libo-OptiPlex-990:~/Adress-management/thesis/辅助测试函数/计算机二级链表,递归,进制转换/进制转换$ rm *.*~
libo@libo-OptiPlex-990:~/Adress-management/thesis/辅助测试函数/计算机二级链表,递归,进制转换/进制转换$ ls
1  10进制数转任意进制.c  16进制转10进制.c  2  4  大数相加操作.c  任意进制转10进制.c
libo@libo-OptiPlex-990:~/Adress-management/thesis/辅助测试函数/计算机二级链表,递归,进制转换/进制转换$ cd ../链表
libo@libo-OptiPlex-990:~/Adress-management/thesis/辅助测试函数/计算机二级链表,递归,进制转换/链表$ ls
1    delete  不带头结点的链表数据域倒置.c  查找数据域.c~                结点数据域之和.c   删除数据域值相同的结点.c  释放结点.c
2    find    插入新结点.c                  带头结点的链表数据域倒置.c   链表数据域倒置.c~  升序排列数据域.c          释放结点.c~
dai  free    查找数据域.c                  带头结点的链表数据域倒置.c~  链表找出最高分.c   升序排列数据域.c~         无标题文档~
libo@libo-OptiPlex-990:~/Adress-management/thesis/辅助测试函数/计算机二级链表,递归,进制转换/链表$ rm *.*~
libo@libo-OptiPlex-990:~/Adress-management/thesis/辅助测试函数/计算机二级链表,递归,进制转换/链表$ ls
1  dai     find  不带头结点的链表数据域倒置.c  查找数据域.c                结点数据域之和.c  删除数据域值相同的结点.c  释放结点.c
2  delete  free  插入新结点.c                  带头结点的链表数据域倒置.c  链表找出最高分.c  升序排列数据域.c          无标题文档~
libo@libo-OptiPlex-990:~/Adress-management/thesis/辅助测试函数/计算机二级链表,递归,进制转换/链表$ rm *~
libo@libo-OptiPlex-990:~/Adress-management/thesis/辅助测试函数/计算机二级链表,递归,进制转换/链表$ ls
1  dai     find  不带头结点的链表数据域倒置.c  查找数据域.c                结点数据域之和.c  删除数据域值相同的结点.c  释放结点.c
2  delete  free  插入新结点.c                  带头结点的链表数据域倒置.c  链表找出最高分.c  升序排列数据域.c
libo@libo-OptiPlex-990:~/Adress-management/thesis/辅助测试函数/计算机二级链表,递归,进制转换/链表$ cd ../排序
libo@libo-OptiPlex-990:~/Adress-management/thesis/辅助测试函数/计算机二级链表,递归,进制转换/排序$ ls
2  3  kuai  quicksort  插入排序法.c  快速排序.c  快速排序.c~  选择法排序.c  选择法排序.c~  选择排序2.c  选择排序2.c~  选择排序.c
libo@libo-OptiPlex-990:~/Adress-management/thesis/辅助测试函数/计算机二级链表,递归,进制转换/排序$ rm *.*~
libo@libo-OptiPlex-990:~/Adress-management/thesis/辅助测试函数/计算机二级链表,递归,进制转换/排序$ ls
2  3  kuai  quicksort  插入排序法.c  快速排序.c  选择法排序.c  选择排序2.c  选择排序.c
libo@libo-OptiPlex-990:~/Adress-management/thesis/辅助测试函数/计算机二级链表,递归,进制转换/排序$ cd ../其他
libo@libo-OptiPlex-990:~/Adress-management/thesis/辅助测试函数/计算机二级链表,递归,进制转换/其他$ ls
exchange  prime         按条件换位.c~  计算s所指的字符串中含有t的个数.c~  输出质因子.c~  最小公倍数.c~
minimal   按条件换位.c  二维数组.c~    输出质因子.c                       最小公倍数.c
libo@libo-OptiPlex-990:~/Adress-management/thesis/辅助测试函数/计算机二级链表,递归,进制转换/其他$ rm *.*~
libo@libo-OptiPlex-990:~/Adress-management/thesis/辅助测试函数/计算机二级链表,递归,进制转换/其他$ ls
exchange  minimal  prime  按条件换位.c  输出质因子.c  最小公倍数.c
libo@libo-OptiPlex-990:~/Adress-management/thesis/辅助测试函数/计算机二级链表,递归,进制转换/其他$ cd ../数组类
libo@libo-OptiPlex-990:~/Adress-management/thesis/辅助测试函数/计算机二级链表,递归,进制转换/数组类$ ls
2                   4  erweishuzu  二维数组.c                        平移一维数组.c          数组中插入元素.c    找出最长字符串.c
26个字母个数统计.c  5  nixu        过滤一维数组中相同的数字.c        前移字母字符.c          替换字符串.c        折半查找.c
3                   6  string      计算s所指的字符串中含有t的个数.c  使用指针将字符串逆序.c  用递归法实现逆序.c
libo@libo-OptiPlex-990:~/Adress-management/thesis/辅助测试函数/计算机二级链表,递归,进制转换/数组类$ rm *.*~
rm: 无法删除"*.*~": 没有那个文件或目录
libo@libo-OptiPlex-990:~/Adress-management/thesis/辅助测试函数/计算机二级链表,递归,进制转换/数组类$ ls
2                   4  erweishuzu  二维数组.c                        平移一维数组.c          数组中插入元素.c    找出最长字符串.c
26个字母个数统计.c  5  nixu        过滤一维数组中相同的数字.c        前移字母字符.c          替换字符串.c        折半查找.c
3                   6  string      计算s所指的字符串中含有t的个数.c  使用指针将字符串逆序.c  用递归法实现逆序.c
libo@libo-OptiPlex-990:~/Adress-management/thesis/辅助测试函数/计算机二级链表,递归,进制转换/数组类$ rm 
rm: 缺少操作数
Try 'rm --help' for more information.
libo@libo-OptiPlex-990:~/Adress-management/thesis/辅助测试函数/计算机二级链表,递归,进制转换/数组类$ 
libo@libo-OptiPlex-990:~/Adress-management/thesis/辅助测试函数/计算机二级链表,递归,进制转换/数组类$ cd ../../
libo@libo-OptiPlex-990:~/Adress-management/thesis/辅助测试函数$ cd ..
libo@libo-OptiPlex-990:~/Adress-management/thesis$ tree
.
├── addrdatabase
│   ├── database.c
│   └── database.h
├── addrdata.c
├── addrdata.h
├── addrlogic.c
├── addrlogic.h
├── addrmain.c
├── addrtestdatabase
│   ├── database
│   ├── database.c
│   ├── database.h
│   └── 职工管理系统.txt
├── addrui.c
├── addrui.h
├── Deletepersoninfo.txt
├── introduce.txt
├── linux系统字体背景颜色说明.txt
├── logintable.txt
├── project_demo
│   ├── 1
│   ├── 1.c
│   ├── 2
│   ├── 2.c
│   ├── data.c
│   ├── data.h
│   ├── logic.c
│   ├── logic.h
│   ├── main
│   ├── main.c
│   ├── note
│   ├── ui.c
│   ├── ui.h
│   ├── 职工管理系统12.odt
│   ├── 职工管理系统.docx
│   ├── 职工管理系统.odt
│   ├── 职工管理系统.pptx
│   └── 职工管理系统.txt
├── testdatabase
│   ├── database
│   ├── database.c
│   ├── database.c~
│   ├── database.h
│   ├── database.h~
│   └── 职工管理系统.txt
├── thesis
├── user_version_problem.txt
├── 车牌号码前面的英文字母排序.doc
├── 辅助测试函数
│   ├── change_color
│   ├── colorful
│   ├── deletenode_test
│   ├── dynamic
│   ├── dynamic.o
│   ├── int_string
│   ├── libncurses
│   │   ├── lcurses.txt
│   │   ├── test
│   │   ├── test.c
│   │   ├── test.c~
│   │   └── 无标题文档~
│   ├── 调试函数
│   │   ├── debug
│   │   ├── debug.c
│   │   ├── debug.h
│   │   ├── fact.c
│   │   ├── facttest
│   │   ├── generate_dot_so.txt
│   │   ├── libmy_debug.so
│   │   ├── main
│   │   ├── main.c
│   │   ├── mydebug
│   │   ├── my_debug.c
│   │   ├── my_debug.h
│   │   ├── my_debug.o
│   │   └── 调试.txt
│   ├── 格式.txt
│   ├── 计算机二级链表,递归,进制转换
│   │   ├── 进制转换
│   │   │   ├── 1
│   │   │   ├── 10进制数转任意进制.c
│   │   │   ├── 16进制转10进制.c
│   │   │   ├── 2
│   │   │   ├── 4
│   │   │   ├── 大数相加操作.c
│   │   │   └── 任意进制转10进制.c
│   │   ├── 链表
│   │   │   ├── 1
│   │   │   ├── 2
│   │   │   ├── dai
│   │   │   ├── delete
│   │   │   ├── find
│   │   │   ├── free
│   │   │   ├── 不带头结点的链表数据域倒置.c
│   │   │   ├── 插入新结点.c
│   │   │   ├── 查找数据域.c
│   │   │   ├── 带头结点的链表数据域倒置.c
│   │   │   ├── 结点数据域之和.c
│   │   │   ├── 链表找出最高分.c
│   │   │   ├── 删除数据域值相同的结点.c
│   │   │   ├── 升序排列数据域.c
│   │   │   └── 释放结点.c
│   │   ├── 排序
│   │   │   ├── 2
│   │   │   ├── 3
│   │   │   ├── kuai
│   │   │   ├── quicksort
│   │   │   ├── 插入排序法.c
│   │   │   ├── 快速排序.c
│   │   │   ├── 选择法排序.c
│   │   │   ├── 选择排序2.c
│   │   │   └── 选择排序.c
│   │   ├── 其他
│   │   │   ├── exchange
│   │   │   ├── minimal
│   │   │   ├── prime
│   │   │   ├── 按条件换位.c
│   │   │   ├── 输出质因子.c
│   │   │   └── 最小公倍数.c
│   │   └── 数组类
│   │       ├── 2
│   │       ├── 26个字母个数统计.c
│   │       ├── 3
│   │       ├── 4
│   │       ├── 5
│   │       ├── 6
│   │       ├── erweishuzu
│   │       ├── nixu
│   │       ├── string
│   │       ├── 二维数组.c
│   │       ├── 过滤一维数组中相同的数字.c
│   │       ├── 计算s所指的字符串中含有t的个数.c
│   │       ├── 平移一维数组.c
│   │       ├── 前移字母字符.c
│   │       ├── 使用指针将字符串逆序.c
│   │       ├── 数组中插入元素.c
│   │       ├── 替换字符串.c
│   │       ├── 用递归法实现逆序.c
│   │       ├── 找出最长字符串.c
│   │       └── 折半查找.c
│   ├── 文件判空
│   │   └── Linklist.c
│   └── 职工管理系统.txt
├── 删除做成版本
│   ├── addrdata.c
│   ├── addrdata.h
│   ├── addrlogic.c
│   ├── addrlogic.h
│   ├── addrmain.c
│   ├── addrui.c
│   ├── addrui.h
│   ├── Deletepersoninfo.txt
│   ├── thesis
│   ├── 职工管理系统.txt
│   └── 职工管理系统 (复件).txt
├── 无标题文档
└── 职工管理系统.txt

15 directories, 142 files
libo@libo-OptiPlex-990:~/Adress-management/thesis$ ls
addrdatabase  addrlogic.h       addrui.h                       logintable.txt  user_version_problem.txt        无标题文档
addrdata.c    addrmain.c        Deletepersoninfo.txt           project_demo    车牌号码前面的英文字母排序.doc  职工管理系统.txt
addrdata.h    addrtestdatabase  introduce.txt                  testdatabase    辅助测试函数
addrlogic.c   addrui.c          linux系统字体背景颜色说明.txt  thesis          删除做成版本
libo@libo-OptiPlex-990:~/Adress-management/thesis$ cd 辅助测试函数
libo@libo-OptiPlex-990:~/Adress-management/thesis/辅助测试函数$ ls
change_color  deletenode_test  dynamic.o   libncurses  格式.txt                      文件判空
colorful      dynamic          int_string  调试函数    计算机二级链表,递归,进制转换  职工管理系统.txt
libo@libo-OptiPlex-990:~/Adress-management/thesis/辅助测试函数$ tree
.
├── change_color
├── colorful
├── deletenode_test
├── dynamic
├── dynamic.o
├── int_string
├── libncurses
│   ├── lcurses.txt
│   ├── test
│   ├── test.c
│   ├── test.c~
│   └── 无标题文档~
├── 调试函数
│   ├── debug
│   ├── debug.c
│   ├── debug.h
│   ├── fact.c
│   ├── facttest
│   ├── generate_dot_so.txt
│   ├── libmy_debug.so
│   ├── main
│   ├── main.c
│   ├── mydebug
│   ├── my_debug.c
│   ├── my_debug.h
│   ├── my_debug.o
│   └── 调试.txt
├── 格式.txt
├── 计算机二级链表,递归,进制转换
│   ├── 进制转换
│   │   ├── 1
│   │   ├── 10进制数转任意进制.c
│   │   ├── 16进制转10进制.c
│   │   ├── 2
│   │   ├── 4
│   │   ├── 大数相加操作.c
│   │   └── 任意进制转10进制.c
│   ├── 链表
│   │   ├── 1
│   │   ├── 2
│   │   ├── dai
│   │   ├── delete
│   │   ├── find
│   │   ├── free
│   │   ├── 不带头结点的链表数据域倒置.c
│   │   ├── 插入新结点.c
│   │   ├── 查找数据域.c
│   │   ├── 带头结点的链表数据域倒置.c
│   │   ├── 结点数据域之和.c
│   │   ├── 链表找出最高分.c
│   │   ├── 删除数据域值相同的结点.c
│   │   ├── 升序排列数据域.c
│   │   └── 释放结点.c
│   ├── 排序
│   │   ├── 2
│   │   ├── 3
│   │   ├── kuai
│   │   ├── quicksort
│   │   ├── 插入排序法.c
│   │   ├── 快速排序.c
│   │   ├── 选择法排序.c
│   │   ├── 选择排序2.c
│   │   └── 选择排序.c
│   ├── 其他
│   │   ├── exchange
│   │   ├── minimal
│   │   ├── prime
│   │   ├── 按条件换位.c
│   │   ├── 输出质因子.c
│   │   └── 最小公倍数.c
│   └── 数组类
│       ├── 2
│       ├── 26个字母个数统计.c
│       ├── 3
│       ├── 4
│       ├── 5
│       ├── 6
│       ├── erweishuzu
│       ├── nixu
│       ├── string
│       ├── 二维数组.c
│       ├── 过滤一维数组中相同的数字.c
│       ├── 计算s所指的字符串中含有t的个数.c
│       ├── 平移一维数组.c
│       ├── 前移字母字符.c
│       ├── 使用指针将字符串逆序.c
│       ├── 数组中插入元素.c
│       ├── 替换字符串.c
│       ├── 用递归法实现逆序.c
│       ├── 找出最长字符串.c
│       └── 折半查找.c
├── 文件判空
│   └── Linklist.c
└── 职工管理系统.txt

9 directories, 85 files
libo@libo-OptiPlex-990:~/Adress-management/thesis/辅助测试函数$ ;s
bash: 未预期的符号 `;' 附近有语法错误
libo@libo-OptiPlex-990:~/Adress-management/thesis/辅助测试函数$ ;s
bash: 未预期的符号 `;' 附近有语法错误
libo@libo-OptiPlex-990:~/Adress-management/thesis/辅助测试函数$ ls
change_color  deletenode_test  dynamic.o   libncurses  格式.txt                      文件判空
colorful      dynamic          int_string  调试函数    计算机二级链表,递归,进制转换  职工管理系统.txt
libo@libo-OptiPlex-990:~/Adress-management/thesis/辅助测试函数$ cd libncurses
libo@libo-OptiPlex-990:~/Adress-management/thesis/辅助测试函数/libncurses$ ls
lcurses.txt  test  test.c  test.c~  无标题文档~
libo@libo-OptiPlex-990:~/Adress-management/thesis/辅助测试函数/libncurses$ rm *.*~ *~
rm: 无法删除"test.c~": 没有那个文件或目录
libo@libo-OptiPlex-990:~/Adress-management/thesis/辅助测试函数/libncurses$ ls
lcurses.txt  test  test.c
libo@libo-OptiPlex-990:~/Adress-management/thesis/辅助测试函数/libncurses$ tree
.
├── lcurses.txt
├── test
└── test.c

0 directories, 3 files
libo@libo-OptiPlex-990:~/Adress-management/thesis/辅助测试函数/libncurses$ cd ..
libo@libo-OptiPlex-990:~/Adress-management/thesis/辅助测试函数$ tree
.
├── change_color
├── colorful
├── deletenode_test
├── dynamic
├── dynamic.o
├── int_string
├── libncurses
│   ├── lcurses.txt
│   ├── test
│   └── test.c
├── 调试函数
│   ├── debug
│   ├── debug.c
│   ├── debug.h
│   ├── fact.c
│   ├── facttest
│   ├── generate_dot_so.txt
│   ├── libmy_debug.so
│   ├── main
│   ├── main.c
│   ├── mydebug
│   ├── my_debug.c
│   ├── my_debug.h
│   ├── my_debug.o
│   └── 调试.txt
├── 格式.txt
├── 计算机二级链表,递归,进制转换
│   ├── 进制转换
│   │   ├── 1
│   │   ├── 10进制数转任意进制.c
│   │   ├── 16进制转10进制.c
│   │   ├── 2
│   │   ├── 4
│   │   ├── 大数相加操作.c
│   │   └── 任意进制转10进制.c
│   ├── 链表
│   │   ├── 1
│   │   ├── 2
│   │   ├── dai
│   │   ├── delete
│   │   ├── find
│   │   ├── free
│   │   ├── 不带头结点的链表数据域倒置.c
│   │   ├── 插入新结点.c
│   │   ├── 查找数据域.c
│   │   ├── 带头结点的链表数据域倒置.c
│   │   ├── 结点数据域之和.c
│   │   ├── 链表找出最高分.c
│   │   ├── 删除数据域值相同的结点.c
│   │   ├── 升序排列数据域.c
│   │   └── 释放结点.c
│   ├── 排序
│   │   ├── 2
│   │   ├── 3
│   │   ├── kuai
│   │   ├── quicksort
│   │   ├── 插入排序法.c
│   │   ├── 快速排序.c
│   │   ├── 选择法排序.c
│   │   ├── 选择排序2.c
│   │   └── 选择排序.c
│   ├── 其他
│   │   ├── exchange
│   │   ├── minimal
│   │   ├── prime
│   │   ├── 按条件换位.c
│   │   ├── 输出质因子.c
│   │   └── 最小公倍数.c
│   └── 数组类
│       ├── 2
│       ├── 26个字母个数统计.c
│       ├── 3
│       ├── 4
│       ├── 5
│       ├── 6
│       ├── erweishuzu
│       ├── nixu
│       ├── string
│       ├── 二维数组.c
│       ├── 过滤一维数组中相同的数字.c
│       ├── 计算s所指的字符串中含有t的个数.c
│       ├── 平移一维数组.c
│       ├── 前移字母字符.c
│       ├── 使用指针将字符串逆序.c
│       ├── 数组中插入元素.c
│       ├── 替换字符串.c
│       ├── 用递归法实现逆序.c
│       ├── 找出最长字符串.c
│       └── 折半查找.c
├── 文件判空
│   └── Linklist.c
└── 职工管理系统.txt

9 directories, 83 files
libo@libo-OptiPlex-990:~/Adress-management/thesis/辅助测试函数$ cd ..
libo@libo-OptiPlex-990:~/Adress-management/thesis$ cd ..
libo@libo-OptiPlex-990:~/Adress-management$ git status
位于分支 master
您的分支与上游分支 'origin/master' 一致。

尚未暂存以备提交的变更：
  （使用 "git add/rm <file>..." 更新要提交的内容）
  （使用 "git checkout -- <file>..." 丢弃工作区的改动）

	删除:         thesis/addrdatabase/database.c~
	删除:         thesis/addrdatabase/database.h~
	删除:         thesis/addrtestdatabase/database.c~
	删除:         thesis/addrtestdatabase/database.h~
	删除:         thesis/project_demo/main.c~
	删除:         thesis/project_demo/make~
	删除:         "thesis/project_demo/\342\225\254\342\226\220\342\226\222\321\212\342\225\240\321\202\342\225\254\342\224\200\342\225\241\342\225\241~"
	删除:         "thesis/\345\210\240\351\231\244\345\201\232\346\210\220\347\211\210\346\234\254/\350\201\214\345\267\245\347\256\241\347\220\206\347\263\273\347\273\237.txt~"
	删除:         "thesis/\346\227\240\346\240\207\351\242\230\346\226\207\346\241\243~"
	删除:         "thesis/\350\276\205\345\212\251\346\265\213\350\257\225\345\207\275\346\225\260/libncurses/test.c~"
	删除:         "thesis/\350\276\205\345\212\251\346\265\213\350\257\225\345\207\275\346\225\260/libncurses/\346\227\240\346\240\207\351\242\230\346\226\207\346\241\243~"
	删除:         "thesis/\350\276\205\345\212\251\346\265\213\350\257\225\345\207\275\346\225\260/\350\256\241\347\256\227\346\234\272\344\272\214\347\272\247\351\223\276\350\241\250,\351\200\222\345\275\222,\350\277\233\345\210\266\350\275\254\346\215\242/10\350\277\233\345\210\266\346\225\260\350\275\254\344\273\273\346\204\217\350\277\233\345\210\266.c~"
	删除:         "thesis/\350\276\205\345\212\251\346\265\213\350\257\225\345\207\275\346\225\260/\350\256\241\347\256\227\346\234\272\344\272\214\347\272\247\351\223\276\350\241\250,\351\200\222\345\275\222,\350\277\233\345\210\266\350\275\254\346\215\242/16\350\277\233\345\210\266\350\275\25410\350\277\233\345\210\266.c~"
	删除:         "thesis/\350\276\205\345\212\251\346\265\213\350\257\225\345\207\275\346\225\260/\350\256\241\347\256\227\346\234\272\344\272\214\347\272\247\351\223\276\350\241\250,\351\200\222\345\275\222,\350\277\233\345\210\266\350\275\254\346\215\242/\345\205\266\344\273\226/\344\272\214\347\273\264\346\225\260\347\273\204.c~"
	删除:         "thesis/\350\276\205\345\212\251\346\265\213\350\257\225\345\207\275\346\225\260/\350\256\241\347\256\227\346\234\272\344\272\214\347\272\247\351\223\276\350\241\250,\351\200\222\345\275\222,\350\277\233\345\210\266\350\275\254\346\215\242/\345\205\266\344\273\226/\346\214\211\346\235\241\344\273\266\346\215\242\344\275\215.c~"
	删除:         "thesis/\350\276\205\345\212\251\346\265\213\350\257\225\345\207\275\346\225\260/\350\256\241\347\256\227\346\234\272\344\272\214\347\272\247\351\223\276\350\241\250,\351\200\222\345\275\222,\350\277\233\345\210\266\350\275\254\346\215\242/\345\205\266\344\273\226/\346\234\200\345\260\217\345\205\254\345\200\215\346\225\260.c~"
	删除:         "thesis/\350\276\205\345\212\251\346\265\213\350\257\225\345\207\275\346\225\260/\350\256\241\347\256\227\346\234\272\344\272\214\347\272\247\351\223\276\350\241\250,\351\200\222\345\275\222,\350\277\233\345\210\266\350\275\254\346\215\242/\345\205\266\344\273\226/\350\256\241\347\256\227s\346\211\200\346\214\207\347\232\204\345\255\227\347\254\246\344\270\262\344\270\255\345\220\253\346\234\211t\347\232\204\344\270\252\346\225\260.c~"
	删除:         "thesis/\350\276\205\345\212\251\346\265\213\350\257\225\345\207\275\346\225\260/\350\256\241\347\256\227\346\234\272\344\272\214\347\272\247\351\223\276\350\241\250,\351\200\222\345\275\222,\350\277\233\345\210\266\350\275\254\346\215\242/\345\205\266\344\273\226/\350\276\223\345\207\272\350\264\250\345\233\240\345\255\220.c~"
	删除:         "thesis/\350\276\205\345\212\251\346\265\213\350\257\225\345\207\275\346\225\260/\350\256\241\347\256\227\346\234\272\344\272\214\347\272\247\351\223\276\350\241\250,\351\200\222\345\275\222,\350\277\233\345\210\266\350\275\254\346\215\242/\345\210\240\351\231\244\346\225\260\346\215\256\345\237\237\345\200\274\347\233\270\345\220\214\347\232\204\347\273\223\347\202\271.c~"
	删除:         "thesis/\350\276\205\345\212\251\346\265\213\350\257\225\345\207\275\346\225\260/\350\256\241\347\256\227\346\234\272\344\272\214\347\272\247\351\223\276\350\241\250,\351\200\222\345\275\222,\350\277\233\345\210\266\350\275\254\346\215\242/\346\211\276\345\207\272\346\234\200\351\225\277\345\255\227\347\254\246\344\270\262.c~"
	删除:         "thesis/\350\276\205\345\212\251\346\265\213\350\257\225\345\207\275\346\225\260/\350\256\241\347\256\227\346\234\272\344\272\214\347\272\247\351\223\276\350\241\250,\351\200\222\345\275\222,\350\277\233\345\210\266\350\275\254\346\215\242/\346\212\230\345\215\212\346\237\245\346\211\276.c~"
	删除:         "thesis/\350\276\205\345\212\251\346\265\213\350\257\225\345\207\275\346\225\260/\350\256\241\347\256\227\346\234\272\344\272\214\347\272\247\351\223\276\350\241\250,\351\200\222\345\275\222,\350\277\233\345\210\266\350\275\254\346\215\242/\346\216\222\345\272\217/\345\277\253\351\200\237\346\216\222\345\272\217.c~"
	删除:         "thesis/\350\276\205\345\212\251\346\265\213\350\257\225\345\207\275\346\225\260/\350\256\241\347\256\227\346\234\272\344\272\214\347\272\247\351\223\276\350\241\250,\351\200\222\345\275\222,\350\277\233\345\210\266\350\275\254\346\215\242/\346\216\222\345\272\217/\351\200\211\346\213\251\346\216\222\345\272\2172.c~"
	删除:         "thesis/\350\276\205\345\212\251\346\265\213\350\257\225\345\207\275\346\225\260/\350\256\241\347\256\227\346\234\272\344\272\214\347\272\247\351\223\276\350\241\250,\351\200\222\345\275\222,\350\277\233\345\210\266\350\275\254\346\215\242/\346\216\222\345\272\217/\351\200\211\346\213\251\346\263\225\346\216\222\345\272\217.c~"
	删除:         "thesis/\350\276\205\345\212\251\346\265\213\350\257\225\345\207\275\346\225\260/\350\256\241\347\256\227\346\234\272\344\272\214\347\272\247\351\223\276\350\241\250,\351\200\222\345\275\222,\350\277\233\345\210\266\350\275\254\346\215\242/\346\217\222\345\205\245\346\216\222\345\272\217\346\263\225.c~"
	删除:         "thesis/\350\276\205\345\212\251\346\265\213\350\257\225\345\207\275\346\225\260/\350\256\241\347\256\227\346\234\272\344\272\214\347\272\247\351\223\276\350\241\250,\351\200\222\345\275\222,\350\277\233\345\210\266\350\275\254\346\215\242/\346\217\222\345\205\245\346\226\260\347\273\223\347\202\271.c~"
	删除:         "thesis/\350\276\205\345\212\251\346\265\213\350\257\225\345\207\275\346\225\260/\350\256\241\347\256\227\346\234\272\344\272\214\347\272\247\351\223\276\350\241\250,\351\200\222\345\275\222,\350\277\233\345\210\266\350\275\254\346\215\242/\346\225\260\347\273\204\344\270\255\346\217\222\345\205\245\345\205\203\347\264\240.c~"
	删除:         "thesis/\350\276\205\345\212\251\346\265\213\350\257\225\345\207\275\346\225\260/\350\256\241\347\256\227\346\234\272\344\272\214\347\272\247\351\223\276\350\241\250,\351\200\222\345\275\222,\350\277\233\345\210\266\350\275\254\346\215\242/\346\225\260\347\273\204\347\261\273/\344\275\277\347\224\250\346\214\207\351\222\210\345\260\206\345\255\227\347\254\246\344\270\262\351\200\206\345\272\217.c~"
	删除:         "thesis/\350\276\205\345\212\251\346\265\213\350\257\225\345\207\275\346\225\260/\350\256\241\347\256\227\346\234\272\344\272\214\347\272\247\351\223\276\350\241\250,\351\200\222\345\275\222,\350\277\233\345\210\266\350\275\254\346\215\242/\346\225\260\347\273\204\347\261\273/\345\211\215\347\247\273\345\255\227\346\257\215\345\255\227\347\254\246.c~"
	删除:         "thesis/\350\276\205\345\212\251\346\265\213\350\257\225\345\207\275\346\225\260/\350\256\241\347\256\227\346\234\272\344\272\214\347\272\247\351\223\276\350\241\250,\351\200\222\345\275\222,\350\277\233\345\210\266\350\275\254\346\215\242/\346\225\260\347\273\204\347\261\273/\345\271\263\347\247\273\344\270\200\347\273\264\346\225\260\347\273\204.c~"
	删除:         "thesis/\350\276\205\345\212\251\346\265\213\350\257\225\345\207\275\346\225\260/\350\256\241\347\256\227\346\234\272\344\272\214\347\272\247\351\223\276\350\241\250,\351\200\222\345\275\222,\350\277\233\345\210\266\350\275\254\346\215\242/\346\225\260\347\273\204\347\261\273/\346\233\277\346\215\242\345\255\227\347\254\246\344\270\262.c~"
	删除:         "thesis/\350\276\205\345\212\251\346\265\213\350\257\225\345\207\275\346\225\260/\350\256\241\347\256\227\346\234\272\344\272\214\347\272\247\351\223\276\350\241\250,\351\200\222\345\275\222,\350\277\233\345\210\266\350\275\254\346\215\242/\346\225\260\347\273\204\347\261\273/\350\256\241\347\256\227s\346\211\200\346\214\207\347\232\204\345\255\227\347\254\246\344\270\262\344\270\255\345\220\253\346\234\211t\347\232\204\344\270\252\346\225\260.c~"
	删除:         "thesis/\350\276\205\345\212\251\346\265\213\350\257\225\345\207\275\346\225\260/\350\256\241\347\256\227\346\234\272\344\272\214\347\272\247\351\223\276\350\241\250,\351\200\222\345\275\222,\350\277\233\345\210\266\350\275\254\346\215\242/\346\225\260\347\273\204\347\261\273/\350\277\207\346\273\244\344\270\200\347\273\264\346\225\260\347\273\204\344\270\255\347\233\270\345\220\214\347\232\204\346\225\260\345\255\227.c~"
	删除:         "thesis/\350\276\205\345\212\251\346\265\213\350\257\225\345\207\275\346\225\260/\350\256\241\347\256\227\346\234\272\344\272\214\347\272\247\351\223\276\350\241\250,\351\200\222\345\275\222,\350\277\233\345\210\266\350\275\254\346\215\242/\347\224\250\351\200\222\345\275\222\346\263\225\345\256\236\347\216\260\351\200\206\345\272\217.c~"
	删除:         "thesis/\350\276\205\345\212\251\346\265\213\350\257\225\345\207\275\346\225\260/\350\256\241\347\256\227\346\234\272\344\272\214\347\272\247\351\223\276\350\241\250,\351\200\222\345\275\222,\350\277\233\345\210\266\350\275\254\346\215\242/\347\273\223\347\202\271\346\225\260\346\215\256\345\237\237\344\271\213\345\222\214.c~"
	删除:         "thesis/\350\276\205\345\212\251\346\265\213\350\257\225\345\207\275\346\225\260/\350\256\241\347\256\227\346\234\272\344\272\214\347\272\247\351\223\276\350\241\250,\351\200\222\345\275\222,\350\277\233\345\210\266\350\275\254\346\215\242/\350\277\233\345\210\266\350\275\254\346\215\242.c~"
	删除:         "thesis/\350\276\205\345\212\251\346\265\213\350\257\225\345\207\275\346\225\260/\350\256\241\347\256\227\346\234\272\344\272\214\347\272\247\351\223\276\350\241\250,\351\200\222\345\275\222,\350\277\233\345\210\266\350\275\254\346\215\242/\350\277\233\345\210\266\350\275\254\346\215\242/16\350\277\233\345\210\266\350\275\25410\350\277\233\345\210\266.c~"
	删除:         "thesis/\350\276\205\345\212\251\346\265\213\350\257\225\345\207\275\346\225\260/\350\256\241\347\256\227\346\234\272\344\272\214\347\272\247\351\223\276\350\241\250,\351\200\222\345\275\222,\350\277\233\345\210\266\350\275\254\346\215\242/\350\277\233\345\210\266\350\275\254\346\215\242/\345\244\247\346\225\260\347\233\270\345\212\240\346\223\215\344\275\234.c~"
	删除:         "thesis/\350\276\205\345\212\251\346\265\213\350\257\225\345\207\275\346\225\260/\350\256\241\347\256\227\346\234\272\344\272\214\347\272\247\351\223\276\350\241\250,\351\200\222\345\275\222,\350\277\233\345\210\266\350\275\254\346\215\242/\350\277\233\345\210\266\350\275\254\346\215\242/\347\233\270\345\212\240\346\223\215\344\275\234.c~"
	删除:         "thesis/\350\276\205\345\212\251\346\265\213\350\257\225\345\207\275\346\225\260/\350\256\241\347\256\227\346\234\272\344\272\214\347\272\247\351\223\276\350\241\250,\351\200\222\345\275\222,\350\277\233\345\210\266\350\275\254\346\215\242/\351\200\211\346\213\251\346\263\225\346\216\222\345\272\217.c~"
	删除:         "thesis/\350\276\205\345\212\251\346\265\213\350\257\225\345\207\275\346\225\260/\350\256\241\347\256\227\346\234\272\344\272\214\347\272\247\351\223\276\350\241\250,\351\200\222\345\275\222,\350\277\233\345\210\266\350\275\254\346\215\242/\351\207\212\346\224\276\347\273\223\347\202\271.c~"
	删除:         "thesis/\350\276\205\345\212\251\346\265\213\350\257\225\345\207\275\346\225\260/\350\256\241\347\256\227\346\234\272\344\272\214\347\272\247\351\223\276\350\241\250,\351\200\222\345\275\222,\350\277\233\345\210\266\350\275\254\346\215\242/\351\223\276\350\241\250/\345\215\207\345\272\217\346\216\222\345\210\227\346\225\260\346\215\256\345\237\237.c~"
	删除:         "thesis/\350\276\205\345\212\251\346\265\213\350\257\225\345\207\275\346\225\260/\350\256\241\347\256\227\346\234\272\344\272\214\347\272\247\351\223\276\350\241\250,\351\200\222\345\275\222,\350\277\233\345\210\266\350\275\254\346\215\242/\351\223\276\350\241\250/\345\270\246\345\244\264\347\273\223\347\202\271\347\232\204\351\223\276\350\241\250\346\225\260\346\215\256\345\237\237\345\200\222\347\275\256.c~"
	删除:         "thesis/\350\276\205\345\212\251\346\265\213\350\257\225\345\207\275\346\225\260/\350\256\241\347\256\227\346\234\272\344\272\214\347\272\247\351\223\276\350\241\250,\351\200\222\345\275\222,\350\277\233\345\210\266\350\275\254\346\215\242/\351\223\276\350\241\250/\346\227\240\346\240\207\351\242\230\346\226\207\346\241\243~"
	删除:         "thesis/\350\276\205\345\212\251\346\265\213\350\257\225\345\207\275\346\225\260/\350\256\241\347\256\227\346\234\272\344\272\214\347\272\247\351\223\276\350\241\250,\351\200\222\345\275\222,\350\277\233\345\210\266\350\275\254\346\215\242/\351\223\276\350\241\250/\346\237\245\346\211\276\346\225\260\346\215\256\345\237\237.c~"
	删除:         "thesis/\350\276\205\345\212\251\346\265\213\350\257\225\345\207\275\346\225\260/\350\256\241\347\256\227\346\234\272\344\272\214\347\272\247\351\223\276\350\241\250,\351\200\222\345\275\222,\350\277\233\345\210\266\350\275\254\346\215\242/\351\223\276\350\241\250/\351\207\212\346\224\276\347\273\223\347\202\271.c~"
	删除:         "thesis/\350\276\205\345\212\251\346\265\213\350\257\225\345\207\275\346\225\260/\350\256\241\347\256\227\346\234\272\344\272\214\347\272\247\351\223\276\350\241\250,\351\200\222\345\275\222,\350\277\233\345\210\266\350\275\254\346\215\242/\351\223\276\350\241\250/\351\223\276\350\241\250\346\225\260\346\215\256\345\237\237\345\200\222\347\275\256.c~"
	删除:         "thesis/\350\276\205\345\212\251\346\265\213\350\257\225\345\207\275\346\225\260/\350\256\241\347\256\227\346\234\272\344\272\214\347\272\247\351\223\276\350\241\250,\351\200\222\345\275\222,\350\277\233\345\210\266\350\275\254\346\215\242/\351\223\276\350\241\250\346\211\276\345\207\272\346\234\200\351\253\230\345\210\206.c~"
	删除:         "thesis/\350\276\205\345\212\251\346\265\213\350\257\225\345\207\275\346\225\260/\350\260\203\350\257\225\345\207\275\346\225\260/generate_dot_so.txt~"

修改尚未加入提交（使用 "git add" 和/或 "git commit -a"）
libo@libo-OptiPlex-990:~/Adress-management$ git add *
warning: 您在运行 'git add' 时没有指定 '-A (--all)' 或 '--ignore-removal'，
针对其中本地移除路径的行为将在 Git 2.0 版本库发生变化。
像本地工作区移除的路径 'thesis/addrdatabase/database.c~'
在此版本的 Git 中被忽略。

* 'git add --ignore-removal <路径规则>'，是当前版本的默认操作，
  忽略您本地工作区中移除的文件。

* 'git add --all <路径规则>' 将让您同时对删除操作进行记录。

运行 'git status' 来检查您本地工作区中移除的路径。

libo@libo-OptiPlex-990:~/Adress-management$ git add .
warning: 您在运行 'git add' 时没有指定 '-A (--all)' 或 '--ignore-removal'，
针对其中本地移除路径的行为将在 Git 2.0 版本库发生变化。
像本地工作区移除的路径 'thesis/addrdatabase/database.c~'
在此版本的 Git 中被忽略。

* 'git add --ignore-removal <路径规则>'，是当前版本的默认操作，
  忽略您本地工作区中移除的文件。

* 'git add --all <路径规则>' 将让您同时对删除操作进行记录。

运行 'git status' 来检查您本地工作区中移除的路径。

libo@libo-OptiPlex-990:~/Adress-management$ git commit -am 'del unessary file'
[master b96eca2] del unessary file
 49 files changed, 3840 deletions(-)
 delete mode 100644 thesis/addrdatabase/database.c~
 delete mode 100644 thesis/addrdatabase/database.h~
 delete mode 100644 thesis/addrtestdatabase/database.c~
 delete mode 100644 thesis/addrtestdatabase/database.h~
 delete mode 100644 thesis/project_demo/main.c~
 delete mode 100644 thesis/project_demo/make~
 delete mode 100644 "thesis/project_demo/\342\225\254\342\226\220\342\226\222\321\212\342\225\240\321\202\342\225\254\342\224\200\342\225\241\342\225\241~"
 delete mode 100644 "thesis/\345\210\240\351\231\244\345\201\232\346\210\220\347\211\210\346\234\254/\350\201\214\345\267\245\347\256\241\347\220\206\347\263\273\347\273\237.txt~"
 delete mode 100644 "thesis/\346\227\240\346\240\207\351\242\230\346\226\207\346\241\243~"
 delete mode 100644 "thesis/\350\276\205\345\212\251\346\265\213\350\257\225\345\207\275\346\225\260/libncurses/test.c~"
 delete mode 100644 "thesis/\350\276\205\345\212\251\346\265\213\350\257\225\345\207\275\346\225\260/libncurses/\346\227\240\346\240\207\351\242\230\346\226\207\346\241\243~"
 delete mode 100644 "thesis/\350\276\205\345\212\251\346\265\213\350\257\225\345\207\275\346\225\260/\350\256\241\347\256\227\346\234\272\344\272\214\347\272\247\351\223\276\350\241\250,\351\200\222\345\275\222,\350\277\233\345\210\266\350\275\254\346\215\242/10\350\277\233\345\210\266\346\225\260\350\275\254\344\273\273\346\204\217\350\277\233\345\210\266.c~"
 delete mode 100644 "thesis/\350\276\205\345\212\251\346\265\213\350\257\225\345\207\275\346\225\260/\350\256\241\347\256\227\346\234\272\344\272\214\347\272\247\351\223\276\350\241\250,\351\200\222\345\275\222,\350\277\233\345\210\266\350\275\254\346\215\242/16\350\277\233\345\210\266\350\275\25410\350\277\233\345\210\266.c~"
 delete mode 100644 "thesis/\350\276\205\345\212\251\346\265\213\350\257\225\345\207\275\346\225\260/\350\256\241\347\256\227\346\234\272\344\272\214\347\272\247\351\223\276\350\241\250,\351\200\222\345\275\222,\350\277\233\345\210\266\350\275\254\346\215\242/\345\205\266\344\273\226/\344\272\214\347\273\264\346\225\260\347\273\204.c~"
 delete mode 100644 "thesis/\350\276\205\345\212\251\346\265\213\350\257\225\345\207\275\346\225\260/\350\256\241\347\256\227\346\234\272\344\272\214\347\272\247\351\223\276\350\241\250,\351\200\222\345\275\222,\350\277\233\345\210\266\350\275\254\346\215\242/\345\205\266\344\273\226/\346\214\211\346\235\241\344\273\266\346\215\242\344\275\215.c~"
 delete mode 100644 "thesis/\350\276\205\345\212\251\346\265\213\350\257\225\345\207\275\346\225\260/\350\256\241\347\256\227\346\234\272\344\272\214\347\272\247\351\223\276\350\241\250,\351\200\222\345\275\222,\350\277\233\345\210\266\350\275\254\346\215\242/\345\205\266\344\273\226/\346\234\200\345\260\217\345\205\254\345\200\215\346\225\260.c~"
 delete mode 100644 "thesis/\350\276\205\345\212\251\346\265\213\350\257\225\345\207\275\346\225\260/\350\256\241\347\256\227\346\234\272\344\272\214\347\272\247\351\223\276\350\241\250,\351\200\222\345\275\222,\350\277\233\345\210\266\350\275\254\346\215\242/\345\205\266\344\273\226/\350\256\241\347\256\227s\346\211\200\346\214\207\347\232\204\345\255\227\347\254\246\344\270\262\344\270\255\345\220\253\346\234\211t\347\232\204\344\270\252\346\225\260.c~"
 delete mode 100644 "thesis/\350\276\205\345\212\251\346\265\213\350\257\225\345\207\275\346\225\260/\350\256\241\347\256\227\346\234\272\344\272\214\347\272\247\351\223\276\350\241\250,\351\200\222\345\275\222,\350\277\233\345\210\266\350\275\254\346\215\242/\345\205\266\344\273\226/\350\276\223\345\207\272\350\264\250\345\233\240\345\255\220.c~"
 delete mode 100644 "thesis/\350\276\205\345\212\251\346\265\213\350\257\225\345\207\275\346\225\260/\350\256\241\347\256\227\346\234\272\344\272\214\347\272\247\351\223\276\350\241\250,\351\200\222\345\275\222,\350\277\233\345\210\266\350\275\254\346\215\242/\345\210\240\351\231\244\346\225\260\346\215\256\345\237\237\345\200\274\347\233\270\345\220\214\347\232\204\347\273\223\347\202\271.c~"
 delete mode 100644 "thesis/\350\276\205\345\212\251\346\265\213\350\257\225\345\207\275\346\225\260/\350\256\241\347\256\227\346\234\272\344\272\214\347\272\247\351\223\276\350\241\250,\351\200\222\345\275\222,\350\277\233\345\210\266\350\275\254\346\215\242/\346\211\276\345\207\272\346\234\200\351\225\277\345\255\227\347\254\246\344\270\262.c~"
 delete mode 100644 "thesis/\350\276\205\345\212\251\346\265\213\350\257\225\345\207\275\346\225\260/\350\256\241\347\256\227\346\234\272\344\272\214\347\272\247\351\223\276\350\241\250,\351\200\222\345\275\222,\350\277\233\345\210\266\350\275\254\346\215\242/\346\212\230\345\215\212\346\237\245\346\211\276.c~"
 delete mode 100644 "thesis/\350\276\205\345\212\251\346\265\213\350\257\225\345\207\275\346\225\260/\350\256\241\347\256\227\346\234\272\344\272\214\347\272\247\351\223\276\350\241\250,\351\200\222\345\275\222,\350\277\233\345\210\266\350\275\254\346\215\242/\346\216\222\345\272\217/\345\277\253\351\200\237\346\216\222\345\272\217.c~"
 delete mode 100644 "thesis/\350\276\205\345\212\251\346\265\213\350\257\225\345\207\275\346\225\260/\350\256\241\347\256\227\346\234\272\344\272\214\347\272\247\351\223\276\350\241\250,\351\200\222\345\275\222,\350\277\233\345\210\266\350\275\254\346\215\242/\346\216\222\345\272\217/\351\200\211\346\213\251\346\216\222\345\272\2172.c~"
 delete mode 100644 "thesis/\350\276\205\345\212\251\346\265\213\350\257\225\345\207\275\346\225\260/\350\256\241\347\256\227\346\234\272\344\272\214\347\272\247\351\223\276\350\241\250,\351\200\222\345\275\222,\350\277\233\345\210\266\350\275\254\346\215\242/\346\216\222\345\272\217/\351\200\211\346\213\251\346\263\225\346\216\222\345\272\217.c~"
 delete mode 100644 "thesis/\350\276\205\345\212\251\346\265\213\350\257\225\345\207\275\346\225\260/\350\256\241\347\256\227\346\234\272\344\272\214\347\272\247\351\223\276\350\241\250,\351\200\222\345\275\222,\350\277\233\345\210\266\350\275\254\346\215\242/\346\217\222\345\205\245\346\216\222\345\272\217\346\263\225.c~"
 delete mode 100644 "thesis/\350\276\205\345\212\251\346\265\213\350\257\225\345\207\275\346\225\260/\350\256\241\347\256\227\346\234\272\344\272\214\347\272\247\351\223\276\350\241\250,\351\200\222\345\275\222,\350\277\233\345\210\266\350\275\254\346\215\242/\346\217\222\345\205\245\346\226\260\347\273\223\347\202\271.c~"
 delete mode 100644 "thesis/\350\276\205\345\212\251\346\265\213\350\257\225\345\207\275\346\225\260/\350\256\241\347\256\227\346\234\272\344\272\214\347\272\247\351\223\276\350\241\250,\351\200\222\345\275\222,\350\277\233\345\210\266\350\275\254\346\215\242/\346\225\260\347\273\204\344\270\255\346\217\222\345\205\245\345\205\203\347\264\240.c~"
 delete mode 100644 "thesis/\350\276\205\345\212\251\346\265\213\350\257\225\345\207\275\346\225\260/\350\256\241\347\256\227\346\234\272\344\272\214\347\272\247\351\223\276\350\241\250,\351\200\222\345\275\222,\350\277\233\345\210\266\350\275\254\346\215\242/\346\225\260\347\273\204\347\261\273/\344\275\277\347\224\250\346\214\207\351\222\210\345\260\206\345\255\227\347\254\246\344\270\262\351\200\206\345\272\217.c~"
 delete mode 100644 "thesis/\350\276\205\345\212\251\346\265\213\350\257\225\345\207\275\346\225\260/\350\256\241\347\256\227\346\234\272\344\272\214\347\272\247\351\223\276\350\241\250,\351\200\222\345\275\222,\350\277\233\345\210\266\350\275\254\346\215\242/\346\225\260\347\273\204\347\261\273/\345\211\215\347\247\273\345\255\227\346\257\215\345\255\227\347\254\246.c~"
 delete mode 100644 "thesis/\350\276\205\345\212\251\346\265\213\350\257\225\345\207\275\346\225\260/\350\256\241\347\256\227\346\234\272\344\272\214\347\272\247\351\223\276\350\241\250,\351\200\222\345\275\222,\350\277\233\345\210\266\350\275\254\346\215\242/\346\225\260\347\273\204\347\261\273/\345\271\263\347\247\273\344\270\200\347\273\264\346\225\260\347\273\204.c~"
 delete mode 100644 "thesis/\350\276\205\345\212\251\346\265\213\350\257\225\345\207\275\346\225\260/\350\256\241\347\256\227\346\234\272\344\272\214\347\272\247\351\223\276\350\241\250,\351\200\222\345\275\222,\350\277\233\345\210\266\350\275\254\346\215\242/\346\225\260\347\273\204\347\261\273/\346\233\277\346\215\242\345\255\227\347\254\246\344\270\262.c~"
 delete mode 100644 "thesis/\350\276\205\345\212\251\346\265\213\350\257\225\345\207\275\346\225\260/\350\256\241\347\256\227\346\234\272\344\272\214\347\272\247\351\223\276\350\241\250,\351\200\222\345\275\222,\350\277\233\345\210\266\350\275\254\346\215\242/\346\225\260\347\273\204\347\261\273/\350\256\241\347\256\227s\346\211\200\346\214\207\347\232\204\345\255\227\347\254\246\344\270\262\344\270\255\345\220\253\346\234\211t\347\232\204\344\270\252\346\225\260.c~"
 delete mode 100644 "thesis/\350\276\205\345\212\251\346\265\213\350\257\225\345\207\275\346\225\260/\350\256\241\347\256\227\346\234\272\344\272\214\347\272\247\351\223\276\350\241\250,\351\200\222\345\275\222,\350\277\233\345\210\266\350\275\254\346\215\242/\346\225\260\347\273\204\347\261\273/\350\277\207\346\273\244\344\270\200\347\273\264\346\225\260\347\273\204\344\270\255\347\233\270\345\220\214\347\232\204\346\225\260\345\255\227.c~"
 delete mode 100644 "thesis/\350\276\205\345\212\251\346\265\213\350\257\225\345\207\275\346\225\260/\350\256\241\347\256\227\346\234\272\344\272\214\347\272\247\351\223\276\350\241\250,\351\200\222\345\275\222,\350\277\233\345\210\266\350\275\254\346\215\242/\347\224\250\351\200\222\345\275\222\346\263\225\345\256\236\347\216\260\351\200\206\345\272\217.c~"
 delete mode 100644 "thesis/\350\276\205\345\212\251\346\265\213\350\257\225\345\207\275\346\225\260/\350\256\241\347\256\227\346\234\272\344\272\214\347\272\247\351\223\276\350\241\250,\351\200\222\345\275\222,\350\277\233\345\210\266\350\275\254\346\215\242/\347\273\223\347\202\271\346\225\260\346\215\256\345\237\237\344\271\213\345\222\214.c~"
 delete mode 100644 "thesis/\350\276\205\345\212\251\346\265\213\350\257\225\345\207\275\346\225\260/\350\256\241\347\256\227\346\234\272\344\272\214\347\272\247\351\223\276\350\241\250,\351\200\222\345\275\222,\350\277\233\345\210\266\350\275\254\346\215\242/\350\277\233\345\210\266\350\275\254\346\215\242.c~"
 delete mode 100644 "thesis/\350\276\205\345\212\251\346\265\213\350\257\225\345\207\275\346\225\260/\350\256\241\347\256\227\346\234\272\344\272\214\347\272\247\351\223\276\350\241\250,\351\200\222\345\275\222,\350\277\233\345\210\266\350\275\254\346\215\242/\350\277\233\345\210\266\350\275\254\346\215\242/16\350\277\233\345\210\266\350\275\25410\350\277\233\345\210\266.c~"
 delete mode 100644 "thesis/\350\276\205\345\212\251\346\265\213\350\257\225\345\207\275\346\225\260/\350\256\241\347\256\227\346\234\272\344\272\214\347\272\247\351\223\276\350\241\250,\351\200\222\345\275\222,\350\277\233\345\210\266\350\275\254\346\215\242/\350\277\233\345\210\266\350\275\254\346\215\242/\345\244\247\346\225\260\347\233\270\345\212\240\346\223\215\344\275\234.c~"
 delete mode 100644 "thesis/\350\276\205\345\212\251\346\265\213\350\257\225\345\207\275\346\225\260/\350\256\241\347\256\227\346\234\272\344\272\214\347\272\247\351\223\276\350\241\250,\351\200\222\345\275\222,\350\277\233\345\210\266\350\275\254\346\215\242/\350\277\233\345\210\266\350\275\254\346\215\242/\347\233\270\345\212\240\346\223\215\344\275\234.c~"
 delete mode 100644 "thesis/\350\276\205\345\212\251\346\265\213\350\257\225\345\207\275\346\225\260/\350\256\241\347\256\227\346\234\272\344\272\214\347\272\247\351\223\276\350\241\250,\351\200\222\345\275\222,\350\277\233\345\210\266\350\275\254\346\215\242/\351\200\211\346\213\251\346\263\225\346\216\222\345\272\217.c~"
 delete mode 100644 "thesis/\350\276\205\345\212\251\346\265\213\350\257\225\345\207\275\346\225\260/\350\256\241\347\256\227\346\234\272\344\272\214\347\272\247\351\223\276\350\241\250,\351\200\222\345\275\222,\350\277\233\345\210\266\350\275\254\346\215\242/\351\207\212\346\224\276\347\273\223\347\202\271.c~"
 delete mode 100644 "thesis/\350\276\205\345\212\251\346\265\213\350\257\225\345\207\275\346\225\260/\350\256\241\347\256\227\346\234\272\344\272\214\347\272\247\351\223\276\350\241\250,\351\200\222\345\275\222,\350\277\233\345\210\266\350\275\254\346\215\242/\351\223\276\350\241\250/\345\215\207\345\272\217\346\216\222\345\210\227\346\225\260\346\215\256\345\237\237.c~"
 delete mode 100644 "thesis/\350\276\205\345\212\251\346\265\213\350\257\225\345\207\275\346\225\260/\350\256\241\347\256\227\346\234\272\344\272\214\347\272\247\351\223\276\350\241\250,\351\200\222\345\275\222,\350\277\233\345\210\266\350\275\254\346\215\242/\351\223\276\350\241\250/\345\270\246\345\244\264\347\273\223\347\202\271\347\232\204\351\223\276\350\241\250\346\225\260\346\215\256\345\237\237\345\200\222\347\275\256.c~"
 delete mode 100644 "thesis/\350\276\205\345\212\251\346\265\213\350\257\225\345\207\275\346\225\260/\350\256\241\347\256\227\346\234\272\344\272\214\347\272\247\351\223\276\350\241\250,\351\200\222\345\275\222,\350\277\233\345\210\266\350\275\254\346\215\242/\351\223\276\350\241\250/\346\227\240\346\240\207\351\242\230\346\226\207\346\241\243~"
 delete mode 100644 "thesis/\350\276\205\345\212\251\346\265\213\350\257\225\345\207\275\346\225\260/\350\256\241\347\256\227\346\234\272\344\272\214\347\272\247\351\223\276\350\241\250,\351\200\222\345\275\222,\350\277\233\345\210\266\350\275\254\346\215\242/\351\223\276\350\241\250/\346\237\245\346\211\276\346\225\260\346\215\256\345\237\237.c~"
 delete mode 100644 "thesis/\350\276\205\345\212\251\346\265\213\350\257\225\345\207\275\346\225\260/\350\256\241\347\256\227\346\234\272\344\272\214\347\272\247\351\223\276\350\241\250,\351\200\222\345\275\222,\350\277\233\345\210\266\350\275\254\346\215\242/\351\223\276\350\241\250/\351\207\212\346\224\276\347\273\223\347\202\271.c~"
 delete mode 100644 "thesis/\350\276\205\345\212\251\346\265\213\350\257\225\345\207\275\346\225\260/\350\256\241\347\256\227\346\234\272\344\272\214\347\272\247\351\223\276\350\241\250,\351\200\222\345\275\222,\350\277\233\345\210\266\350\275\254\346\215\242/\351\223\276\350\241\250/\351\223\276\350\241\250\346\225\260\346\215\256\345\237\237\345\200\222\347\275\256.c~"
 delete mode 100644 "thesis/\350\276\205\345\212\251\346\265\213\350\257\225\345\207\275\346\225\260/\350\256\241\347\256\227\346\234\272\344\272\214\347\272\247\351\223\276\350\241\250,\351\200\222\345\275\222,\350\277\233\345\210\266\350\275\254\346\215\242/\351\223\276\350\241\250\346\211\276\345\207\272\346\234\200\351\253\230\345\210\206.c~"
 delete mode 100644 "thesis/\350\276\205\345\212\251\346\265\213\350\257\225\345\207\275\346\225\260/\350\260\203\350\257\225\345\207\275\346\225\260/generate_dot_so.txt~"
libo@libo-OptiPlex-990:~/Adress-management$ git push
Warning: Permanently added the RSA host key for IP address '192.30.252.128' to the list of known hosts.
Counting objects: 31, done.
Delta compression using up to 4 threads.
Compressing objects: 100% (15/15), done.
Writing objects: 100% (16/16), 1.17 KiB | 0 bytes/s, done.
Total 16 (delta 13), reused 0 (delta 0)
To git@github.com:lb2616/Adress-management.git
   474c187..b96eca2  master -> master
libo@libo-OptiPlex-990:~/Adress-management$ git pull
Warning: Permanently added the RSA host key for IP address '192.30.252.129' to the list of known hosts.
Already up-to-date.
libo@libo-OptiPlex-990:~/Adress-management$ 

